10-05 15:34:15.159   783   982 D gralloc : [mali_gralloc_allocate] begin
10-05 15:34:15.159  1763  1865 I ViewRootImpl@ab31e55[NavigationBar0]: Received frameDrawingCallback syncResult=0 frameNum=2137.
10-05 15:34:15.159   783   982 D gralloc : buffer_descriptor: wh(1080 144) usage_pc(0x40000000000b00 0x40000000000b00) hal_format(0x1) layer_count(1) sizes(0 0 0) strde(0) byte_stride(0) alloc_wh(0 0) internal_format(0x0) alloc_format(0x0) fd_count(1) plane_count(0)
10-05 15:34:15.159  1763  1865 I ViewRootImpl@ab31e55[NavigationBar0]: Setting up sync and frameCommitCallback
10-05 15:34:15.160  1763  1865 I BLASTBufferQueue: syncNextTransaction, mName= ViewRootImpl@ab31e55[NavigationBar0] acquireSingleBuffer= true mNativeObject= 0x7bdaf93ad0 callback= android.view.ViewRootImpl$12$$ExternalSyntheticLambda0@93e370d caller= android.graphics.BLASTBufferQueue.syncNextTransaction:147 android.view.ViewRootImpl$12.onFrameDraw:13385 android.view.ThreadedRenderer$1.onFrameDraw:801 <bottom of call stack> <bottom of call stack> <bottom of call stack> 
10-05 15:34:15.160   783   982 D gralloc : [mali_gralloc_allocate] allocation successful
10-05 15:34:15.160  1763  1865 I BLASTBufferQueue: [ViewRootImpl@ab31e55[NavigationBar0]#2](f:0,a:1) syncNextTransaction callback: 1, acquireSingleBuffer: 1, mTransactionReadyCallback: 0
10-05 15:34:15.162  1763  1837 I BLASTBufferQueue: [ViewRootImpl@ab31e55[NavigationBar0]#2](f:0,a:1) onFrameAvailable-start syncTransactionSet=true
10-05 15:34:15.162  1763  1837 I BLASTBufferQueue: [ViewRootImpl@ab31e55[NavigationBar0]#2](f:0,a:1) onFrameAvailable framenumber=2137 syncTransactionSet=true, mSyncedFrameNumbers=0
10-05 15:34:15.162  1763  1837 I BLASTBufferQueue: [ViewRootImpl@ab31e55[NavigationBar0]#2](f:1,a:1) onFrameAvailable framenumber=2137 syncTransactionSet=true
10-05 15:34:15.162  1763  1837 I BLASTBufferQueue: [ViewRootImpl@ab31e55[NavigationBar0]#2](f:0,a:2) acquireNextBufferLocked mLastAppliedFrameNumber: 2136
10-05 15:34:15.162  1763  1837 I BLASTBufferQueue: [ViewRootImpl@ab31e55[NavigationBar0]#2](f:0,a:2) acquireNextBufferLocked size=144x1080 mFrameNumber=2137 applyTransaction=false mTimestamp=2224423219755(auto) mPendingTransactions.size=0 graphicBufferId=7572027343622 transform=7
10-05 15:34:15.162  1763  1837 I ViewRootImpl@ab31e55[NavigationBar0]: Received frameCommittedCallback lastAttemptedDrawFrameNum=2137 didProduceBuffer=true
10-05 15:34:15.162  1763  1763 I ViewRootImpl@ab31e55[NavigationBar0]: onSyncComplete
10-05 15:34:15.162  1763  1763 I ViewRootImpl@ab31e55[NavigationBar0]: setupSync seqId=2 mSyncId=5 fn=2137 caller=android.view.ViewRootImpl$$ExternalSyntheticLambda11.accept:6 android.window.SurfaceSyncer.lambda$setupSync$1$android-window-SurfaceSyncer:128 android.window.SurfaceSyncer$$ExternalSyntheticLambda1.accept:8 android.window.SurfaceSyncer$SyncSet.checkIfSyncIsComplete:382 android.window.SurfaceSyncer$SyncSet.markSyncReady:359 android.window.SurfaceSyncer.markSyncReady:151 android.view.ViewRootImpl.performTraversals:4503 
10-05 15:34:15.163  3977  3977 W A       : onStartInput event aborted
10-05 15:34:15.163  3977  3977 W A       : Mn.w: could not obtain extracted text
10-05 15:34:15.163  3977  3977 W A       : 	at Mn.L.H(Unknown Source:344)
10-05 15:34:15.163  3977  3977 W A       : 	at dl.A.o(Unknown Source:275)
10-05 15:34:15.163  3977  3977 W A       : 	at dl.C0.o(Unknown Source:2)
10-05 15:34:15.163  3977  3977 W A       : 	at com.touchtype.KeyboardService.onStartInput(Unknown Source:11)
10-05 15:34:15.163  3977  3977 W A       : 	at android.inputmethodservice.InputMethodService.doStartInput(InputMethodService.java:3317)
10-05 15:34:15.163  3977  3977 W A       : 	at android.inputmethodservice.InputMethodService.resetStateForNewConfiguration(InputMethodService.java:1984)
10-05 15:34:15.163  3977  3977 W A       : 	at android.inputmethodservice.InputMethodService.$r8$lambda$-vPZ7V8VU8u6dYeZosnYXOoHJXE(Unknown Source:0)
10-05 15:34:15.163  3977  3977 W A       : 	at android.inputmethodservice.InputMethodService$$ExternalSyntheticLambda0.run(Unknown Source:2)
10-05 15:34:15.163  3977  3977 W A       : 	at android.inputmethodservice.ImsConfigurationTracker.onConfigurationChanged(ImsConfigurationTracker.java:97)
10-05 15:34:15.163  3977  3977 W A       : 	at android.inputmethodservice.InputMethodService.onConfigurationChanged(InputMethodService.java:1963)
10-05 15:34:15.163  3977  3977 W A       : 	at com.touchtype.KeyboardService.c(Unknown Source:0)
10-05 15:34:15.163  3977  3977 W A       : 	at dl.A.onConfigurationChanged(Unknown Source:48)
10-05 15:34:15.163  3977  3977 W A       : 	at dl.C0.onConfigurationChanged(Unknown Source:2)
10-05 15:34:15.163  3977  3977 W A       : 	at com.touchtype.KeyboardService.onConfigurationChanged(Unknown Source:9)
10-05 15:34:15.163  3977  3977 W A       : 	at android.window.WindowTokenClient.onConfigurationChanged(WindowTokenClient.java:287)
10-05 15:34:15.163  3977  3977 W A       : 	at android.window.WindowTokenClient$$ExternalSyntheticLambda1.accept(Unknown Source:16)
10-05 15:34:15.163  3977  3977 W A       : 	at com.android.internal.util.function.pooled.PooledLambdaImpl.doInvoke(PooledLambdaImpl.java:295)
10-05 15:34:15.163  3977  3977 W A       : 	at com.android.internal.util.function.pooled.PooledLambdaImpl.invoke(PooledLambdaImpl.java:204)
10-05 15:34:15.163  3977  3977 W A       : 	at com.android.internal.util.function.pooled.OmniFunction.run(OmniFunction.java:97)
10-05 15:34:15.163  3977  3977 W A       : 	at android.os.Handler.handleCallback(Handler.java:942)
10-05 15:34:15.163  3977  3977 W A       : 	at android.os.Handler.dispatchMessage(Handler.java:99)
10-05 15:34:15.163  3977  3977 W A       : 	at android.os.Looper.loopOnce(Looper.java:226)
10-05 15:34:15.163  3977  3977 W A       : 	at android.os.Looper.loop(Looper.java:313)
10-05 15:34:15.163  3977  3977 W A       : 	at android.app.ActivityThread.main(ActivityThread.java:8762)
10-05 15:34:15.163  3977  3977 W A       : 	at java.lang.reflect.Method.invoke(Native Method)
10-05 15:34:15.163  3977  3977 W A       : 	at com.android.internal.os.RuntimeInit$MethodAndArgsCaller.run(RuntimeInit.java:604)
10-05 15:34:15.163  3977  3977 W A       : 	at com.android.internal.os.ZygoteInit.main(ZygoteInit.java:1067)
10-05 15:34:15.173 28063 28063 I bnew    : onPause
10-05 15:34:15.176  1763  1763 D ScrollView:  onsize change changed 
10-05 15:34:15.177  1763  1763 D ScrollView:  onsize change changed 
10-05 15:34:15.177  1763  1763 D SecQSFragmentAnimator_QSCinema: [qsExpansionPosition:-1] qsExpanded:false, qsFullyExpanded:false, qsExpansionPosition:0, qsExpandImmediate:false, qsCollapsingWhilePanelClosing:false &&&  panelExpansionFraction:0, panelExpansionDragDownPxAmount:0 ***   panelExpanded:false, panelExpanding:false %%%   barState:0, overScrolling:false, userId:-1, isRunningPanelOnHeightAnimation:false
10-05 15:34:15.178  1763  1763 V QsExpandAnimator: setQsExpansionPosition -1.0
10-05 15:34:15.182  1763  1763 I FaceWidgetPositionAlgorithm: getClockContainerHeight() supplier = 309, bottom margin = 0, real height = 381
10-05 15:34:15.182  1763  1763 I FaceWidgetAttribute: getMinTopMargin() 480, clockType = 9, topPlacement : true, lock icon : false, idx : 1
10-05 15:34:15.182  1763  1763 I FaceWidgetPositionAlgorithm: getMediaContainerHeight() height = 0 container Visibility = 8, isValid = false, mIsDozing = false, fraction = 1.0, source = 0, target = 0
10-05 15:34:15.182  1763  1763 I FaceWidgetPositionAlgorithm: getMediaContainerHeight() supplier = 0
10-05 15:34:15.182  1763  1763 I FaceWidgetPositionAlgorithm: getMinStackScrollerPadding() padding = 867, topMargin = 558, containerHeight = 309, mediaHeight = 0
10-05 15:34:15.183  1763  1763 I FaceWidgetSidePadding: getClockSidePadding() = 732, land
10-05 15:34:15.183  1763  1763 D SecQSFragmentAnimator_QSCinema: [qsExpansionPosition:0] qsExpanded:false, qsFullyExpanded:false, qsExpansionPosition:-1, qsExpandImmediate:false, qsCollapsingWhilePanelClosing:false &&&  panelExpansionFraction:0, panelExpansionDragDownPxAmount:0 ***   panelExpanded:false, panelExpanding:false %%%   barState:0, overScrolling:false, userId:-1, isRunningPanelOnHeightAnimation:false
10-05 15:34:15.183  1763  1763 V QsExpandAnimator: setQsExpansionPosition 0.0
10-05 15:34:15.184  1763  1763 D CentralSurfaces: Received new disable state: enaihbcrsokt.qingr (unchanged)
10-05 15:34:15.187  1763  1763 D IndicatorBasicGardener: PhoneStatusBarViewController is done to update (IndicatorGardenModel) lp:141, lc:1724, cc:27, rc:1942, rp:63, h:72, ctm:false, ctms:18
10-05 15:34:15.188  1763  1763 I ViewRootImpl@854c205[StatusBar]: performTraversals params={(0,0)(fillx72) gr=TOP CENTER_VERTICAL sim={adjust=pan} layoutInDisplayCutoutMode=always ty=STATUS_BAR fmt=TRANSLUCENT
10-05 15:34:15.188  1763  1763 I ViewRootImpl@854c205[StatusBar]:   fl=81000008
10-05 15:34:15.188  1763  1763 I ViewRootImpl@854c205[StatusBar]:   pfl=13000000
10-05 15:34:15.188  1763  1763 I ViewRootImpl@854c205[StatusBar]:   bhv=DEFAULT
10-05 15:34:15.188  1763  1763 I ViewRootImpl@854c205[StatusBar]:   paramsForRotation=
10-05 15:34:15.188  1763  1763 I ViewRootImpl@854c205[StatusBar]:   rot[0]={(0,0)(fillx78) gr=TOP CENTER_VERTICAL layoutInDisplayCutoutMode=always ty=STATUS_BAR fmt=TRANSLUCENT
10-05 15:34:15.188  1763  1763 I ViewRootImpl@854c205[StatusBar]:   fl=80000008
10-05 15:34:15.188  1763  1763 I ViewRootImpl@854c205[StatusBar]:   pfl=11000000
10-05 15:34:15.188  1763  1763 I ViewRootImpl@854c205[StatusBar]:   bhv=DEFAULT naviIconColor=0} 
10-05 15:34:15.188  1763  1763 I ViewRootImpl@854c205[StatusBar]:   rot[1]={(0,0)(fillx72) gr=TOP CENTER_VERTICAL layoutInDisplayCutoutMode=always ty=STATUS_BAR fmt=TRANSLUCENT
10-05 15:34:15.188  1763  1763 I ViewRootImpl@854c205[StatusBar]:   fl=80000008
10-05 15:34:15.188  1763  1763 I ViewRootImpl@854c205[StatusBar]:   pfl=11000000
10-05 15:34:15.188  1763  1763 I ViewRootImpl@854c205[StatusBar]:   bhv=DEFAULT naviIconColor=0} 
10-05 15:34:15.188  1763  1763 I ViewRootImpl@854c205[StatusBar]:   rot[2]={(0,0)(fillx78) gr=TOP CENTER_VERTICAL layoutInDisplayCutoutMode=always ty=STATUS_BAR fmt=TRANSLUCENT
10-05 15:34:15.188  1763  1763 I ViewRootImpl@854c205[StatusBar]:   fl=80000008
10-05 15:34:15.188  1763  1763 I ViewRootImpl@854c205[StatusBar]:   pfl=11000000
10-05 15:34:15.188  1763  1763 I ViewRootImpl@854c205[StatusBar]:   bhv=DEFAULT naviIconColor=0} 
10-05 15:34:15.188  1763  1763 I ViewRootImpl@854c205[StatusBar]:   rot[3]={(0,0)(fillx72) gr=TOP CENTER_VERTICAL layoutInDisplayCutoutMode=always ty=STATUS_BAR fmt=TRANSLUCENT
10-05 15:34:15.188  1763  1763 I ViewRootImpl@854c205[StatusBar]:   fl=80000008
10-05 15:34:15.188  1763  1763 I ViewRootImpl@854c205[StatusBar]:   pfl=11000000
10-05 15:34:15.188  1763  1763 I ViewRootImpl@854c205[StatusBar]:   bhv=DEFAULT naviIconColor=0} naviIconColor=0}
10-05 15:34:15.189  1763  1763 I ViewRootImpl@854c205[StatusBar]: performTraversals mFirst=false windowShouldResize=true viewVisibilityChanged=false mForceNextWindowRelayout=true params={(0,0)(fillx72) gr=TOP CENTER_VERTICAL sim={adjust=pan} layoutInDisplayCutoutMode=always ty=STATUS_BAR fmt=TRANSLUCENT
10-05 15:34:15.189  1763  1763 I ViewRootImpl@854c205[StatusBar]:   fl=81000008
10-05 15:34:15.189  1763  1763 I ViewRootImpl@854c205[StatusBar]:   pfl=13000000
10-05 15:34:15.189  1763  1763 I ViewRootImpl@854c205[StatusBar]:   bhv=DEFAULT
10-05 15:34:15.189  1763  1763 I ViewRootImpl@854c205[StatusBar]:   paramsForRotation=
10-05 15:34:15.189  1763  1763 I ViewRootImpl@854c205[StatusBar]:   rot[0]={(0,0)(fillx78) gr=TOP CENTER_VERTICAL layoutInDisplayCutoutMode=always ty=STATUS_BAR fmt=TRANSLUCENT
10-05 15:34:15.189  1763  1763 I ViewRootImpl@854c205[StatusBar]:   fl=80000008
10-05 15:34:15.189  1763  1763 I ViewRootImpl@854c205[StatusBar]:   pfl=11000000
10-05 15:34:15.189  1763  1763 I ViewRootImpl@854c205[StatusBar]:   bhv=DEFAULT naviIconColor=0} 
10-05 15:34:15.189  1763  1763 I ViewRootImpl@854c205[StatusBar]:   rot[1]={(0,0)(fillx72) gr=TOP CENTER_VERTICAL layoutInDisplayCutoutMode=always ty=STATUS_BAR fmt=TRANSLUCENT
10-05 15:34:15.189  1763  1763 I ViewRootImpl@854c205[StatusBar]:   fl=80000008
10-05 15:34:15.189  1763  1763 I ViewRootImpl@854c205[StatusBar]:   pfl=11000000
10-05 15:34:15.189  1763  1763 I ViewRootImpl@854c205[StatusBar]:   bhv=DEFAULT naviIconColor=0} 
10-05 15:34:15.189  1763  1763 I ViewRootImpl@854c205[StatusBar]:   rot[2]={(0,0)(fillx78) gr=TOP CENTER_VERTICAL layoutInDisplayCutoutMode=always ty=STATUS_BAR fmt=TRANSLUCENT
10-05 15:34:15.189  1763  1763 I ViewRootImpl@854c205[StatusBar]:   fl=80000008
10-05 15:34:15.189  1763  1763 I ViewRootImpl@854c205[StatusBar]:   pfl=11000000
10-05 15:34:15.189  1763  1763 I ViewRootImpl@854c205[StatusBar]:   bhv=DEFAULT naviIconColor=0} 
10-05 15:34:15.189  1763  1763 I ViewRootImpl@854c205[StatusBar]:   rot[3]={(0,0)(fillx72) gr=TOP CENTER_VERTICAL layoutInDisplayCutoutMode=always ty=STATUS_BAR fmt=TRANSLUCENT
10-05 15:34:15.189  1763  1763 I ViewRootImpl@854c205[StatusBar]:   fl=80000008
10-05 15:34:15.189  1763  1763 I ViewRootImpl@854c205[StatusBar]:   pfl=11000000
10-05 15:34:15.189  1763  1763 I ViewRootImpl@854c205[StatusBar]:   bhv=DEFAULT naviIconColor=0} naviIconColor=0}
10-05 15:34:15.189  1220  2413 V WindowManager: Relayout Window{30bfa60 u0 StatusBar}: viewVisibility=0 req=2400x72 d0
10-05 15:34:15.191  1220  2413 V WindowManager: Relayout hash=30bfa60, pid=1763, syncId=2: mAttrs={(0,0)(fillx72) gr=TOP CENTER_VERTICAL sim={adjust=pan} layoutInDisplayCutoutMode=always ty=STATUS_BAR fmt=TRANSLUCENT
10-05 15:34:15.191  1220  2413 V WindowManager:   fl=81000008
10-05 15:34:15.191  1220  2413 V WindowManager:   pfl=13000000
10-05 15:34:15.191  1220  2413 V WindowManager:   bhv=DEFAULT
10-05 15:34:15.191  1220  2413 V WindowManager:   paramsForRotation=
10-05 15:34:15.191  1220  2413 V WindowManager:   rot[0]={(0,0)(fillx78) gr=TOP CENTER_VERTICAL layoutInDisplayCutoutMode=always ty=STATUS_BAR fmt=TRANSLUCENT
10-05 15:34:15.191  1220  2413 V WindowManager:   fl=80000008
10-05 15:34:15.191  1220  2413 V WindowManager:   pfl=11000000
10-05 15:34:15.191  1220  2413 V WindowManager:   bhv=DEFAULT naviIconColor=0} 
10-05 15:34:15.191  1220  2413 V WindowManager:   rot[1]={(0,0)(fillx72) gr=TOP CENTER_VERTICAL layoutInDisplayCutoutMode=always ty=STATUS_BAR fmt=TRANSLUCENT
10-05 15:34:15.191  1220  2413 V WindowManager:   fl=80000008
10-05 15:34:15.191  1220  2413 V WindowManager:   pfl=11000000
10-05 15:34:15.191  1220  2413 V WindowManager:   bhv=DEFAULT naviIconColor=0} 
10-05 15:34:15.191  1220  2413 V WindowManager:   rot[2]={(0,0)(fillx78) gr=TOP CENTER_VERTICAL layoutInDisplayCutoutMode=always ty=STATUS_BAR fmt=TRANSLUCENT
10-05 15:34:15.191  1220  2413 V WindowManager:   fl=80000008
10-05 15:34:15.191  1220  2413 V WindowManager:   pfl=11000000
10-05 15:34:15.191  1220  2413 V WindowManager:   bhv=DEFAULT naviIconColor=0} 
10-05 15:34:15.191  1220  2413 V WindowManager:   rot[3]={(0,0)(fillx72) gr=TOP CENTER_VERTICAL layoutInDisplayCutoutMode=always ty=STATUS_BAR fmt=TRANSLUCENT
10-05 15:34:15.191  1220  2413 V WindowManager:   fl=80000008
10-05 15:34:15.191  1220  2413 V WindowManager:   pfl=11000000
10-05 15:34:15.191  1220  2413 V WindowManager:   bhv=DEFAULT naviIconColor=0} naviIconColor=0}
10-05 15:34:15.192  1763  1763 I ViewRootImpl@854c205[StatusBar]: updateBlastSurfaceIfNeeded mBlastBufferQueue=0x7bdafafcd0 isSameSurfaceControl=true
10-05 15:34:15.192  1763  1763 I BLASTBufferQueue: update, w= 2400 h= 72 mName = ViewRootImpl@854c205[StatusBar] mNativeObject= 0x7bdafafcd0 sc.mNativeObject= 0x7b6b018880 format= -3 caller= android.view.ViewRootImpl.updateBlastSurfaceIfNeeded:2898 android.view.ViewRootImpl.relayoutWindow:9847 android.view.ViewRootImpl.performTraversals:3884 android.view.ViewRootImpl.doTraversal:3116 android.view.ViewRootImpl$TraversalRunnable.run:10885 android.view.Choreographer$CallbackRecord.run:1301 
10-05 15:34:15.192  1763  1763 I ViewRootImpl@854c205[StatusBar]: Relayout returned: old=(0,0,2400,72) new=(0,0,2400,72) req=(2400,72)0 dur=3 res=0x0 s={true 0x7c6afbdf70} ch=false seqId=2
10-05 15:34:15.192  1763  1763 I ViewRootImpl@854c205[StatusBar]: Relayout called with blastSync mSyncSeqId=2
10-05 15:34:15.192  1763  1763 I ViewRootImpl@854c205[StatusBar]: reportNextDraw android.view.ViewRootImpl.performTraversals:3900 android.view.ViewRootImpl.doTraversal:3116 android.view.ViewRootImpl$TraversalRunnable.run:10885 android.view.Choreographer$CallbackRecord.run:1301 android.view.Choreographer$CallbackRecord.run:1309 
10-05 15:34:15.192  1763  1837 D OpenGLRenderer: setSurface() destroyed EGLSurface
10-05 15:34:15.192  1763  1837 D OpenGLRenderer: destroyEglSurface
10-05 15:34:15.192  1763  1763 I ViewRootImpl@854c205[StatusBar]: mThreadedRenderer.updateSurface() mSurface={isValid=true 0x7c6afbdf70}
10-05 15:34:15.193  1763  1763 I ViewRootImpl@854c205[StatusBar]: Setup new sync id=11
10-05 15:34:15.193  1763  1763 I ViewRootImpl@854c205[StatusBar]: Setting syncFrameCallback
10-05 15:34:15.193  1763  1763 I ViewRootImpl@854c205[StatusBar]: registerCallbacksForSync syncBuffer=true
10-05 15:34:15.194  1763  1837 D OpenGLRenderer: eglCreateWindowSurface
10-05 15:34:15.195  1763  1866 I ViewRootImpl@854c205[StatusBar]: Received frameDrawingCallback syncResult=0 frameNum=1559.
10-05 15:34:15.195  1763  1866 I ViewRootImpl@854c205[StatusBar]: Setting up sync and frameCommitCallback
10-05 15:34:15.196  1763  1866 I BLASTBufferQueue: syncNextTransaction, mName= ViewRootImpl@854c205[StatusBar] acquireSingleBuffer= true mNativeObject= 0x7bdafafcd0 callback= android.view.ViewRootImpl$12$$ExternalSyntheticLambda0@2796458 caller= android.graphics.BLASTBufferQueue.syncNextTransaction:147 android.view.ViewRootImpl$12.onFrameDraw:13385 android.view.ThreadedRenderer$1.onFrameDraw:801 <bottom of call stack> <bottom of call stack> <bottom of call stack> 
10-05 15:34:15.196   783   982 D gralloc : [mali_gralloc_allocate] begin
10-05 15:34:15.196  1763  1866 I BLASTBufferQueue: [ViewRootImpl@854c205[StatusBar]#5](f:0,a:1) syncNextTransaction callback: 1, acquireSingleBuffer: 1, mTransactionReadyCallback: 0
10-05 15:34:15.196   783   982 D gralloc : buffer_descriptor: wh(72 2400) usage_pc(0x40000000000b00 0x40000000000b00) hal_format(0x1) layer_count(1) sizes(0 0 0) strde(0) byte_stride(0) alloc_wh(0 0) internal_format(0x0) alloc_format(0x0) fd_count(1) plane_count(0)
10-05 15:34:15.196   783   982 D gralloc : [mali_gralloc_allocate] allocation successful
10-05 15:34:15.199  1763  1837 I BLASTBufferQueue: [ViewRootImpl@854c205[StatusBar]#5](f:0,a:1) onFrameAvailable-start syncTransactionSet=true
10-05 15:34:15.199  1763  1837 I BLASTBufferQueue: [ViewRootImpl@854c205[StatusBar]#5](f:0,a:1) onFrameAvailable framenumber=1559 syncTransactionSet=true, mSyncedFrameNumbers=0
10-05 15:34:15.199  1763  1837 I BLASTBufferQueue: [ViewRootImpl@854c205[StatusBar]#5](f:1,a:1) onFrameAvailable framenumber=1559 syncTransactionSet=true
10-05 15:34:15.199  1763  1837 I BLASTBufferQueue: [ViewRootImpl@854c205[StatusBar]#5](f:0,a:2) acquireNextBufferLocked mLastAppliedFrameNumber: 1558
10-05 15:34:15.199  1763  1837 I BLASTBufferQueue: [ViewRootImpl@854c205[StatusBar]#5](f:0,a:2) acquireNextBufferLocked size=2400x72 mFrameNumber=1559 applyTransaction=false mTimestamp=2224460214716(auto) mPendingTransactions.size=0 graphicBufferId=7572027343623 transform=7
10-05 15:34:15.200  1763  1837 I ViewRootImpl@854c205[StatusBar]: Received frameCommittedCallback lastAttemptedDrawFrameNum=1559 didProduceBuffer=true
10-05 15:34:15.200  1763  1763 I ViewRootImpl@854c205[StatusBar]: onSyncComplete
10-05 15:34:15.200  1763  1763 I ViewRootImpl@854c205[StatusBar]: setupSync seqId=2 mSyncId=11 fn=1559 caller=android.view.ViewRootImpl$$ExternalSyntheticLambda11.accept:6 android.window.SurfaceSyncer.lambda$setupSync$1$android-window-SurfaceSyncer:128 android.window.SurfaceSyncer$$ExternalSyntheticLambda1.accept:8 android.window.SurfaceSyncer$SyncSet.checkIfSyncIsComplete:382 android.window.SurfaceSyncer$SyncSet.markSyncReady:359 android.window.SurfaceSyncer.markSyncReady:151 android.view.ViewRootImpl.performTraversals:4503 
10-05 15:34:15.200  1763  1763 I ViewRootImpl@854c205[StatusBar]: reportDrawFinished seqId=2 mSyncId=-1 fn=1559 mSurfaceChangedTransaction=0x7b9af92410
10-05 15:34:15.201  1763  1763 I ViewRootImpl@ab31e55[NavigationBar0]: reportDrawFinished seqId=2 mSyncId=-1 fn=2137 mSurfaceChangedTransaction=0x7b9af87910
10-05 15:34:15.201  1763  1763 D DisplayLifecycle: updateDisplay id = 0
10-05 15:34:15.201  1220  1913 D WifiDisplayAdapter: isFitToActiveDisplayLocked : false
10-05 15:34:15.201  1763  1763 D DisplayLifecycle: updateSmartViewFitToActiveDisplay : false
10-05 15:34:15.201  1220  1240 D WindowManager: finishDrawingWindow: Window{30bfa60 u0 StatusBar} mDrawState=HAS_DRAWN seqId=2
10-05 15:34:15.202  1763  1763 D DisplayLifecycle: updateCacheVariables id = 0, display = Display id 0: DisplayInfo{"Built-in Screen", displayId 0", displayGroupId 0, FLAG_SECURE, FLAG_SUPPORTS_PROTECTED_BUFFERS, FLAG_TRUSTED, real 2400 x 1080, largest app 2178 x 2178, smallest app 1080 x 1008, appVsyncOff 0, presDeadline 17666666, mode 5, defaultMode 1, REFRESH_RATE_MODE_NORMAL, modes [{id=1, width=1440, height=3200, fps=60.000004, alternativeRefreshRates=[48.000004]}, {id=2, width=1440, height=3200, fps=48.000004, alternativeRefreshRates=[60.000004]}, {id=3, width=1080, height=2400, fps=120.00001, alternativeRefreshRates=[48.000004, 60.000004, 96.00001]}, {id=4, width=1080, height=2400, fps=96.00001, alternativeRefreshRates=[48.000004, 60.000004, 120.00001]}, {id=5, width=1080, height=2400, fps=60.000004, alternativeRefreshRates=[48.000004, 96.00001, 120.00001]}, {id=6, width=1080, height=2400, fps=48.000004, alternativeRefreshRates=[60.000004, 96.00001, 120.00001]}, {id=7, width=720, height=1600, fps=120.00001, alternativeRefreshRates=[48.000004, 60.000004, 96.00001]}, {id=8, width=720, height=1600, fps=96.00001, alternativeRefreshRates=[48.000004, 60.000004, 120.00001]}, {id=9, width=720, height=1600, fps=60.000004, alternativeRefreshRates=[48.000004, 96.00001, 120.00001]}, {id=10, width=720, height=1600, fps=48.000004, alternativeRefreshRates=[60.000004, 96.00001, 120.00001]}], hdrCapabilities HdrCapabilities{mSupportedHdrTypes=[2, 3, 4], mMaxLuminance=400.0, mMaxAverageLuminance=120.0, mMinLuminance=5.0E-4}, userDisabledHdrTypes [], minimalPostProcessingSupported false, rotation 1, state ON}, DisplayMetrics{density=3.0, width=2178, height=1080, scaledDensity=3.0, xdpi=428.625, ydpi=423.33298}, isValid=true, size = Point(2178, 1080), realSize = Point(2400, 1080), rotation = 1
10-05 15:34:15.202  1220  1240 D WindowManager: markForSeamlessRotation, seamlesslyRotated=false, w=Window{30bfa60 u0 StatusBar}, caller=com.android.server.wm.WindowState.finishSeamlessRotation:1085 com.android.server.wm.WindowState.lambda$new$0:937 com.android.server.wm.WindowState.$r8$lambda$U3pXGv95Gb8PldAwEUs7x3QE3U8:0 
10-05 15:34:15.202  1220  1240 D WindowManager: executeDrawHandlers, seqId=2, h.mSeqId=2, hadHandlers=true, win=Window{30bfa60 u0 StatusBar}
10-05 15:34:15.203  1220  1307 D SurfaceControl: applyGlobalTransaction called, mName=finishDrawing_syncId(2)_StatusBar
10-05 15:34:15.203  1220  1307 I SurfaceComposerClient: setTransactionState with buffer. layerId: 85, bufferData(ID: 7572027343623, frameNumber: 1559, barrierFrameNumber: 1558)
10-05 15:34:15.204   865  1129 D SurfaceFlinger: [StatusBar$_1763#85] setTransactionState with buffer. bufferData(ID: 7572027343623, frameNumber: 1559, barrierFrameNumber: 1558)
10-05 15:34:15.205  1220  1240 D WindowManager: finishDrawingWindow: Window{b506bb0 u0 NavigationBar0} mDrawState=HAS_DRAWN seqId=2
10-05 15:34:15.205  1220  1240 D WindowManager: markForSeamlessRotation, seamlesslyRotated=false, w=Window{b506bb0 u0 NavigationBar0}, caller=com.android.server.wm.WindowState.finishSeamlessRotation:1085 com.android.server.wm.WindowState.lambda$new$0:937 com.android.server.wm.WindowState.$r8$lambda$U3pXGv95Gb8PldAwEUs7x3QE3U8:0 
10-05 15:34:15.205  1220  1240 D AsyncRotation_WindowManager: finishOp fade-in Window{30bfa60 u0 StatusBar}
10-05 15:34:15.205  1220  1240 D WindowManager: fadeWindowToken, show=true, animationType=token_transform, topWindow=Window{30bfa60 u0 StatusBar}, token=WindowToken{e678e63 type=2000 android.os.BinderProxy@d9cea1d}, caller=com.android.server.wm.AsyncRotationController.fadeWindowToken:599 com.android.server.wm.AsyncRotationController.finishOp:300 com.android.server.wm.AsyncRotationController.completeAll:327 com.android.server.wm.DisplayContent.finishAsyncRotationIfPossible:2355 com.android.server.wm.DisplayRotation.markForSeamlessRotation:890 
10-05 15:34:15.206  1763  1763 D QSClockBellTower: He is ready to ring the bell. (((QSClockBellSound - TimeText:15:34, TimeContentDescription:15:34, DateText:Sun, October 5, ShortDateText:Sun, Oct 5, Demo:false, QuickStar-Second(false|12:34:56))))
10-05 15:34:15.207  1763  1763 D QSClockIndicatorView: Home Indicator status_bar_clock 15:34 notifyTimeChanged(QSClockBellSound - TimeText:15:34, TimeContentDescription:15:34, DateText:Sun, October 5, ShortDateText:Sun, Oct 5, Demo:false, QuickStar-Second(false|12:34:56)) ClockVisibleByPolicy:true, ClockVisibleByUser:true, visible?true, parent:android.widget.LinearLayout{b360fb5 V.E...... ......ID 0,0-97,72 #7f0b04f0 app:id/left_clock_container}
10-05 15:34:15.207  1763  1763 D QSClockBellTower: Everyone heard the bell. run(currentTime:1759667655206,   getTime():Sun Oct 05 15:34:15 GMT+03:00 2025,   getTimeZone():libcore.util.ZoneInfo[mDstSavings=3600000,mUseDst=true,mDelegate=[id="Asia/Jerusalem",mRawOffset=7200000,mEarliestRawOffset=8454000,transitions=149]])
10-05 15:34:15.207  1763  1763 D SecVolume.SecVolumeStore: dispatch [ACTION_CONFIGURATION_CHANGED] with [STATE_NO_DISPATCH]
10-05 15:34:15.208  1763  1763 D SecVolume.SecVolumeStore:   > New State : [STATE_NO_DISPATCH]
10-05 15:34:15.208  1763  1763 V QsExpandAnimator: updateAnimators
10-05 15:34:15.208  1763  1763 V QsExpandAnimator: clearAnimationState 
10-05 15:34:15.208  1763  1763 V QsExpandAnimator: updateViews
10-05 15:34:15.208  1220  1240 I WindowManager: Cancelling animation restarting=true, leash=Surface(name=Surface(name=WindowToken{e678e63 type=2000 android.os.BinderProxy@d9cea1d})/@0xce42ef3 - animation-leash of token_transform)/@0x4579f56
10-05 15:34:15.208  1220  1240 I WindowManager: Reparenting to original parent: Surface(name=Leaf:15:15)/@0x4cd16a3, destroy=false, surface=Surface(name=WindowToken{e678e63 type=2000 android.os.BinderProxy@d9cea1d})/@0xce42ef3
10-05 15:34:15.209  1220  1240 I WindowManager: Reparenting to leash, surface=Surface(name=WindowToken{e678e63 type=2000 android.os.BinderProxy@d9cea1d})/@0xce42ef3, leashParent=Surface(name=Leaf:15:15)/@0x4cd16a3
10-05 15:34:15.209  1763  1763 V QsExpandAnimator: updateTileAnimator
10-05 15:34:15.209   865  1129 I SurfaceFlinger: id=1384 createSurf flag=24004, Surface(name=WindowToken{e678e63 type=2000 android.os.BinderProxy@d9cea1d})/@0xce42ef3 - animation-leash of token_transform#1384
10-05 15:34:15.209  1763  1763 V QsExpandAnimator: updateHeaderAnimator
10-05 15:34:15.209  1763  1763 V QsExpandAnimator: updateBarAnimator
10-05 15:34:15.209  1763  1763 V QsExpandAnimator: setQsExpansionPosition 0.0
10-05 15:34:15.209  1763  1763 V QsExpandAnimator: onAnimationAtStart
10-05 15:34:15.209  1220  1240 D WindowManager: makeSurface duration=0 leash=Surface(name=Surface(name=WindowToken{e678e63 type=2000 android.os.BinderProxy@d9cea1d})/@0xce42ef3 - animation-leash of token_transform)/@0x4c49633
10-05 15:34:15.210  1220  1240 D AsyncRotation_WindowManager: finishOp fade-in Window{2b02663 u0 com.samsung.android.app.cocktailbarservice/com.samsung.android.app.cocktailbarservice.CocktailBarService}
10-05 15:34:15.210  1220  1240 D WindowManager: fadeWindowToken, show=true, animationType=token_transform, topWindow=Window{2b02663 u0 com.samsung.android.app.cocktailbarservice/com.samsung.android.app.cocktailbarservice.CocktailBarService}, token=WindowToken{6beac92 type=2226 android.os.BinderProxy@f9dc21d}, caller=com.android.server.wm.AsyncRotationController.fadeWindowToken:599 com.android.server.wm.AsyncRotationController.finishOp:300 com.android.server.wm.AsyncRotationController.completeAll:327 com.android.server.wm.DisplayContent.finishAsyncRotationIfPossible:2355 com.android.server.wm.DisplayRotation.markForSeamlessRotation:890 
10-05 15:34:15.210  1220  1240 I WindowManager: Cancelling animation restarting=true, leash=Surface(name=Surface(name=WindowToken{6beac92 type=2226 android.os.BinderProxy@f9dc21d})/@0xe69d3cc - animation-leash of token_transform)/@0xe5f3bd7
10-05 15:34:15.210  1220  1240 I WindowManager: Reparenting to original parent: Surface(name=Leaf:18:23)/@0xd5f8615, destroy=false, surface=Surface(name=WindowToken{6beac92 type=2226 android.os.BinderProxy@f9dc21d})/@0xe69d3cc
10-05 15:34:15.211  1763  1763 D KeyguardPunchHoleVIView: updateVILocation() Rect(3, 495 - 92, 585) rotation 1 -> 1
10-05 15:34:15.211  1220  1240 I WindowManager: Reparenting to leash, surface=Surface(name=WindowToken{6beac92 type=2226 android.os.BinderProxy@f9dc21d})/@0xe69d3cc, leashParent=Surface(name=Leaf:18:23)/@0xd5f8615
10-05 15:34:15.211   865  1129 I SurfaceFlinger: id=1385 createSurf flag=24004, Surface(name=WindowToken{6beac92 type=2226 android.os.BinderProxy@f9dc21d})/@0xe69d3cc - animation-leash of token_transform#1385
10-05 15:34:15.211   783   982 D gralloc : [mali_gralloc_allocate] begin
10-05 15:34:15.211   783   982 D gralloc : buffer_descriptor: wh(1080 144) usage_pc(0x40000000000b00 0x40000000000b00) hal_format(0x1) layer_count(1) sizes(0 0 0) strde(0) byte_stride(0) alloc_wh(0 0) internal_format(0x0) alloc_format(0x0) fd_count(1) plane_count(0)
10-05 15:34:15.212   783   982 D gralloc : [mali_gralloc_allocate] allocation successful
10-05 15:34:15.212  1220  1240 D WindowManager: makeSurface duration=1 leash=Surface(name=Surface(name=WindowToken{6beac92 type=2226 android.os.BinderProxy@f9dc21d})/@0xe69d3cc - animation-leash of token_transform)/@0xbe9adf0
10-05 15:34:15.212  1220  1240 V WindowManager: rotationForOrientation(orient=SCREEN_ORIENTATION_LANDSCAPE (0), last=ROTATION_90 (1)); user=ROTATION_0 (0) USER_ROTATION_LOCKED
10-05 15:34:15.212  1220  1240 D WindowManager: rotationForOrientation, orientationSource=ActivityRecord{f582e83 u0 com.videoplayer/.MainActivity} t17387}
10-05 15:34:15.212  1763  2728 I BLASTBufferQueue: [ViewRootImpl@854c205[StatusBar]#5](f:0,a:2) transactionCommittedCallback
10-05 15:34:15.212  1763  2728 I BLASTBufferQueue: [ViewRootImpl@854c205[StatusBar]#5](f:0,a:2) transactionCommittedCallback mSyncedFrameNumbers.erase(1559). mSyncedFrameNumbers: 0
10-05 15:34:15.213  1763  1837 I BLASTBufferQueue: [ViewRootImpl@ab31e55[NavigationBar0]#2](f:0,a:2) onFrameAvailable-start syncTransactionSet=false
10-05 15:34:15.213  1763  1837 I BLASTBufferQueue: [ViewRootImpl@ab31e55[NavigationBar0]#2](f:0,a:2) onFrameAvailable framenumber=2138 syncTransactionSet=false, mSyncedFrameNumbers=1
10-05 15:34:15.213  1763  1837 I BLASTBufferQueue: [ViewRootImpl@ab31e55[NavigationBar0]#2](f:1,a:2) onFrameAvailable framenumber=2138 syncTransactionSet=false
10-05 15:34:15.213   783   982 D gralloc : [mali_gralloc_allocate] begin
10-05 15:34:15.213   783   982 D gralloc : buffer_descriptor: wh(72 2400) usage_pc(0x40000000000b00 0x40000000000b00) hal_format(0x1) layer_count(1) sizes(0 0 0) strde(0) byte_stride(0) alloc_wh(0 0) internal_format(0x0) alloc_format(0x0) fd_count(1) plane_count(0)
10-05 15:34:15.213  1220  1240 V WindowManager: Computed rotation=ROTATION_90 (1) for display id=0 based on lastOrientation=SCREEN_ORIENTATION_LANDSCAPE (0) and oldRotation=ROTATION_90 (1), caller=com.android.server.wm.DisplayRotation.updateRotationAndSendNewConfigIfChanged:423 com.android.server.wm.DisplayRotation.markForSeamlessRotation:892 com.android.server.wm.WindowState.finishSeamlessRotation:1085 com.android.server.wm.WindowState.lambda$new$0:937 com.android.server.wm.WindowState.$r8$lambda$U3pXGv95Gb8PldAwEUs7x3QE3U8:0 com.android.server.wm.WindowState$$ExternalSyntheticLambda1.accept:4 
10-05 15:34:15.213  1220  1240 D WindowManager: executeDrawHandlers, seqId=2, h.mSeqId=2, hadHandlers=true, win=Window{b506bb0 u0 NavigationBar0}
10-05 15:34:15.213   783   982 D gralloc : [mali_gralloc_allocate] allocation successful
10-05 15:34:15.215  1763  1763 I FaceWidgetPositionAlgorithm: getMediaContainerHeight() height = 0 container Visibility = 8, isValid = false, mIsDozing = false, fraction = 1.0, source = 0, target = 0
10-05 15:34:15.215  1763  1763 I FaceWidgetPositionAlgorithm: getMediaContainerHeight() supplier = 0
10-05 15:34:15.215  1763  1763 V QsExpandAnimator: setQsExpansionPosition 0.0
10-05 15:34:15.217  1763  1763 V QsExpandAnimator: updateAnimators
10-05 15:34:15.217  1763  1763 V QsExpandAnimator: clearAnimationState 
10-05 15:34:15.217  1763  1763 V QsExpandAnimator: updateViews
10-05 15:34:15.218  1763  1763 V QsExpandAnimator: updateTileAnimator
10-05 15:34:15.218  1763  1763 V QsExpandAnimator: updateHeaderAnimator
10-05 15:34:15.218  1763  1763 V QsExpandAnimator: updateBarAnimator
10-05 15:34:15.218  1763  1763 V QsExpandAnimator: setQsExpansionPosition 0.0
10-05 15:34:15.218  1763  1763 V QsExpandAnimator: onAnimationAtStart
10-05 15:34:15.218  1220  1307 D SurfaceControl: applyGlobalTransaction called, mName=finishDrawing_syncId(2)_NavigationBar0
10-05 15:34:15.218  1220  1307 I SurfaceComposerClient: setTransactionState with buffer. layerId: 80, bufferData(ID: 7572027343622, frameNumber: 2137, barrierFrameNumber: 2136)
10-05 15:34:15.219  1763  1763 D KeyguardPunchHoleVIView: startVI() - return, face recognition is stopped
10-05 15:34:15.219  1763  1763 V QsExpandAnimator: updateAnimators
10-05 15:34:15.219  1763  1763 V QsExpandAnimator: clearAnimationState 
10-05 15:34:15.219   865   909 D SurfaceFlinger: [NavigationBar0$_1763#80] setTransactionState with buffer. bufferData(ID: 7572027343622, frameNumber: 2137, barrierFrameNumber: 2136)
10-05 15:34:15.219  1763  1763 V QsExpandAnimator: updateViews
10-05 15:34:15.220  1763  1763 V QsExpandAnimator: updateTileAnimator
10-05 15:34:15.220  1763  1763 V QsExpandAnimator: updateHeaderAnimator
10-05 15:34:15.220  1763  1763 V QsExpandAnimator: updateBarAnimator
10-05 15:34:15.220  1763  1763 V QsExpandAnimator: setQsExpansionPosition 0.0
10-05 15:34:15.220  1763  1763 V QsExpandAnimator: onAnimationAtStart
10-05 15:34:15.228   865   865 I Layer   : id=1373 removeFromCurrentState Surface(name=WindowToken{e678e63 type=2000 android.os.BinderProxy@d9cea1d})/@0xce42ef3 - animation-leash of token_transform#1373 (145)
10-05 15:34:15.228   865   865 I Layer   : id=1374 removeFromCurrentState Surface(name=WindowToken{6beac92 type=2226 android.os.BinderProxy@f9dc21d})/@0xe69d3cc - animation-leash of token_transform#1374 (145)
10-05 15:34:15.228   865   865 I SurfaceFlinger: id=1373 Removed Surface(name=WindowToken{e678e63 type=2000 android.os.BinderProxy@d9cea1d})/@0xce42ef3 - animation-leash of token_transform#1373 (145)
10-05 15:34:15.228   865   865 I SurfaceFlinger: id=1374 Removed Surface(name=WindowToken{6beac92 type=2226 android.os.BinderProxy@f9dc21d})/@0xe69d3cc - animation-leash of token_transform#1374 (145)
10-05 15:34:15.229   865   865 I Layer   : id=1373 Destroyed Surface(name=WindowToken{e678e63 type=2000 android.os.BinderProxy@d9cea1d})/@0xce42ef3 - animation-leash of token_transform#1373
10-05 15:34:15.229   865   865 I Layer   : id=1374 Destroyed Surface(name=WindowToken{6beac92 type=2226 android.os.BinderProxy@f9dc21d})/@0xe69d3cc - animation-leash of token_transform#1374
10-05 15:34:15.230  1763  2728 I BLASTBufferQueue: [ViewRootImpl@ab31e55[NavigationBar0]#2](f:1,a:2) transactionCommittedCallback
10-05 15:34:15.230  1763  2728 I BLASTBufferQueue: [ViewRootImpl@ab31e55[NavigationBar0]#2](f:1,a:2) transactionCommittedCallback mSyncedFrameNumbers.erase(2137). mSyncedFrameNumbers: 0
10-05 15:34:15.248   865   865 D SurfaceFlinger: Display 4633128672291735937 HWC layers:
10-05 15:34:15.248   865   865 D SurfaceFlinger:  SOLID_COLOR |              | 0000 |  Unknown  |    0.0    0.0    0.0    0.0 |    0    0 1080   78 | Letterbox - left#1377
10-05 15:34:15.248   865   865 D SurfaceFlinger:      DEVICE | 0x75706a07f0 | 0100 | RGBA_8888    |    0.0    0.0 1080.0 2322.0 |    0   78 1080 2400 | Splash Screen com.videoplayer$_1763#1376
10-05 15:34:15.248   865   865 D SurfaceFlinger:      DEVICE | 0x7570693b30 | 0100 | RGBA_8888    |    0.0    0.0   72.0 2400.0 | 1008    0 1080 2400 | StatusBar$_1763#85
10-05 15:34:15.248   865   865 D SurfaceFlinger:      DEVICE | 0x75706991d0 | 0100 | RGBA_8888    |    0.0    0.0 1080.0  144.0 |    0 2256 1080 2400 | NavigationBar0$_1763#80
10-05 15:34:15.248   865   865 D SurfaceFlinger: 
10-05 15:34:15.281  3977  3982 W chtype.swiftkey: Missing inline cache for wn.o0 jn.g.l(L0.c0, Vn.F, android.graphics.RectF, int, int, float, boolean, boolean, boolean, int, boolean, boolean, boolean)
10-05 15:34:15.287   797 15631 I HYPER-HAL: [ResourceManager.cpp]removeResource(): [CPUMinFreq] RemoveResource Request ID : 2447578
10-05 15:34:15.287   797 15631 I HYPER-HAL: [RequestManager.cpp]releaseLocked(): Released ID : 2447578
10-05 15:34:15.287  3977  3977 W A       : selectionUpdated event aborted
10-05 15:34:15.287  3977  3977 W A       : Mn.w: Could not create selection changed event
10-05 15:34:15.287  3977  3977 W A       : 	at Zm.d.x(Unknown Source:64)
10-05 15:34:15.287  3977  3977 W A       : 	at Mn.A.v0(Unknown Source:274)
10-05 15:34:15.287  3977  3977 W A       : 	at Mn.A.u(Unknown Source:712)
10-05 15:34:15.287  3977  3977 W A       : 	at wn.B.e(Unknown Source:590)
10-05 15:34:15.287  3977  3977 W A       : 	at dl.A.onConfigurationChanged(Unknown Source:240)
10-05 15:34:15.287  3977  3977 W A       : 	at dl.C0.onConfigurationChanged(Unknown Source:2)
10-05 15:34:15.287  3977  3977 W A       : 	at com.touchtype.KeyboardService.onConfigurationChanged(Unknown Source:9)
10-05 15:34:15.287  3977  3977 W A       : 	at android.window.WindowTokenClient.onConfigurationChanged(WindowTokenClient.java:287)
10-05 15:34:15.287  3977  3977 W A       : 	at android.window.WindowTokenClient$$ExternalSyntheticLambda1.accept(Unknown Source:16)
10-05 15:34:15.287  3977  3977 W A       : 	at com.android.internal.util.function.pooled.PooledLambdaImpl.doInvoke(PooledLambdaImpl.java:295)
10-05 15:34:15.287  3977  3977 W A       : 	at com.android.internal.util.function.pooled.PooledLambdaImpl.invoke(PooledLambdaImpl.java:204)
10-05 15:34:15.287  3977  3977 W A       : 	at com.android.internal.util.function.pooled.OmniFunction.run(OmniFunction.java:97)
10-05 15:34:15.287  3977  3977 W A       : 	at android.os.Handler.handleCallback(Handler.java:942)
10-05 15:34:15.287  3977  3977 W A       : 	at android.os.Handler.dispatchMessage(Handler.java:99)
10-05 15:34:15.287  3977  3977 W A       : 	at android.os.Looper.loopOnce(Looper.java:226)
10-05 15:34:15.287  3977  3977 W A       : 	at android.os.Looper.loop(Looper.java:313)
10-05 15:34:15.287  3977  3977 W A       : 	at android.app.ActivityThread.main(ActivityThread.java:8762)
10-05 15:34:15.287  3977  3977 W A       : 	at java.lang.reflect.Method.invoke(Native Method)
10-05 15:34:15.287  3977  3977 W A       : 	at com.android.internal.os.RuntimeInit$MethodAndArgsCaller.run(RuntimeInit.java:604)
10-05 15:34:15.287  3977  3977 W A       : 	at com.android.internal.os.ZygoteInit.main(ZygoteInit.java:1067)
10-05 15:34:15.288  3977  3977 V ViewRootImpl@45c33f6[InputMethod]: updateAppliedLetterboxDirection, direction=1, Caller=android.view.ViewRootImpl.handleDispatchLetterboxDirectionChanged:13665
10-05 15:34:15.289  3977  3977 I DecorView: notifyKeepScreenOnChanged: keepScreenOn=false
10-05 15:34:15.290  3977  3977 I ViewRootImpl@45c33f6[InputMethod]: performTraversals mFirst=false windowShouldResize=false viewVisibilityChanged=false mForceNextWindowRelayout=false params={(0,0)(fillxfill) gr=BOTTOM CENTER_VERTICAL sim={adjust=pan} ty=INPUT_METHOD fmt=TRANSPARENT wanim=0x1030056 preferredMinDisplayRefreshRate=60.0 receive insets ignoring z-order
10-05 15:34:15.290  3977  3977 I ViewRootImpl@45c33f6[InputMethod]:   fl=81800108
10-05 15:34:15.290  3977  3977 I ViewRootImpl@45c33f6[InputMethod]:   pfl=12000000
10-05 15:34:15.290  3977  3977 I ViewRootImpl@45c33f6[InputMethod]:   bhv=DEFAULT
10-05 15:34:15.290  3977  3977 I ViewRootImpl@45c33f6[InputMethod]:   fitTypes=STATUS_BARS NAVIGATION_BARS
10-05 15:34:15.290  3977  3977 I ViewRootImpl@45c33f6[InputMethod]:   fitSides=LEFT TOP RIGHT
10-05 15:34:15.290  3977  3977 I ViewRootImpl@45c33f6[InputMethod]:   fitIgnoreVis naviIconColor=0}
10-05 15:34:15.291  1220  1240 V WindowManager: Relayout Window{1718d91 u0 InputMethod}: viewVisibility=8 req=1080x2322 d0
10-05 15:34:15.292  1220  1240 V WindowManager: Relayout hash=1718d91, pid=3977, syncId=-1: mAttrs={(0,0)(fillxfill) gr=BOTTOM CENTER_VERTICAL sim={adjust=pan} ty=INPUT_METHOD fmt=TRANSPARENT wanim=0x1030056 preferredMinDisplayRefreshRate=60.0 receive insets ignoring z-order
10-05 15:34:15.292  1220  1240 V WindowManager:   fl=81800108
10-05 15:34:15.292  1220  1240 V WindowManager:   pfl=12000000
10-05 15:34:15.292  1220  1240 V WindowManager:   bhv=DEFAULT
10-05 15:34:15.292  1220  1240 V WindowManager:   fitTypes=STATUS_BARS NAVIGATION_BARS
10-05 15:34:15.292  1220  1240 V WindowManager:   fitSides=LEFT TOP RIGHT
10-05 15:34:15.292  1220  1240 V WindowManager:   fitIgnoreVis naviIconColor=0}
10-05 15:34:15.293  3977  3977 D InsetsController: onStateChanged: InsetsState: {mDisplayFrame=Rect(0, 0 - 2400, 1080), mDisplayCutout=DisplayCutout{insets=Rect(78, 0 - 0, 0) waterfall=Insets{left=0, top=0, right=0, bottom=0} boundingRect={Bounds=[Rect(0, 330 - 78, 390), Rect(0, 0 - 0, 0), Rect(0, 0 - 0, 0), Rect(0, 0 - 0, 0)]} cutoutPathParserInfo={CutoutPathParserInfo{displayWidth=1080 displayHeight=2400 physicalDisplayWidth=1440 physicalDisplayHeight=3200 density={3.0} cutoutSpec={M 0,0 H -10 V 26 H 10 V 0 H 0 Z @dp} rotation={1} scale={1.0} physicalPixelDisplaySizeRatio={1.0}}}}, mRoundedCorners=RoundedCorners{[RoundedCorner{position=TopLeft, radius=72, center=Point(72, 72)}, RoundedCorner{position=TopRight, radius=72, center=Point(2328, 72)}, RoundedCorner{position=BottomRight, radius=72, center=Point(2328, 1008)}, RoundedCorner{position=BottomLeft, radius=72, center=Point(72, 1008)}]}  mRoundedCornerFrame=Rect(0, 0 - 0, 0), mPrivacyIndicatorBounds=PrivacyIndicatorBounds {static bounds=Rect(2268, 0 - 2400, 72) rotation=1}, mSources= { InsetsSource: {mType=ITYPE_STATUS_BAR, mFrame=[0,0][2400,72], mVisible=true, mInsetsRoundedCornerFrame=false}, InsetsSource: {mType=ITYPE_NAVIGATION_BAR, mFrame=[2256,0][2400,1080], mVisible=true, mInsetsRoundedCornerFrame=false}, InsetsSource: {mType=ITYPE_LEFT_GESTURES, mFrame=[0,0][78,1080], mVisible=true, mInsetsRoundedCornerFrame=false}, InsetsSource: {mType=ITYPE_RIGHT_GESTURES, mFrame=[2400,0][2400,1080], mVisible=true, mInsetsRoundedCornerFrame=false}, InsetsSource: {mType=ITYPE_TOP_MANDATORY_GESTURES, mFrame=[0,0][2400,72], mVisible=true, mInsetsRoundedCornerFrame=false}, InsetsSource: {mType=ITYPE_BOTTOM_MANDATORY_GESTURES, mFrame=[2256,0][2400,1080], mVisible=true, mInsetsRoundedCornerFrame=false}, InsetsSource: {mType=ITYPE_LEFT_DISPLAY_CUTOUT, mFrame=[0,0][78,1080], mVisible=true, mInsetsRoundedCornerFrame=false}, InsetsSource: {mType=ITYPE_TOP_DISPLAY_CUTOUT, mFrame=[0,0][2400,-100000], mVisible=true, mInsetsRoundedCornerFrame=false}, InsetsSource: {mType=ITYPE_RIGHT_DISPLAY_CUTOUT, mFrame=[100000,0][2400,1080], mVisible=true, mInsetsRoundedCornerFrame=false}, InsetsSource: {mType=ITYPE_BOTTOM_DISPLAY_CUTOUT, mFrame=[0,100000][2400,1080], mVisible=true, mInsetsRoundedCornerFrame=false}, InsetsSource: {mType=ITYPE_TOP_TAPPABLE_ELEMENT, mFrame=[0,0][2400,72], mVisible=true, mInsetsRoundedCornerFrame=false}, InsetsSource: {mType=ITYPE_BOTTOM_TAPPABLE_ELEMENT, mFrame=[2256,0][2400,1080], mVisible=true, mInsetsRoundedCornerFrame=false} } host=InputMethod from=android.view.ViewRootImpl.relayoutWindow:9802
10-05 15:34:15.296  3977  3977 I ViewRootImpl@45c33f6[InputMethod]: Relayout returned: old=(0,78,1080,2400) new=(0,78,1080,2400) req=(1080,2322)8 dur=5 res=0x0 s={false 0x0} ch=false seqId=0
10-05 15:34:15.299  1763  2728 I ViewRootImpl@7ebb575[videoplayer]: Resizing android.view.ViewRootImpl@172bbd6: frame = [78,0][2400,1080] reportDraw = false forceLayout = false syncSeqId = 0
10-05 15:34:15.299  1763  2720 I ViewRootImpl@854c205[StatusBar]: Resizing android.view.ViewRootImpl@2647981: frame = [0,0][2400,72] reportDraw = false forceLayout = false syncSeqId = 2
10-05 15:34:15.299  1763  2706 I ViewRootImpl@ab31e55[NavigationBar0]: Resizing android.view.ViewRootImpl@555b936: frame = [2256,0][2400,1080] reportDraw = false forceLayout = false syncSeqId = 2
10-05 15:34:15.299  1763  1763 I ViewRootImpl@854c205[StatusBar]: handleResized, msg = 4 frames=ClientWindowFrames{frame=[0,0][2400,72] display=[0,0][2400,1080] parentFrame=[0,0][0,0] parentClippedByDisplayCutout=false} forceNextWindowRelayout=false displayId=0 resizeMode=-1 frameChanged=false displayFrameChanged=false configChanged=false displayChanged=false
10-05 15:34:15.300  1763  1763 D InsetsController: onStateChanged: InsetsState: {mDisplayFrame=Rect(0, 0 - 2400, 1080), mDisplayCutout=DisplayCutout{insets=Rect(78, 0 - 0, 0) waterfall=Insets{left=0, top=0, right=0, bottom=0} boundingRect={Bounds=[Rect(0, 330 - 78, 390), Rect(0, 0 - 0, 0), Rect(0, 0 - 0, 0), Rect(0, 0 - 0, 0)]} cutoutPathParserInfo={CutoutPathParserInfo{displayWidth=1080 displayHeight=2400 physicalDisplayWidth=1440 physicalDisplayHeight=3200 density={3.0} cutoutSpec={M 0,0 H -10 V 26 H 10 V 0 H 0 Z @dp} rotation={1} scale={1.0} physicalPixelDisplaySizeRatio={1.0}}}}, mRoundedCorners=RoundedCorners{[RoundedCorner{position=TopLeft, radius=72, center=Point(72, 72)}, RoundedCorner{position=TopRight, radius=72, center=Point(2328, 72)}, RoundedCorner{position=BottomRight, radius=72, center=Point(2328, 1008)}, RoundedCorner{position=BottomLeft, radius=72, center=Point(72, 1008)}]}  mRoundedCornerFrame=Rect(0, 0 - 0, 0), mPrivacyIndicatorBounds=PrivacyIndicatorBounds {static bounds=Rect(2268, 0 - 2400, 72) rotation=1}, mSources= { InsetsSource: {mType=ITYPE_LEFT_GESTURES, mFrame=[0,0][78,1080], mVisible=true, mInsetsRoundedCornerFrame=false}, InsetsSource: {mType=ITYPE_RIGHT_GESTURES, mFrame=[2400,0][2400,1080], mVisible=true, mInsetsRoundedCornerFrame=false}, InsetsSource: {mType=ITYPE_TOP_MANDATORY_GESTURES, mFrame=[0,0][2400,72], mVisible=true, mInsetsRoundedCornerFrame=false}, InsetsSource: {mType=ITYPE_BOTTOM_MANDATORY_GESTURES, mFrame=[2256,0][2400,1080], mVisible=true, mInsetsRoundedCornerFrame=false}, InsetsSource: {mType=ITYPE_LEFT_DISPLAY_CUTOUT, mFrame=[0,0][78,1080], mVisible=true, mInsetsRoundedCornerFrame=false}, InsetsSource: {mType=ITYPE_TOP_DISPLAY_CUTOUT, mFrame=[0,0][2400,-100000], mVisible=true, mInsetsRoundedCornerFrame=false}, InsetsSource: {mType=ITYPE_RIGHT_DISPLAY_CUTOUT, mFrame=[100000,0][2400,1080], mVisible=true, mInsetsRoundedCornerFrame=false}, InsetsSource: {mType=ITYPE_BOTTOM_DISPLAY_CUTOUT, mFrame=[0,100000][2400,1080], mVisible=true, mInsetsRoundedCornerFrame=false}, InsetsSource: {mType=ITYPE_TOP_TAPPABLE_ELEMENT, mFrame=[0,0][2400,72], mVisible=true, mInsetsRoundedCornerFrame=false}, InsetsSource: {mType=ITYPE_BOTTOM_TAPPABLE_ELEMENT, mFrame=[2256,0][2400,1080], mVisible=true, mInsetsRoundedCornerFrame=false}, InsetsSource: {mType=ITYPE_IME, mFrame=[0,0][0,0], mVisible=false, mInsetsRoundedCornerFrame=false} } host=NavigationBar0 from=android.view.ViewRootImpl$ViewRootHandler.handleMessageImpl:6727
10-05 15:34:15.300  1763  1763 I ViewRootImpl@ab31e55[NavigationBar0]: handleResized, msg = 4 frames=ClientWindowFrames{frame=[2256,0][2400,1080] display=[0,0][2400,1080] parentFrame=[0,0][0,0] parentClippedByDisplayCutout=false} forceNextWindowRelayout=false displayId=0 resizeMode=-1 frameChanged=false displayFrameChanged=false configChanged=false displayChanged=false
