10-05 15:34:14.602  2212  2212 W LauncherAppWidgetHost: setShouldListenFlag, mFlags:7 flag:resume on:false isFront:false
10-05 15:34:14.603  2212  2212 W PageOverlayMover: updateActivityLifecycleState : 3
10-05 15:34:14.603  5087  7326 I PageOverlayServiceImpl: [FROM HOME] updateActivityLifecycleState : [3] : onPaused
10-05 15:34:14.603  2212  2212 I SPayUpdater: updateSpayHandler launcher activity is paused false
10-05 15:34:14.603  1220  4096 D MARsPolicyManager: onPackageResumedFG pkgName = com.videoplayer, userId = 0
10-05 15:34:14.603  1220  4096 W WindowManager: Prepare app transition: mNextAppTransitionRequests=[TRANSIT_OPEN, TRANSIT_OPEN], mNextAppTransitionFlags=, displayId: 0 Callers=com.android.server.wm.DisplayContent.prepareAppTransition:6493 com.android.server.wm.TaskFragment.resumeTopActivity:1573 com.android.server.wm.TaskFragment.resumeTopActivity:1307 com.android.server.wm.Task.resumeTopActivityInnerLocked:6451 com.android.server.wm.Task.resumeTopActivityUncheckedLocked:6352 
10-05 15:34:14.604  1220  4096 D WindowManagerServiceExt: notifyOccludeChangeNotice: cn=ComponentInfo{com.videoplayer/com.videoplayer.MainActivity} occludesParent=true inMultiWindow=false styleFloating=false caller=com.android.server.wm.WindowManagerServiceExt.updateOccludeTargetIfNeeded:1402 com.android.server.wm.DisplayContent.ensureActivitiesVisible:7532 com.android.server.wm.RootWindowContainer.ensureActivitiesVisible:2248 com.android.server.wm.RootWindowContainer.ensureActivitiesVisible:2229 com.android.server.wm.TaskFragment.completePause:2076 
10-05 15:34:14.605  1763  1837 D NativeCustomFrequencyManager: [NativeCFMS] BpCustomFrequencyManager::BpCustomFrequencyManager()
10-05 15:34:14.606  2212  2212 I TopTaskTracker: onTaskMovedToFront : taskId = 17387
10-05 15:34:14.606  1220  4255 V WindowManager: rotationForOrientation(orient=SCREEN_ORIENTATION_LANDSCAPE (0), last=ROTATION_0 (0)); user=ROTATION_0 (0) USER_ROTATION_LOCKED
10-05 15:34:14.606  1220  4255 D WindowManager: rotationForOrientation, orientationSource=ActivityRecord{f582e83 u0 com.videoplayer/.MainActivity} t17387}
10-05 15:34:14.607  1220  4255 D ActivityTaskManager: applyFixedRotationTransform, r=ActivityRecord{f582e83 u0 com.videoplayer/.MainActivity} t17387}, caller=com.android.server.wm.DisplayContent.startFixedRotationTransform:2296 com.android.server.wm.DisplayContent.setFixedRotationLaunchingApp:2228 com.android.server.wm.DisplayContent.handleTopActivityLaunchingInDifferentOrientation:2130 com.android.server.wm.DisplayContent.updateOrientation:1985 com.android.server.wm.DisplayContent.updateOrientation:1891 
10-05 15:34:14.608  1220  4255 D WindowManager: AsyncRotationController, added w=Window{2b02663 u0 com.samsung.android.app.cocktailbarservice/com.samsung.android.app.cocktailbarservice.CocktailBarService}
10-05 15:34:14.608  1220  4255 D WindowManager: AsyncRotationController, added w=Window{30bfa60 u0 StatusBar}
10-05 15:34:14.608  1763  1820 I ImageWallpaper[GLEngine]: onFixedRotationStarted displayId=0, newRotation=1, mRotation=0, {1.0 425mcc2mnc [en_US,iw_IL,ru_RU] ldltr sw360dp w360dp h726dp 480dpi nrml long port night finger -keyb/v/h -nav/h winConfig={ mBounds=Rect(0, 0 - 1080, 2400) mAppBounds=Rect(0, 78 - 1080, 2256) mMaxBounds=Rect(0, 0 - 1080, 2400) mDisplayRotation=ROTATION_0 mWindowingMode=fullscreen mDisplayWindowingMode=fullscreen mActivityType=undefined mAlwaysOnTop=undefined mRotation=ROTATION_0 mPopOver=undefined mStageConfig=undefined mFreeformTaskPinningState=undefined mFreeformStashState=undefined mDexTaskDockingState=undefined} s.179 fontWeightAdjustment=0 ff=0 bf=0 bts=0 desktop/d dm/n ?dc ?dcui themeSeq=0 nightDim=0}
10-05 15:34:14.608  1763  1820 D PipTaskOrganizer: onFixedRotationStarted: rot=1, PipTaskOrganizer{mState=0, mTaskInfo=null, mLeash=null, mWaitForFixedRotation=true, inSwipePipToHome=false, mOneShotAnimationType=0, mPictureInPictureParams=null}
10-05 15:34:14.609  1220  4255 D WindowManager: fadeWindowToken, show=false, animationType=token_transform, topWindow=Window{30bfa60 u0 StatusBar}, token=WindowToken{e678e63 type=2000 android.os.BinderProxy@d9cea1d}, caller=com.android.server.wm.AsyncRotationController.fadeWindowToken:599 com.android.server.wm.AsyncRotationController.start:387 com.android.server.wm.DisplayContent.startAsyncRotation:2345 com.android.server.wm.DisplayContent.setFixedRotationLaunchingAppUnchecked:2178 com.android.server.wm.DisplayContent.setFixedRotationLaunchingApp:2230 
10-05 15:34:14.609  1220  4255 I WindowManager: Reparenting to leash, surface=Surface(name=WindowToken{e678e63 type=2000 android.os.BinderProxy@d9cea1d})/@0xce42ef3, leashParent=Surface(name=Leaf:15:15)/@0x4cd16a3
10-05 15:34:14.610   865   909 I SurfaceFlinger: id=1373 createSurf flag=24000, Surface(name=WindowToken{e678e63 type=2000 android.os.BinderProxy@d9cea1d})/@0xce42ef3 - animation-leash of token_transform#1373
10-05 15:34:14.610  1220  4255 D WindowManager: makeSurface duration=0 leash=Surface(name=Surface(name=WindowToken{e678e63 type=2000 android.os.BinderProxy@d9cea1d})/@0xce42ef3 - animation-leash of token_transform)/@0x4579f56
10-05 15:34:14.610  1220  4255 D AsyncRotation_WindowManager: Start fade-out Window{30bfa60 u0 StatusBar}
10-05 15:34:14.611  1220  4255 D WindowManager: fadeWindowToken, show=false, animationType=token_transform, topWindow=Window{2b02663 u0 com.samsung.android.app.cocktailbarservice/com.samsung.android.app.cocktailbarservice.CocktailBarService}, token=WindowToken{6beac92 type=2226 android.os.BinderProxy@f9dc21d}, caller=com.android.server.wm.AsyncRotationController.fadeWindowToken:599 com.android.server.wm.AsyncRotationController.start:387 com.android.server.wm.DisplayContent.startAsyncRotation:2345 com.android.server.wm.DisplayContent.setFixedRotationLaunchingAppUnchecked:2178 com.android.server.wm.DisplayContent.setFixedRotationLaunchingApp:2230 
10-05 15:34:14.611  1220  4255 I WindowManager: Reparenting to leash, surface=Surface(name=WindowToken{6beac92 type=2226 android.os.BinderProxy@f9dc21d})/@0xe69d3cc, leashParent=Surface(name=Leaf:18:23)/@0xd5f8615
10-05 15:34:14.611   865   909 I SurfaceFlinger: id=1374 createSurf flag=24000, Surface(name=WindowToken{6beac92 type=2226 android.os.BinderProxy@f9dc21d})/@0xe69d3cc - animation-leash of token_transform#1374
10-05 15:34:14.611  1220  4255 D WindowManager: makeSurface duration=0 leash=Surface(name=Surface(name=WindowToken{6beac92 type=2226 android.os.BinderProxy@f9dc21d})/@0xe69d3cc - animation-leash of token_transform)/@0xe5f3bd7
10-05 15:34:14.611  1220  4255 D AsyncRotation_WindowManager: Start fade-out Window{2b02663 u0 com.samsung.android.app.cocktailbarservice/com.samsung.android.app.cocktailbarservice.CocktailBarService}
10-05 15:34:14.611  1220  4255 D WindowManager: setFixedRotationLaunchingAppUnchecked, rotation=1, r=ActivityRecord{f582e83 u0 com.videoplayer/.MainActivity} t17387}, caller=com.android.server.wm.DisplayContent.setFixedRotationLaunchingApp:2230 com.android.server.wm.DisplayContent.handleTopActivityLaunchingInDifferentOrientation:2130 com.android.server.wm.DisplayContent.updateOrientation:1985 com.android.server.wm.DisplayContent.updateOrientation:1891 com.android.server.wm.RootWindowContainer.ensureVisibilityAndConfig:2139 
10-05 15:34:14.611  1220  4255 V WindowManager: updateDisplayAndOrientation: Change 571.5x564.444dpi to 428.625x423.33298dpi, BaseDpi=571.5x564.444, DisplayRatio=0.75x0.75
10-05 15:34:14.612  1220  4255 D TspStateManager: updateCustomValue customSetting=
10-05 15:34:14.612  1220  4255 V WindowManager: updateDisplayAndOrientation: Change 571.5x564.444dpi to 428.625x423.33298dpi, BaseDpi=571.5x564.444, DisplayRatio=0.75x0.75
10-05 15:34:14.612  1220  4255 D TspStateManager: updateCustomValue customSetting=
10-05 15:34:14.612  1220  4255 D SGM:PkgDataHelper: notifyAppCreate(), pkgName: com.videoplayer, userId: 0, sendRet: true
10-05 15:34:14.612  1220  1551 D SGM:FgCheckThread: onLooperPrepared(), msg: MSG_APP_CREATE, pkgName: com.videoplayer, userId: 0
10-05 15:34:14.613  1220  4255 D ActivityTaskManager: scheduleTopResumedActivityChanged, onTop=true r=ActivityRecord{f582e83 u0 com.videoplayer/.MainActivity} t17387} caller=com.android.server.wm.ActivityTaskSupervisor.scheduleTopResumedActivityStateIfNeeded:2535 com.android.server.wm.ActivityTaskSupervisor.updateTopResumedActivityIfNeeded:2527 com.android.server.wm.TaskFragment.setResumedActivity:493 com.android.server.wm.TaskFragment.onActivityStateChanged:805 com.android.server.wm.ActivityRecord.setState:6406 com.android.server.wm.Task.minimalResumeActivityLocked:6155 
10-05 15:34:14.613  1220  4255 D InputDispatcher: Focused application(0): ActivityRecord{f582e83 u0 com.videoplayer/.MainActivity} t17387}
10-05 15:34:14.613  1220  4255 V WindowManager: Changing focus from Window{a32e70a u0 com.sec.android.app.launcher/com.sec.android.app.launcher.activities.LauncherActivity} to null displayId=0 Callers=com.android.server.wm.RootWindowContainer.updateFocusedWindowLocked:595 com.android.server.wm.WindowManagerService.updateFocusedWindowLocked:6810 com.android.server.wm.ActivityTaskManagerService.setResumedActivityUncheckLocked:5766 com.android.server.wm.TaskFragment.onActivityStateChanged:807 
10-05 15:34:14.613  1220  4255 D MARsPolicyManager: onPackageResumedFG pkgName = com.sec.android.app.launcher, userId = 0
10-05 15:34:14.629  1220  4255 D StatusBarManagerService: notifyRequestedSystemKey recent=false home=false
10-05 15:34:14.629  1220  4255 D SGM:FgCheckThread: TaskStackListener.onTaskFocusChanged(), taskId=17353, focused=false
10-05 15:34:14.629  1220  4255 D SGM:FgCheckThread: TaskStackListener.onTaskFocusChanged(), taskId=17387, focused=true
10-05 15:34:14.629  1220  4255 D SGM:FgCheckThread:   sendRunningComponentFocus(), pkgName: com.videoplayer, userId: 0
10-05 15:34:14.629  1220  1551 D SGM:FgCheckThread: onLooperPrepared(), msg: MSG_TASK_FOCUSED, pkgName: com.videoplayer, userId: 0
10-05 15:34:14.629  1220  1551 D SGM:FgCheckThread: handleTaskFocused().
10-05 15:34:14.629  1220  1551 D SGM:FgCheckThread: sendFocusOutConditionally() - mPrevNotiPkg: (unknown), userId: 0
10-05 15:34:14.629  1220  1551 D SGM:FgCheckThread:   handleTaskFocused(), pkgName: com.videoplayer, userID:0
10-05 15:34:14.629  1220  1551 D SGM:FgCheckThread: handleResume().
10-05 15:34:14.629  1220  1551 D SGM:FgCheckThread: sendFocusOutConditionally() - mPrevNotiPkg: (unknown), userId: 0
10-05 15:34:14.629  1220  1551 D SGM:FgCheckThread:   handleResume(). pkgName: com.videoplayer, userId: 0, isTunableApp: null
10-05 15:34:14.629  1220  1551 D SGM:FgCheckThread: notifyFocusInOut(). of pkg: com.videoplayer, type: 4, isTunableApp: false, userId: 0
10-05 15:34:14.629  1220  1551 D SGM:FgCheckThread:   notifyFocusInOut(). unexpected mPrevNotiType: -1
10-05 15:34:14.629  1220  1551 D SGM:SystemHelper: callReleaseBlock needReleaseBlock:false
10-05 15:34:14.630  1220  4255 W WindowManager: Execute app transition: mNextAppTransitionRequests=[TRANSIT_OPEN, TRANSIT_OPEN], mNextAppTransitionFlags=, displayId: 0 Callers=com.android.server.wm.RootWindowContainer.executeAppTransitionForAllDisplay:2580 com.android.server.wm.ActivityTaskSupervisor.reportResumedActivityLocked:2287 com.android.server.wm.ActivityRecord.completeResumeLocked:6987 com.android.server.wm.Task.minimalResumeActivityLocked:6156 com.android.server.wm.ActivityTaskSupervisor.realStartActivityLocked:1137 
10-05 15:34:14.631  1220  4097 D InputTransport: Input channel constructed: '2981648', fd=846
10-05 15:34:14.631  1220  4097 D InputTransport: Input channel constructed: '2981648', fd=907
10-05 15:34:14.631  1220  4097 D InputTransport: Input channel constructed: '2981648', fd=845
10-05 15:34:14.632   865  1129 I SurfaceFlinger: id=1375 createSurf flag=80004, 2981648 Splash Screen com.videoplayer#1375
10-05 15:34:14.632  1220  4097 V WindowManager: addWindow: ActivityRecord{f582e83 u0 com.videoplayer/.MainActivity} t17387} startingWindow=Window{2981648 u0 Splash Screen com.videoplayer}
10-05 15:34:14.632  1220  4097 D InputTransport: Input channel destroyed: '2981648', fd=845
10-05 15:34:14.633  1763  1830 D InsetsController: onStateChanged: InsetsState: {mDisplayFrame=Rect(0, 0 - 2400, 1080), mDisplayCutout=DisplayCutout{insets=Rect(78, 0 - 0, 0) waterfall=Insets{left=0, top=0, right=0, bottom=0} boundingRect={Bounds=[Rect(0, 330 - 78, 390), Rect(0, 0 - 0, 0), Rect(0, 0 - 0, 0), Rect(0, 0 - 0, 0)]} cutoutPathParserInfo={CutoutPathParserInfo{displayWidth=1080 displayHeight=2400 physicalDisplayWidth=1440 physicalDisplayHeight=3200 density={3.0} cutoutSpec={M 0,0 H -10 V 26 H 10 V 0 H 0 Z @dp} rotation={1} scale={1.0} physicalPixelDisplaySizeRatio={1.0}}}}, mRoundedCorners=RoundedCorners{[RoundedCorner{position=TopLeft, radius=72, center=Point(72, 72)}, RoundedCorner{position=TopRight, radius=72, center=Point(2328, 72)}, RoundedCorner{position=BottomRight, radius=72, center=Point(2328, 1008)}, RoundedCorner{position=BottomLeft, radius=72, center=Point(72, 1008)}]}  mRoundedCornerFrame=Rect(0, 0 - 1080, 2400), mPrivacyIndicatorBounds=PrivacyIndicatorBounds {static bounds=Rect(2268, 0 - 2400, 72) rotation=1}, mSources= { InsetsSource: {mType=ITYPE_STATUS_BAR, mFrame=[0,0][2400,72], mVisible=true, mInsetsRoundedCornerFrame=false}, InsetsSource: {mType=ITYPE_NAVIGATION_BAR, mFrame=[2256,0][2400,1080], mVisible=true, mInsetsRoundedCornerFrame=false}, InsetsSource: {mType=ITYPE_LEFT_GESTURES, mFrame=[0,0][78,1080], mVisible=true, mInsetsRoundedCornerFrame=false}, InsetsSource: {mType=ITYPE_RIGHT_GESTURES, mFrame=[2400,0][2400,1080], mVisible=true, mInsetsRoundedCornerFrame=false}, InsetsSource: {mType=ITYPE_TOP_MANDATORY_GESTURES, mFrame=[0,0][2400,72], mVisible=true, mInsetsRoundedCornerFrame=false}, InsetsSource: {mType=ITYPE_BOTTOM_MANDATORY_GESTURES, mFrame=[2256,0][2400,1080], mVisible=true, mInsetsRoundedCornerFrame=false}, InsetsSource: {mType=ITYPE_LEFT_DISPLAY_CUTOUT, mFrame=[0,0][78,1080], mVisible=true, mInsetsRoundedCornerFrame=false}, InsetsSource: {mType=ITYPE_TOP_DISPLAY_CUTOUT, mFrame=[0,0][2400,-100000], mVisible=true, mInsetsRoundedCornerFrame=false}, InsetsSource: {mType=ITYPE_RIGHT_DISPLAY_CUTOUT, mFrame=[100000,0][2400,1080], mVisible=true, mInsetsRoundedCornerFrame=false}, InsetsSource: {mType=ITYPE_BOTTOM_DISPLAY_CUTOUT, mFrame=[0,100000][2400,1080], mVisible=true, mInsetsRoundedCornerFrame=false}, InsetsSource: {mType=ITYPE_TOP_TAPPABLE_ELEMENT, mFrame=[0,0][2400,72], mVisible=true, mInsetsRoundedCornerFrame=false}, InsetsSource: {mType=ITYPE_BOTTOM_TAPPABLE_ELEMENT, mFrame=[2256,0][2400,1080], mVisible=true, mInsetsRoundedCornerFrame=false} } host=Splash Screen com.videoplayer from=android.view.ViewRootImpl.setView:1732
10-05 15:34:14.633  1763  1830 I ViewRootImpl@7ebb575[videoplayer]: setView = android.widget.FrameLayout@2cf33f1 TM=true
10-05 15:34:14.634  1220  1597 D AS.MultiSoundManager: mForegroundUid = 10608
10-05 15:34:14.634  1763  1830 I ViewRootImpl@7ebb575[videoplayer]: performTraversals params={(0,0)(fillxfill) sim={adjust=pan} ty=APPLICATION_STARTING fmt=TRANSLUCENT wanim=0x1030309
10-05 15:34:14.634  1763  1830 I ViewRootImpl@7ebb575[videoplayer]:   fl=81030118
10-05 15:34:14.634  1763  1830 I ViewRootImpl@7ebb575[videoplayer]:   pfl=16000010
10-05 15:34:14.634  1763  1830 I ViewRootImpl@7ebb575[videoplayer]:   apr=LIGHT_STATUS_BARS LIGHT_NAVIGATION_BARS
10-05 15:34:14.634  1763  1830 I ViewRootImpl@7ebb575[videoplayer]:   bhv=DEFAULT
10-05 15:34:14.634  1763  1830 I ViewRootImpl@7ebb575[videoplayer]:   fitSides= naviIconColor=0}
10-05 15:34:14.634  1763  1830 I ViewRootImpl@7ebb575[videoplayer]: performTraversals mFirst=true windowShouldResize=true viewVisibilityChanged=false mForceNextWindowRelayout=false params={(0,0)(fillxfill) sim={adjust=pan} ty=APPLICATION_STARTING fmt=TRANSLUCENT wanim=0x1030309
10-05 15:34:14.634  1763  1830 I ViewRootImpl@7ebb575[videoplayer]:   fl=81030118
10-05 15:34:14.634  1763  1830 I ViewRootImpl@7ebb575[videoplayer]:   pfl=16000010
10-05 15:34:14.634  1763  1830 I ViewRootImpl@7ebb575[videoplayer]:   apr=LIGHT_STATUS_BARS LIGHT_NAVIGATION_BARS
10-05 15:34:14.634  1763  1830 I ViewRootImpl@7ebb575[videoplayer]:   bhv=DEFAULT
10-05 15:34:14.634  1763  1830 I ViewRootImpl@7ebb575[videoplayer]:   fitSides= naviIconColor=0}
10-05 15:34:14.635  1220  1306 I ActivityManager: Changes in 10608 20 to 2, 0 to 15
10-05 15:34:14.636  1220  1306 I AppOps  : updateUidProcState uid: 10608 procState: 2 capability:15
10-05 15:34:14.636  1220  1306 I AppOps  : commitUidPendingStateLocked() :: UID - 10608, 700 > 200, 0 > 15
10-05 15:34:14.636  1220  1306 I ActivityManager: updateOomAdj start time is before than pendingPid added, don't delete it
10-05 15:34:14.637  1220  1319 W libprocessgroup: Failed to open /dev/blkio//cgroup.procs: No such file or directory
10-05 15:34:14.637  1220  2309 V WindowManager: Relayout Window{2981648 u0 Splash Screen com.videoplayer}: viewVisibility=0 req=1002x2400 d0
10-05 15:34:14.637  1220  2309 D RestrictionPolicy: isScreenCaptureEnabled : ret=true userId=0
10-05 15:34:14.637   865   909 I SurfaceFlinger: id=1376 createSurf flag=40004, Splash Screen com.videoplayer$_1763#1376
10-05 15:34:14.638  1220  2309 D WindowManager: makeSurface duration=1 name=Splash Screen com.videoplayer$_1763
10-05 15:34:14.638  1220  2413 I AppOps  : updateUidProcState uid: 10053 procState: 1 capability:15
10-05 15:34:14.639  1220  1319 W libprocessgroup: Failed to open /dev/blkio//cgroup.procs: No such file or directory
10-05 15:34:14.640  1220  1240 D CoreBackPreview: Window{2981648 u0 Splash Screen com.videoplayer}: Setting back callback OnBackInvokedCallbackInfo{mCallback=android.window.IOnBackInvokedCallback$Stub$Proxy@7ce4fea, mPriority=0}
10-05 15:34:14.641  1220  1306 D SGM:FgCheckThread: notePauseComponent(), received pkgName: com.sec.android.app.launcher, userId: 0
10-05 15:34:14.641  1220  2309 V WindowManager: Relayout hash=2981648, pid=1763, syncId=-1: mAttrs={(0,0)(fillxfill) sim={adjust=pan} ty=APPLICATION_STARTING fmt=TRANSLUCENT wanim=0x1030309
10-05 15:34:14.641  1220  2309 V WindowManager:   fl=81030118
10-05 15:34:14.641  1220  2309 V WindowManager:   pfl=16000010
10-05 15:34:14.641  1220  2309 V WindowManager:   apr=LIGHT_STATUS_BARS LIGHT_NAVIGATION_BARS
10-05 15:34:14.641  1220  2309 V WindowManager:   bhv=DEFAULT
10-05 15:34:14.641  1220  2309 V WindowManager:   fitSides= naviIconColor=0}
10-05 15:34:14.641  1220  1220 I CocktailBarManagerServiceContainer: handleMessage: entry what = 6
10-05 15:34:14.643  1763  1830 I ViewRootImpl@7ebb575[videoplayer]: updateBlastSurfaceIfNeeded mBlastBufferQueue=null isSameSurfaceControl=false
10-05 15:34:14.644  1763  1830 I BLASTBufferQueue: new BLASTBufferQueue, mName= ViewRootImpl@7ebb575[videoplayer] mNativeObject= 0x7bdb04b450 sc.mNativeObject= 0x7b6b0c3130 caller= android.view.ViewRootImpl.updateBlastSurfaceIfNeeded:2909 android.view.ViewRootImpl.relayoutWindow:9847 android.view.ViewRootImpl.performTraversals:3884 android.view.ViewRootImpl.doTraversal:3116 android.view.ViewRootImpl$TraversalRunnable.run:10885 android.view.Choreographer$CallbackRecord.run:1301 android.view.Choreographer$CallbackRecord.run:1309 android.view.Choreographer.doCallbacks:923 android.view.Choreographer.doFrame:852 android.view.Choreographer$FrameDisplayEventReceiver.run:1283 
10-05 15:34:14.644  1763  1830 I BLASTBufferQueue: update, w= 2322 h= 1080 mName = ViewRootImpl@7ebb575[videoplayer] mNativeObject= 0x7bdb04b450 sc.mNativeObject= 0x7b6b0c3130 format= -3 caller= android.graphics.BLASTBufferQueue.<init>:84 android.view.ViewRootImpl.updateBlastSurfaceIfNeeded:2909 android.view.ViewRootImpl.relayoutWindow:9847 android.view.ViewRootImpl.performTraversals:3884 android.view.ViewRootImpl.doTraversal:3116 android.view.ViewRootImpl$TraversalRunnable.run:10885 
10-05 15:34:14.644 15619 15619 D CompatibilityChangeReporter: Compat change id reported: 171979766; UID 10608; state: ENABLED
10-05 15:34:14.645   996  4939 I CameraService: onUidStateChanged: uid=10053, procState is changed. (0 -> 1)
10-05 15:34:14.645  1763  1830 I ViewRootImpl@7ebb575[videoplayer]: Relayout returned: old=(78,0,1080,2400) new=(78,0,2400,1080) req=(1002,2400)0 dur=9 res=0x3 s={true 0x7c6b1bf080} ch=true seqId=0
10-05 15:34:14.645   870   895 I heimdall: insert_task_to_group:67, insert tgid 15619 to group com.videoplayer, ret = 0
10-05 15:34:14.646   865   865 I SurfaceFlinger: [a32e70a com.sec.android.app.launcher/com.sec.android.app.launcher.activities.LauncherActivity#177] FrameRatePriority: -1
10-05 15:34:14.646   865   865 D SurfaceFlinger: [input] inputWindowCommands.focusRequests size is 1
10-05 15:34:14.646  1763  1830 I ViewRootImpl@7ebb575[videoplayer]: mThreadedRenderer.initialize() mSurface={isValid=true 0x7c6b1bf080} hwInitialized=true
10-05 15:34:14.646  1763  1837 D OpenGLRenderer: eglCreateWindowSurface
10-05 15:34:14.647   865   988 D SurfaceFlinger: [input] setFocusedWindow: <null>
10-05 15:34:14.647   783   982 D gralloc : [mali_gralloc_allocate] begin
10-05 15:34:14.647   783   982 D gralloc : buffer_descriptor: wh(2322 1080) usage_pc(0x40000000000b00 0x40000000000b00) hal_format(0x1) layer_count(1) sizes(0 0 0) strde(0) byte_stride(0) alloc_wh(0 0) internal_format(0x0) alloc_format(0x0) fd_count(1) plane_count(0)
10-05 15:34:14.647  1220  1240 D InputDispatcher: Focus left window (0): a32e70a com.sec.android.app.launcher/com.sec.android.app.launcher.activities.LauncherActivity
10-05 15:34:14.648  1220  1306 I GameSDK@LifeCycle: noteResumeComponent(): package name  : com.videoplayer
10-05 15:34:14.648  1220  1306 D SGM:FgCheckThread: noteResumeComponent(), received pkgName: com.videoplayer, userId: 0
10-05 15:34:14.648  2212  2212 I ViewRootImpl@6c41c19[LauncherActivity]: MSG_WINDOW_FOCUS_CHANGED 0 0
10-05 15:34:14.648  2212  2212 I BaseActivity: removeActivityFlags, flags : 8
10-05 15:34:14.648  1763  1830 I ViewRootImpl@7ebb575[videoplayer]: reportNextDraw android.view.ViewRootImpl.performTraversals:4438 android.view.ViewRootImpl.doTraversal:3116 android.view.ViewRootImpl$TraversalRunnable.run:10885 android.view.Choreographer$CallbackRecord.run:1301 android.view.Choreographer$CallbackRecord.run:1309 
10-05 15:34:14.649  1763  1830 I ViewRootImpl@7ebb575[videoplayer]: Setup new sync id=0
10-05 15:34:14.649  1763  1830 I ViewRootImpl@7ebb575[videoplayer]: Setting syncFrameCallback
10-05 15:34:14.649  1763  1830 I ViewRootImpl@7ebb575[videoplayer]: registerCallbacksForSync syncBuffer=false
10-05 15:34:14.649   783   982 D gralloc : [mali_gralloc_allocate] allocation successful
10-05 15:34:14.649  1220  2758 I MediaSessionMonitor: Media session stopped : controllerList empty
10-05 15:34:14.649  1220  1551 D SGM:FgCheckThread: onLooperPrepared(), msg: MSG_APP_RESUME, pkgName: com.videoplayer, userid: 0
10-05 15:34:14.649  1220  1551 D SGM:FgCheckThread: handleResume().
10-05 15:34:14.650  1220  1551 D SGM:FgCheckThread: sendFocusOutConditionally() - mPrevNotiPkg: (unknown), userId: 0
10-05 15:34:14.650  1220  1551 D SGM:FgCheckThread:   handleResume(). pkgName: com.videoplayer, userId: 0, isTunableApp: null
10-05 15:34:14.650  1220  1306 D SGM:GameManager: identifyGamePackage. com.videoplayer, mCurrentUserId: 0, callerUserId: 0, callingMethodInfo: com.android.server.ssrm.SortingMachine.isGame(SortingMachine.java:162)
10-05 15:34:14.650   783   982 D gralloc : [mali_gralloc_allocate] begin
10-05 15:34:14.650  1220  1306 D SGM:PkgDataHelper: getGamePkgData(). com.videoplayer
10-05 15:34:14.650   783   982 D gralloc : buffer_descriptor: wh(2322 1080) usage_pc(0x40000000000b00 0x40000000000b00) hal_format(0x1) layer_count(1) sizes(0 0 0) strde(0) byte_stride(0) alloc_wh(0 0) internal_format(0x0) alloc_format(0x0) fd_count(1) plane_count(0)
10-05 15:34:14.650  1220  1551 D SGM:FgCheckThread: notifyFocusInOut(). of pkg: com.videoplayer, type: 4, isTunableApp: false, userId: 0
10-05 15:34:14.650  1220  1551 D SGM:FgCheckThread:   notifyFocusInOut(). unexpected mPrevNotiType: -1
10-05 15:34:14.650  1220  1551 D SGM:SystemHelper: callReleaseBlock needReleaseBlock:false
10-05 15:34:14.651   783   982 D gralloc : [mali_gralloc_allocate] allocation successful
10-05 15:34:14.651  1220  1567 V NetworkPolicy: getFirewallRuleMobileData UID:10608 policy:0
10-05 15:34:14.651   783   982 D gralloc : [mali_gralloc_allocate] begin
10-05 15:34:14.651   783   982 D gralloc : buffer_descriptor: wh(2322 1080) usage_pc(0x40000000000b00 0x40000000000b00) hal_format(0x1) layer_count(1) sizes(0 0 0) strde(0) byte_stride(0) alloc_wh(0 0) internal_format(0x0) alloc_format(0x0) fd_count(1) plane_count(0)
10-05 15:34:14.652  1763  1866 I ViewRootImpl@7ebb575[videoplayer]: Received frameDrawingCallback syncResult=0 frameNum=1.
10-05 15:34:14.652  1763  1866 I ViewRootImpl@7ebb575[videoplayer]: Setting up sync and frameCommitCallback
10-05 15:34:14.652  1220  1220 I CocktailBarManagerServiceContainer: handleMessage: entry what = 5
10-05 15:34:14.653   783   982 D gralloc : [mali_gralloc_allocate] allocation successful
10-05 15:34:14.653   783   982 D gralloc : [mali_gralloc_allocate] begin
10-05 15:34:14.653   783   982 D gralloc : buffer_descriptor: wh(2322 1080) usage_pc(0x40000000000b00 0x40000000000b00) hal_format(0x1) layer_count(1) sizes(0 0 0) strde(0) byte_stride(0) alloc_wh(0 0) internal_format(0x0) alloc_format(0x0) fd_count(1) plane_count(0)
10-05 15:34:14.653  1763  1837 I BLASTBufferQueue: [ViewRootImpl@7ebb575[videoplayer]#80](f:0,a:0) onFrameAvailable the first frame is available
10-05 15:34:14.654  1763  1837 I ViewRootImpl@7ebb575[videoplayer]: Received frameCommittedCallback lastAttemptedDrawFrameNum=1 didProduceBuffer=true
10-05 15:34:14.654  1763  1837 D OpenGLRenderer: CFMS:: SetUp Pid : 1763    Tid : 1837
10-05 15:34:14.654   783   982 D gralloc : [mali_gralloc_allocate] allocation successful
10-05 15:34:14.654  1763  1837 W Parcel  : Expecting binder but got null!
10-05 15:34:14.654  1763  1830 I ViewRootImpl@7ebb575[videoplayer]: onSyncComplete
10-05 15:34:14.655  1763  1830 I ViewRootImpl@7ebb575[videoplayer]: setupSync seqId=0 mSyncId=0 fn=1 caller=android.view.ViewRootImpl$$ExternalSyntheticLambda11.accept:6 android.window.SurfaceSyncer.lambda$setupSync$1$android-window-SurfaceSyncer:128 android.window.SurfaceSyncer$$ExternalSyntheticLambda1.accept:8 android.window.SurfaceSyncer$SyncSet.checkIfSyncIsComplete:382 android.window.SurfaceSyncer$SyncSet.markSyncReady:359 android.window.SurfaceSyncer.markSyncReady:151 android.view.ViewRootImpl.performTraversals:4503 
10-05 15:34:14.655  1763  1830 I ViewRootImpl@7ebb575[videoplayer]: reportDrawFinished seqId=0 mSyncId=-1 fn=1 mSurfaceChangedTransaction=0x7b9b0ac6b0
10-05 15:34:14.655  1220  4255 D WindowManager: finishDrawingWindow: Window{2981648 u0 Splash Screen com.videoplayer} mDrawState=DRAW_PENDING seqId=0
10-05 15:34:14.655  1220  4255 V WindowManager: Finishing drawing window Window{2981648 u0 Splash Screen com.videoplayer}: mDrawState=DRAW_PENDING
10-05 15:34:14.655  1220  4255 V WindowManager: Draw state now committed in Window{2981648 u0 Splash Screen com.videoplayer}
10-05 15:34:14.656  1220  1307 D WindowManager: performShow logReadyForDisplay win=Window{2981648 u0 Splash Screen com.videoplayer} mToken.waitingToShow:true isTransitionSet:true
10-05 15:34:14.656  1220  1307 D InputTransport: Input channel constructed: 'Letterb', fd=909
10-05 15:34:14.656  1220  1307 D InputTransport: Input channel constructed: 'Letterb', fd=912
10-05 15:34:14.656  1220  1319 W libprocessgroup: Failed to open /dev/blkio//cgroup.procs: No such file or directory
10-05 15:34:14.656  1220  1307 D InputTransport: Input channel constructed: 'Letterb', fd=845
10-05 15:34:14.656  1220  1307 D InputTransport: Input channel constructed: 'Letterb', fd=921
10-05 15:34:14.656  1220  1307 D InputTransport: Input channel constructed: 'Letterb', fd=947
10-05 15:34:14.656  1220  1307 D InputTransport: Input channel constructed: 'Letterb', fd=960
10-05 15:34:14.656  1220  1307 D InputTransport: Input channel constructed: 'Letterb', fd=985
10-05 15:34:14.656  1220  1307 D InputTransport: Input channel constructed: 'Letterb', fd=990
10-05 15:34:14.656  1220  1319 W libprocessgroup: Failed to open /dev/blkio//cgroup.procs: No such file or directory
10-05 15:34:14.656   865  2131 I SurfaceFlinger: id=1377 createSurf flag=20004, Letterbox - left#1377
10-05 15:34:14.657  1220  1306 I ActivityManager: updateOomAdj start time is before than pendingPid added, don't delete it
10-05 15:34:14.657  1220  1319 W libprocessgroup: Failed to open /dev/blkio//cgroup.procs: No such file or directory
10-05 15:34:14.658  1220  1307 D WindowManager: createAnimationAdapter(): container=Task{ea50402 #1 type=home ?? U=0 visible=false visibleRequested=false mode=fullscreen translucent=true sz=1}
10-05 15:34:14.658  1220  1307 I WindowManager: Reparenting to leash, surface=Surface(name=Task=1)/@0x2fa44eb, leashParent=Surface(name=DefaultTaskDisplayArea)/@0xe512248
10-05 15:34:14.658   865  2131 I SurfaceFlinger: id=1378 createSurf flag=24000, Surface(name=Task=1)/@0x2fa44eb - animation-leash of app_transition#1378
10-05 15:34:14.659  1220  1307 D WindowManager: makeSurface duration=1 leash=Surface(name=Surface(name=Task=1)/@0x2fa44eb - animation-leash of app_transition)/@0x3d48051
10-05 15:34:14.659  1220  1307 D WindowManager: startAnimation
10-05 15:34:14.659  1220  1307 D WindowManager: createAnimationAdapter(): container=Task{309e800 #17387 type=standard A=10608:com.videoplayer U=0 visible=true visibleRequested=true mode=fullscreen translucent=false sz=1}
10-05 15:34:14.659  1220  1307 I WindowManager: Reparenting to leash, surface=Surface(name=Task=17387)/@0x3980b6, leashParent=Surface(name=DefaultTaskDisplayArea)/@0xe512248
10-05 15:34:14.659   865  1129 I SurfaceFlinger: id=1379 createSurf flag=24004, Surface(name=Task=17387)/@0x3980b6 - animation-leash of app_transition#1379
10-05 15:34:14.659  1220  1307 D WindowManager: makeSurface duration=0 leash=Surface(name=Surface(name=Task=17387)/@0x3980b6 - animation-leash of app_transition)/@0x7771b7
10-05 15:34:14.660  1220  1307 D WindowManager: startAnimation
10-05 15:34:14.660  1220  1307 V WindowManager: performShowLocked: mDrawState=HAS_DRAWN in Window{2981648 u0 Splash Screen com.videoplayer}
10-05 15:34:14.660  1220  1307 D WindowManager: goodToGo(RemoteAnimationController@20b5d24)
10-05 15:34:14.660  1220  1307 D WindowManager: createAppAnimations()
10-05 15:34:14.660  1220  1307 D WindowManager: 	Add container=Task{309e800 #17387 type=standard A=10608:com.videoplayer U=0 visible=true visibleRequested=true mode=fullscreen translucent=false sz=1}
10-05 15:34:14.660  1220  1307 D WindowManager: 	Add container=Task{ea50402 #1 type=home ?? U=0 visible=false visibleRequested=false mode=fullscreen translucent=true sz=1}
10-05 15:34:14.660  1220  1307 D WindowManager: createWallpaperAnimations()
10-05 15:34:14.660  1220  1307 I WindowManager: Reparenting to leash, surface=Surface(name=WallpaperWindowToken{ebf9a56 token=android.os.Binder@5b77a18})/@0x8b644c7, leashParent=Surface(name=Leaf:0:1)/@0x77a1af4
10-05 15:34:14.661   865  1129 I SurfaceFlinger: id=1380 createSurf flag=24000, Surface(name=WallpaperWindowToken{ebf9a56 token=android.os.Binder@5b77a18})/@0x8b644c7 - animation-leash of window_animation#1380
10-05 15:34:14.661  1220  1307 D WindowManager: makeSurface duration=0 leash=Surface(name=Surface(name=WallpaperWindowToken{ebf9a56 token=android.os.Binder@5b77a18})/@0x8b644c7 - animation-leash of window_animation)/@0x30fd08d
10-05 15:34:14.661  1220  1307 D WindowManager: startAnimation
10-05 15:34:14.661  1220  1307 D WindowManager: createNonAppWindowAnimations()
10-05 15:34:14.662   865  1129 I SurfaceFlinger: id=1381 createSurf flag=80000, 39f4132 ActivityRecordInputSink com.videoplayer/.MainActivity#1381
10-05 15:34:14.664  1220  1307 D WindowManager: goodToGo(RemoteAnimationController@20b5d24): onAnimationStart, transit=TRANSIT_OLD_WALLPAPER_CLOSE, apps=2, wallpapers=1, nonApps=0
10-05 15:34:14.664  1220  1307 D WindowManager: startAnimation(): Notify animation start:
10-05 15:34:14.664  1763  1820 D Bubbles : onLocusVisibilityChanged: LocusId[17_chars] visible=false
10-05 15:34:14.664  1220  1307 I WindowManager: Starting remote animation
10-05 15:34:14.664  1220  1307 I WindowManager: container=Task{309e800 #17387 type=standard A=10608:com.videoplayer U=0 visible=true visibleRequested=true mode=fullscreen translucent=false sz=1}
10-05 15:34:14.664  1220  1307 I WindowManager: Target:
10-05 15:34:14.664  1220  1307 I WindowManager:   mode=0 taskId=17387 isTranslucent=false clipRect=[0,0][0,0] contentInsets=[78,72][0,0] prefixOrderIndex=44 position=[0,0] sourceContainerBounds=[0,0][1080,2400] screenSpaceBounds=[0,0][1080,2400] localBounds=[0,0][1080,2400]
10-05 15:34:14.664  1220  1307 I WindowManager:   windowConfiguration={ mBounds=Rect(0, 0 - 1080, 2400) mAppBounds=Rect(0, 78 - 1080, 2256) mMaxBounds=Rect(0, 0 - 1080, 2400) mDisplayRotation=ROTATION_0 mWindowingMode=fullscreen mDisplayWindowingMode=fullscreen mActivityType=standard mAlwaysOnTop=undefined mRotation=ROTATION_0 mPopOver=undefined mStageConfig=undefined mFreeformTaskPinningState=unpinned mFreeformStashState=undefined mDexTaskDockingState=undefined}
10-05 15:34:14.664  1220  1307 I WindowManager:   leash=Surface(name=Surface(name=Task=17387)/@0x3980b6 - animation-leash of app_transition)/@0x7771b7
10-05 15:34:14.664  1220  1307 I WindowManager:   taskInfo=TaskInfo{userId=0 taskId=17387 displayId=0 isRunning=true baseIntent=Intent { act=android.intent.action.MAIN cat=[android.intent.category.LAUNCHER] flg=0x10200000 cmp=com.videoplayer/.MainActivity } baseActivity=ComponentInfo{com.videoplayer/com.videoplayer.MainActivity} topActivity=ComponentInfo{com.videoplayer/com.videoplayer.MainActivity} origActivity=null realActivity=ComponentInfo{com.videoplayer/com.videoplayer.MainActivity} numActivities=1 lastActiveTime=3479879 supportsSplitScreenMultiWindow=true supportsMultiWindow=true resizeMode=1 isResizeable=true minWidth=-1 minHeight=-1 defaultMinSize=220 token=WCT{RemoteToken{954f242 Task{309e800 #17387 type=standard A=10608:com.videoplayer U=0 visible=true visibleRequested=true mode=fullscreen translucent=false sz=1}}} topActivityType=1 pictureInPictureParams=null shouldDockBigOverlays=false launchIntoPipHostTaskId=0 displayCutoutSafeInsets=Rect(0, 78 - 0, 0) topActivityInfo=ActivityInfo{c077253 com.videoplayer.MainActivity} launchCookies=[android.os.BinderProxy@3332790] positionInParent=Point(0, 0) parentTaskId=-1 isFocused=true isVisible=true isSleeping=false topActivityInSizeCompat=false topActivityEligibleForLetterboxEducation= false locusId=null displayAreaFeatureId=1 cameraCompatControlState=hidden originallySupportedSplitScreen=true hasWallpaper=false isTopTransparentActivity=false topActivityInFixedAspectRatio=false topActivityInDisplayCompat=false topActivityInBoundsCompat=false topActivityBounds=null}
10-05 15:34:14.664  1220  1307 I WindowManager:   allowEnterPip=true
10-05 15:34:14.664  1220  1307 I WindowManager:   windowType=-1  hasAnimatingParent=false  backgroundColor=0container=Task{ea50402 #1 type=home ?? U=0 visible=false visibleRequested=false mode=fullscreen translucent=true sz=1}
10-05 15:34:14.664  1220  1307 I WindowManager: Target:
10-05 15:34:14.664  1220  1307 I WindowManager:   mode=1 taskId=17353 isTranslucent=false clipRect=[0,0][0,0] contentInsets=[0,78][0,144] prefixOrderIndex=40 position=[0,0] sourceContainerBounds=[0,0][1080,2400] screenSpaceBounds=[0,0][1080,2400] localBounds=[0,0][1080,2400]
10-05 15:34:14.664  1220  1307 I WindowManager:   windowConfiguration={ mBounds=Rect(0, 0 - 1080, 2400) mAppBounds=Rect(0, 78 - 1080, 2256) mMaxBounds=Rect(0, 0 - 1080, 2400) mDisplayRotation=ROTATION_0 mWindowingMode=fullscreen mDisplayWindowingMode=fullscreen mActivityType=home mAlwaysOnTop=undefined mRotation=ROTATION_0 mPopOver=undefined mStageConfig=undefined mFreeformTaskPinningState=unpinned mFreeformStashState=undefined mDexTaskDockingState=undefined}
10-05 15:34:14.664  1220  1307 I WindowManager:   leash=Surface(name=Surface(name=Task=1)/@0x2fa44eb - animation-leash of app_transition)/@0x3d48051
10-05 15:34:14.664  1220  1307 I WindowManager:   taskInfo=TaskInfo{userId=0 taskId=17353 displayId=0 isRunning=true baseIntent=Intent { act=android.intent.action.MAIN cat=[android.intent.category.HOME] flg=0x10000100 cmp=com.sec.android.app.launcher/.activities.LauncherActivity } baseActivity=ComponentInfo{com.sec.android.app.launcher/com.sec.android.app.launcher.activities.LauncherActivity} topActivity=ComponentInfo{com.sec.android.app.launcher/com.android.launcher3.uioverrides.QuickstepLauncher} origActivity=ComponentInfo{com.sec.android.app.launcher/com.sec.android.app.launcher.activities.LauncherActivity} realActivity=ComponentInfo{com.sec.android.app.launcher/com.android.launcher3.uioverrides.QuickstepLauncher} numActivities=1 lastActiveTime=3479871 supportsSplitScreenMultiWindow=true supportsMultiWindow=true resizeMode=2 isResizeable=true minWidth=-1 minHeight=-1 defaultMinSize=220 token=WCT{RemoteToken{24166d4 Task{d168953 #17353 type=home A=10142:com.sec.android.app.launcher.activities.LauncherActivity U=0 rootTaskId=1 visible=false visibleRequested=false mode=fullscreen translucent=true sz=1}}} topActivityType=2 pictureInPictureParams=null shouldDockBigOverlays=false launchIntoPipHostTaskId=0 displayCutoutSafeInsets=Rect(0, 78 - 0, 0) topActivityInfo=ActivityInfo{f25907d com.sec.android.app.launcher.activities.LauncherActivity} launchCookies=[] positionInParent=Point(0, 0) parentTaskId=-1 isFocused=false isVisible=false isSleeping=false topActivityInSizeCompat=false topActivityEligibleForLetterboxEducation= false locusId=LocusId[17_chars] displayAreaFeatureId=1 cameraCompatControlState=hidden originallySupportedSplitScreen=true hasWallpaper=false isTopTransparentActivity=false topActivityInFixedAspectRatio=false topActivityInDisplayCompat=false topActivityInBoundsCompat=false topActivityBounds=null}
10-05 15:34:14.664  1220  1307 I WindowManager:   allowEnterPip=true
10-05 15:34:14.664  1220  1307 I WindowManager:   windowType=-1  hasAnimatingParent=false  backgroundColor=0
10-05 15:34:14.664  7479  7479 I ActivityUtils: HomePackage : com.sec.android.app.launcher, resumePackageName : com.videoplayer
10-05 15:34:14.665  2212 31580 I LauncherAnimationRunner: onAnimationStart, appTargets : [Lcom.android.systemui.shared.system.RemoteAnimationTargetCompat;@8398de4 mStartAtFrontOfQueue : true
10-05 15:34:14.666  1220  1319 W libprocessgroup: Failed to open /dev/blkio//cgroup.procs: No such file or directory
10-05 15:34:14.667  2212  2212 W AppTransitionAnimatorImpl: animation with floating icon
10-05 15:34:14.668  2212  2212 I FloatingIconView: drawable is not adaptive icon: false
10-05 15:34:14.668  2212  2212 I RemoteAnimationTargets: RemoteAnimationTargets : 17387 - 0, 0
10-05 15:34:14.668  2212  2212 I RemoteAnimationTargets: RemoteAnimationTargets : 17353 - 1, 0
10-05 15:34:14.669  2212  2212 I QuickstepTransition: onCreateAnimation : com.android.launcher3.util.RunnableList@8f6b57c - com.android.launcher3.g@63f3e05
10-05 15:34:14.669  2212  2212 I AnimationResult: setAnimation : com.android.launcher3.g@63f3e05
10-05 15:34:14.674  2212  2212 I BadgeRenderer: Invalid count : 0
10-05 15:34:14.679   865   865 I Layer   : Layer [Splash Screen com.videoplayer$_1763#1376] hidden!! flag(0)
10-05 15:34:14.690  2212  2212 W AppTransitionAnimatorImpl: onAnimationStart - APP IN
10-05 15:34:14.693  2212  4912 I ViewRootImpl@6c41c19[LauncherActivity]: mWNT: t=0x7b9afd11d0 mBlastBufferQueue=0x7bdafbc4d0 fn= 23 caller= com.android.systemui.shared.launcher.ViewRootImplCompat.mergeWithNextTransaction:2 com.android.quickstep.util.SurfaceTransactionApplier.lambda$scheduleApply$0:2 com.android.quickstep.util.SurfaceTransactionApplier.b:0 
10-05 15:34:14.697  2212  4913 I ViewRootImpl@6c41c19[LauncherActivity]: mWNT: t=0x7b9af9ae70 mBlastBufferQueue=0x7bdafbc4d0 fn= 24 caller= com.android.systemui.shared.launcher.ViewRootImplCompat.mergeWithNextTransaction:2 com.android.quickstep.util.SurfaceTransactionApplier.lambda$scheduleApply$0:2 com.android.quickstep.util.SurfaceTransactionApplier.b:0 
10-05 15:34:14.705  2212  3626 I RecentModel: onTaskStackChangedBackground
10-05 15:34:14.705  4104  4664 I R0      : limitGPUFreq:: freq = -1
10-05 15:34:14.706  4104  4664 I R0      : limitCPUFreq:: freq = -1
10-05 15:34:14.708  2212  2479 I RecentTasksList: loadTasksInBackground : groupTask = GroupTask{task1=[id=17381 windowingMode=1 user=0 lastActiveTime=1916296] null, task2=null, task3=null, mStagedSplitBounds=null}
10-05 15:34:14.708  2212  2479 I RecentTasksList: loadTasksInBackground : groupTask = GroupTask{task1=[id=17377 windowingMode=1 user=0 lastActiveTime=3232949] null, task2=null, task3=null, mStagedSplitBounds=null}
10-05 15:34:14.708  2212  2479 I RecentTasksList: loadTasksInBackground : groupTask = GroupTask{task1=[id=17387 windowingMode=1 user=0 lastActiveTime=3479940] null, task2=null, task3=null, mStagedSplitBounds=null}
10-05 15:34:14.714  2212  4912 I ViewRootImpl@6c41c19[LauncherActivity]: mWNT: t=0x7b9affa870 mBlastBufferQueue=0x7bdafbc4d0 fn= 25 caller= com.android.systemui.shared.launcher.ViewRootImplCompat.mergeWithNextTransaction:2 com.android.quickstep.util.SurfaceTransactionApplier.lambda$scheduleApply$0:2 com.android.quickstep.util.SurfaceTransactionApplier.b:0 
10-05 15:34:14.721   865   865 D SurfaceFlinger: Display 4633128672291735937 HWC layers:
10-05 15:34:14.721   865   865 D SurfaceFlinger:      CLIENT | 0x75706938f0 | 0100 | RGBx_8888    |   68.0    0.0 1148.0 2400.0 |    0    0 1080 2400 | Wallpaper BBQ wrapper#79
10-05 15:34:14.721   865   865 D SurfaceFlinger:      CLIENT | 0x75706940d0 | 0100 | RGBA_8888    |    0.0    0.0 1080.0 2400.0 |    0    0 1080 2400 | com.sec.android.app.launcher/com.sec[...]herActivity$_2212#1327 (blurRegions)
10-05 15:34:14.721   865   865 D SurfaceFlinger:      CLIENT | 0x7570678fb0 | 0100 | RGBA_8888    |  135.0    0.0 1215.0 1080.0 |  588  311  743  466 | Splash Screen com.videoplayer$_1763#1376
10-05 15:34:14.721   865   865 D SurfaceFlinger:      DEVICE | 0x7570680ed0 | 0100 | RGBA_8888    |    0.0    0.0 1080.0   78.0 |    0    0 1080   78 | StatusBar$_1763#85
10-05 15:34:14.721   865   865 D SurfaceFlinger:      DEVICE | 0x757069ba50 | 0100 | RGBA_8888    |    0.0    0.0   67.0  449.0 | 1013  573 1080 1022 | com.samsung.android.app.cocktailbars[...]ervice.CocktailBarService$_7479#1326
10-05 15:34:14.721   865   865 D SurfaceFlinger:      DEVICE | 0x757068cbd0 | 0100 | RGBA_8888    |    0.0    0.0 1080.0  144.0 |    0 2256 1080 2400 | NavigationBar0$_1763#80
10-05 15:34:14.721   865   865 D SurfaceFlinger: 
10-05 15:34:14.730  2212  4913 I ViewRootImpl@6c41c19[LauncherActivity]: mWNT: t=0x7b9afff850 mBlastBufferQueue=0x7bdafbc4d0 fn= 26 caller= com.android.systemui.shared.launcher.ViewRootImplCompat.mergeWithNextTransaction:2 com.android.quickstep.util.SurfaceTransactionApplier.lambda$scheduleApply$0:2 com.android.quickstep.util.SurfaceTransactionApplier.b:0 
10-05 15:34:14.747  2212  4912 I ViewRootImpl@6c41c19[LauncherActivity]: mWNT: t=0x7b9afbf2f0 mBlastBufferQueue=0x7bdafbc4d0 fn= 27 caller= com.android.systemui.shared.launcher.ViewRootImplCompat.mergeWithNextTransaction:2 com.android.quickstep.util.SurfaceTransactionApplier.lambda$scheduleApply$0:2 com.android.quickstep.util.SurfaceTransactionApplier.b:0 
10-05 15:34:14.759  1220  4255 D WALLPAPER_SVC:WallpaperManagerService: getWallpaperSafeLocked, userId = 0, which = 1, caller = com.android.server.wallpaper.WallpaperManagerService.semGetWallpaperType:6825 
10-05 15:34:14.759  1220  4255 D WallpaperManagerService: which : 1, return type : 0 (called by userId= 0)
10-05 15:34:14.759  1763  1968 I ImageWallpaperRenderer: updateWallpaperOffset 0 lastCropOffset 0 , wp Type 0 , rotation 1 , allowed true Do not change Display offset 0
10-05 15:34:14.764  2212  4913 I ViewRootImpl@6c41c19[LauncherActivity]: mWNT: t=0x7b9afab370 mBlastBufferQueue=0x7bdafbc4d0 fn= 28 caller= com.android.systemui.shared.launcher.ViewRootImplCompat.mergeWithNextTransaction:2 com.android.quickstep.util.SurfaceTransactionApplier.lambda$scheduleApply$0:2 com.android.quickstep.util.SurfaceTransactionApplier.b:0 
10-05 15:34:14.774  1220  2027 D MdnieScenarioControlService:  packageName : com.videoplayer    className : com.videoplayer.MainActivity
10-05 15:34:14.774  1220  2027 V MdnieScenarioControlService: setUIMode from UI function(3)
10-05 15:34:14.780  2212  4912 I ViewRootImpl@6c41c19[LauncherActivity]: mWNT: t=0x7b9af76450 mBlastBufferQueue=0x7bdafbc4d0 fn= 29 caller= com.android.systemui.shared.launcher.ViewRootImplCompat.mergeWithNextTransaction:2 com.android.quickstep.util.SurfaceTransactionApplier.lambda$scheduleApply$0:2 com.android.quickstep.util.SurfaceTransactionApplier.b:0 
10-05 15:34:14.797  2212  4913 I ViewRootImpl@6c41c19[LauncherActivity]: mWNT: t=0x7b9afc9730 mBlastBufferQueue=0x7bdafbc4d0 fn= 30 caller= com.android.systemui.shared.launcher.ViewRootImplCompat.mergeWithNextTransaction:2 com.android.quickstep.util.SurfaceTransactionApplier.lambda$scheduleApply$0:2 com.android.quickstep.util.SurfaceTransactionApplier.b:0 
10-05 15:34:14.802   865   865 D SurfaceFlinger: Display 4633128672291735937 HWC layers:
10-05 15:34:14.802   865   865 D SurfaceFlinger:      CLIENT | 0x75706938f0 | 0100 | RGBx_8888    |   68.0    0.0 1148.0 2400.0 |    0    0 1080 2400 | Wallpaper BBQ wrapper#79
10-05 15:34:14.802   865   865 D SurfaceFlinger:      CLIENT | 0x757069c8f0 | 0100 | RGBA_8888    |    0.0    0.0 1080.0 2400.0 |    0    0 1080 2400 | com.sec.android.app.launcher/com.sec[...]herActivity$_2212#1327 (blurRegions)
10-05 15:34:14.802   865   865 D SurfaceFlinger:      CLIENT |              | 0000 |  Unknown  |    0.0    0.0    0.0    0.0 |  182  137  976  144 | Letterbox - left#1377
10-05 15:34:14.802   865   865 D SurfaceFlinger:      CLIENT | 0x7570678fb0 | 0100 | RGBA_8888    |    0.0    0.0 1967.0 1080.0 |  182  144  976 1590 | Splash Screen com.videoplayer$_1763#1376
10-05 15:34:14.802   865   865 D SurfaceFlinger:      DEVICE | 0x7570680ed0 | 0100 | RGBA_8888    |    0.0    0.0 1080.0   78.0 |    0    0 1080   78 | StatusBar$_1763#85
10-05 15:34:14.802   865   865 D SurfaceFlinger:      DEVICE | 0x757069ba50 | 0100 | RGBA_8888    |    0.0    0.0   67.0  449.0 | 1013  573 1080 1022 | com.samsung.android.app.cocktailbars[...]ervice.CocktailBarService$_7479#1326
10-05 15:34:14.802   865   865 D SurfaceFlinger:      DEVICE | 0x757068cbd0 | 0100 | RGBA_8888    |    0.0    0.0 1080.0  144.0 |    0 2256 1080 2400 | Na
10-05 15:34:14.802   865   865 D SurfaceFlinger: vigationBar0$_1763#80
10-05 15:34:14.802   865   865 D SurfaceFlinger: 
10-05 15:34:14.809  1220  1304 I GestureDetector: handleMessage TAP
10-05 15:34:14.809  1220  1220 I GestureDetector: handleMessage TAP
10-05 15:34:14.811 15619 15619 D nativeloader: Configuring clns-4 for other apk /data/app/~~9VaokKeguHol-D0AzKV5EQ==/com.videoplayer-1byBHJnfOJRCsZTctiRenw==/base.apk. target_sdk_version=35, uses_libraries=, library_path=/data/app/~~9VaokKeguHol-D0AzKV5EQ==/com.videoplayer-1byBHJnfOJRCsZTctiRenw==/lib/arm64:/data/app/~~9VaokKeguHol-D0AzKV5EQ==/com.videoplayer-1byBHJnfOJRCsZTctiRenw==/base.apk!/lib/arm64-v8a, permitted_path=/data:/mnt/expand:/data/user/0/com.videoplayer
10-05 15:34:14.814  2212  4912 I ViewRootImpl@6c41c19[LauncherActivity]: mWNT: t=0x7b9af8a4f0 mBlastBufferQueue=0x7bdafbc4d0 fn= 31 caller= com.android.systemui.shared.launcher.ViewRootImplCompat.mergeWithNextTransaction:2 com.android.quickstep.util.SurfaceTransactionApplier.lambda$scheduleApply$0:2 com.android.quickstep.util.SurfaceTransactionApplier.b:0 
10-05 15:34:14.821 15619 15619 D nativeloader: Load libframework-connectivity-jni.so using APEX ns com_android_tethering for caller /apex/com.android.tethering/javalib/framework-connectivity.jar: ok
10-05 15:34:14.827 15619 15619 V GraphicsEnvironment: ANGLE Developer option for 'com.videoplayer' set to: 'default'
10-05 15:34:14.827 15619 15619 V GraphicsEnvironment: ANGLE GameManagerService for com.videoplayer: false
10-05 15:34:14.827 15619 15619 V GraphicsEnvironment: App is not on the allowlist for updatable production driver.
10-05 15:34:14.829 15619 15619 D NetworkSecurityConfig: Using Network Security Config from resource network_security_config debugBuild: true
10-05 15:34:14.831  2212  4913 I ViewRootImpl@6c41c19[LauncherActivity]: mWNT: t=0x7b9afbb870 mBlastBufferQueue=0x7bdafbc4d0 fn= 32 caller= com.android.systemui.shared.launcher.ViewRootImplCompat.mergeWithNextTransaction:2 com.android.quickstep.util.SurfaceTransactionApplier.lambda$scheduleApply$0:2 com.android.quickstep.util.SurfaceTransactionApplier.b:0 
10-05 15:34:14.837 15619 15640 E com.videoplayer: Invalid ID 0x00000000.
10-05 15:34:14.838 15619 15640 W ResourcesOffloading: An exception occurred : 
10-05 15:34:14.838 15619 15640 W ResourcesOffloading: android.content.res.Resources$NotFoundException: Resource ID #0x0
10-05 15:34:14.838 15619 15640 W ResourcesOffloading: 	at android.content.res.ResourcesImpl.getValueForDensity(ResourcesImpl.java:251)
10-05 15:34:14.838 15619 15640 W ResourcesOffloading: 	at android.content.res.Resources.offloadDrawable(Resources.java:2916)
10-05 15:34:14.838 15619 15640 W ResourcesOffloading: 	at android.app.ResourcesOffloading$ResourcesOffloadingRunnable.run(ResourcesOffloading.java:94)
10-05 15:34:14.838 15619 15640 W ResourcesOffloading: 	at java.lang.Thread.run(Thread.java:1119)
