10-05 15:34:15.916  7479  7479 I MSHandlerLifeCycle: check: return. pkg=com.samsung.android.app.cocktailbarservice isActivity=false callers=com.android.internal.policy.DecorView.setVisibility:4412 l4.r.F:11 l4.o.U0:41 l4.o$g.e:4 l4.o$g.c:7 
10-05 15:34:15.916  7479  7479 I MSHandlerLifeCycle: removeMultiSplitHandler: no exist. decor=DecorView@b2a4398[CocktailBarService]
10-05 15:34:15.916  7479  7479 I MSHandlerLifeCycle: check: return. pkg=com.samsung.android.app.cocktailbarservice isActivity=false callers=com.android.internal.policy.DecorView.setVisibility:4412 l4.v.E:2 l4.o.U0:46 l4.o$g.e:4 l4.o$g.c:7 
10-05 15:34:15.916  7479  7479 I MSHandlerLifeCycle: removeMultiSplitHandler: no exist. decor=DecorView@b2a4398[CocktailBarService]
10-05 15:34:15.917  2212  2212 I DisplayController: onConfigurationChanged {1.0 425mcc2mnc [en_US,iw_IL,ru_RU] ldltr sw360dp w360dp h726dp 480dpi nrml long port night finger -keyb/v/h -nav/h winConfig={ mBounds=Rect(0, 0 - 1080, 2400) mAppBounds=Rect(0, 78 - 1080, 2256) mMaxBounds=Rect(0, 0 - 1080, 2400) mDisplayRotation=ROTATION_0 mWindowingMode=fullscreen mDisplayWindowingMode=fullscreen mActivityType=undefined mAlwaysOnTop=undefined mRotation=ROTATION_0 mPopOver=undefined mStageConfig=undefined mFreeformTaskPinningState=unpinned mFreeformStashState=undefined mDexTaskDockingState=undefined} s.355 fontWeightAdjustment=0 ff=0 bf=0 bts=0 desktop/d dm/n ?dc ?dcui themeSeq=0 nightDim=0}
10-05 15:34:15.918  7479  7479 I HandleSettingUtils: getTriggerMarginOnTop retY=573 halfHandleSize=225 getTriggerPosition=25.559105
10-05 15:34:15.919  7479  7479 I TrayStateController: setUiState 0 : 2 --> 0
10-05 15:34:15.919  7479  7479 I TrayStateTrigger: requestShowTriggerView
10-05 15:34:15.919  7479  7479 I TrayStateController: setUiState 0 :  already 0
10-05 15:34:15.919  7479  7479 I ViewRootImpl@731245e[CocktailBarService]: performTraversals mFirst=false windowShouldResize=true viewVisibilityChanged=true mForceNextWindowRelayout=false params=null
10-05 15:34:15.920  1220  1306 D TspStateManager: updateCustomValue customSetting=
10-05 15:34:15.920  1220  1306 I MultiTaskingController: onConfigurationChangedLocked: display#0, configChanges=0x20000480, scaleW=0.45, scaleH=2.2222223, prevScreenBounds=Rect(0, 78 - 0, 144), nextScreenBounds=Rect(0, 0 - 1080, 2400)
10-05 15:34:15.920  1220  1306 I DecorCaptionResources: updateDisplayMetrics: base config={1.0 425mcc2mnc [en_US,iw_IL,ru_RU] ldltr sw360dp w360dp h726dp 480dpi nrml long port night finger -keyb/v/h -nav/h winConfig={ mBounds=Rect(0, 0 - 1080, 2400) mAppBounds=Rect(0, 78 - 1080, 2256) mMaxBounds=Rect(0, 0 - 1080, 2400) mDisplayRotation=ROTATION_0 mWindowingMode=fullscreen mDisplayWindowingMode=fullscreen mActivityType=undefined mAlwaysOnTop=undefined mRotation=ROTATION_0 mPopOver=undefined mStageConfig=undefined mFreeformTaskPinningState=undefined mFreeformStashState=undefined mDexTaskDockingState=undefined} as.1 s.425 fontWeightAdjustment=0 ff=0 bf=0 bts=0 desktop/d dm/n ?dc ?dcui themeSeq=0 nightDim=0}
10-05 15:34:15.921  1220  1306 I DecorCaptionResources: updateDisplayMetrics: density=3.0
10-05 15:34:15.921  1220  1306 I DecorCaptionResources: updateDisplayMetrics: packageName=android, dsf=1.0
10-05 15:34:15.921  1220  1306 I DecorCaptionResources: updateDisplayMetrics: dst=3.0, sdst=3.0
10-05 15:34:15.921  1220  1306 I DecorCaptionResources: sysLocale=en_US appLocale=en_US activityLocale=en_US
10-05 15:34:15.921  1220  1306 I DecorCaptionResources: Matched. Get locale from activity config: en_US
10-05 15:34:15.921  1220  1306 I DecorCaptionResources: updateDisplayMetrics: base config={1.0 425mcc2mnc [en_US,iw_IL,ru_RU] ldltr sw360dp w360dp h726dp 480dpi nrml long port night finger -keyb/v/h -nav/h winConfig={ mBounds=Rect(0, 0 - 1080, 2400) mAppBounds=Rect(0, 78 - 1080, 2256) mMaxBounds=Rect(0, 0 - 1080, 2400) mDisplayRotation=ROTATION_0 mWindowingMode=fullscreen mDisplayWindowingMode=fullscreen mActivityType=undefined mAlwaysOnTop=undefined mRotation=ROTATION_0 mPopOver=undefined mStageConfig=undefined mFreeformTaskPinningState=undefined mFreeformStashState=undefined mDexTaskDockingState=undefined} as.1 s.425 fontWeightAdjustment=0 ff=0 bf=0 bts=0 desktop/d dm/n ?dc ?dcui themeSeq=0 nightDim=0}
10-05 15:34:15.921  1220  1306 I DecorCaptionResources: updateDisplayMetrics: density=3.0
10-05 15:34:15.921  1220  1306 I DecorCaptionResources: updateDisplayMetrics: packageName=android, dsf=1.0
10-05 15:34:15.921  1220  1306 I DecorCaptionResources: updateDisplayMetrics: dst=3.0, sdst=3.0
10-05 15:34:15.921  1220  1306 I DecorCaptionResources: sysLocale=en_US appLocale=en_US activityLocale=en_US
10-05 15:34:15.921  1220  1306 I DecorCaptionResources: Matched. Get locale from activity config: en_US
10-05 15:34:15.922  1220  1306 I WindowManager: Cancelling animation restarting=true, leash=Surface(name=Surface(name=30bfa60 StatusBar)/@0x1323d62 - animation-leash of insets_animation)/@0xbcaf6aa
10-05 15:34:15.922  1220  1306 I WindowManager: Reparenting to original parent: Surface(name=WindowToken{e678e63 type=2000 android.os.BinderProxy@d9cea1d})/@0xce42ef3, destroy=false, surface=Surface(name=30bfa60 StatusBar)/@0x1323d62
10-05 15:34:15.922  1220  1306 I WindowManager: Reparenting to leash, surface=Surface(name=30bfa60 StatusBar)/@0x1323d62, leashParent=Surface(name=WindowToken{e678e63 type=2000 android.os.BinderProxy@d9cea1d})/@0xce42ef3
10-05 15:34:15.922   865   910 I SurfaceFlinger: id=1398 createSurf flag=24004, Surface(name=30bfa60 StatusBar)/@0x1323d62 - animation-leash of insets_animation#1398
10-05 15:34:15.922  1220  1306 D WindowManager: makeSurface duration=0 leash=Surface(name=Surface(name=30bfa60 StatusBar)/@0x1323d62 - animation-leash of insets_animation)/@0xaea3fe0
10-05 15:34:15.923  1220  1306 I WindowManager: Cancelling animation restarting=true, leash=Surface(name=Surface(name=b506bb0 NavigationBar0)/@0xd778629 - animation-leash of insets_animation)/@0xe0f029b
10-05 15:34:15.923  1220  1306 I WindowManager: Reparenting to original parent: Surface(name=WindowToken{83cb2f3 type=2019 android.os.BinderProxy@e50b82d})/@0x37acdae, destroy=false, surface=Surface(name=b506bb0 NavigationBar0)/@0xd778629
10-05 15:34:15.923  1220  1306 I WindowManager: Reparenting to leash, surface=Surface(name=b506bb0 NavigationBar0)/@0xd778629, leashParent=Surface(name=WindowToken{83cb2f3 type=2019 android.os.BinderProxy@e50b82d})/@0x37acdae
10-05 15:34:15.923   865   910 I SurfaceFlinger: id=1399 createSurf flag=24004, Surface(name=b506bb0 NavigationBar0)/@0xd778629 - animation-leash of insets_animation#1399
10-05 15:34:15.923  1220  1306 D WindowManager: makeSurface duration=0 leash=Surface(name=Surface(name=b506bb0 NavigationBar0)/@0xd778629 - animation-leash of insets_animation)/@0x41d095e
10-05 15:34:15.923  1763  1820 I ImageWallpaper[GLEngine]: onDisplayConfigurationChanged displayId=0, newConfig={1.0 425mcc2mnc [en_US,iw_IL,ru_RU] ldltr sw360dp w360dp h726dp 480dpi nrml long port night finger -keyb/v/h -nav/h winConfig={ mBounds=Rect(0, 0 - 1080, 2400) mAppBounds=Rect(0, 78 - 1080, 2256) mMaxBounds=Rect(0, 0 - 1080, 2400) mDisplayRotation=ROTATION_0 mWindowingMode=fullscreen mDisplayWindowingMode=fullscreen mActivityType=undefined mAlwaysOnTop=undefined mRotation=ROTATION_0 mPopOver=undefined mStageConfig=undefined mFreeformTaskPinningState=undefined mFreeformStashState=undefined mDexTaskDockingState=undefined} s.355 fontWeightAdjustment=0 ff=0 bf=0 bts=0 desktop/d dm/n ?dc ?dcui themeSeq=0 nightDim=0}
10-05 15:34:15.924  1220  1306 D WindowManager: updateSystemBarAttributes: displayId=0, win=Window{a32e70a u0 com.sec.android.app.launcher/com.sec.android.app.launcher.activities.LauncherActivity}, navColorWin=null, focusedCanBeNavColorWin=false, behavior=2, appearance=0, statusBarAppearanceRegions=[AppearanceRegion{ bounds=[0,0][1080,2400]}], requestedVisibilities=ITYPE_STATUS_BAR: visible, ITYPE_CLIMATE_BAR: visible, from=com.android.server.wm.DisplayPolicy.finishPostLayoutPolicyLw:2527 com.android.server.wm.DisplayContent.applySurfaceChangesTransaction:5713 com.android.server.wm.RootWindowContainer.applySurfaceChangesTransaction:1234 
10-05 15:34:15.925   865   865 I Layer   : Layer [Splash Screen com.videoplayer$_1763#1376] hidden!! flag(1)
10-05 15:34:15.925   865   865 I Layer   : id=1375 removeFromCurrentState 2981648 Splash Screen com.videoplayer#1375 (147)
10-05 15:34:15.925   865   865 I Layer   : Layer [com.sec.android.app.launcher/com.sec.android.app.launcher.activities.LauncherActivity$_2212#1397] hidden!! flag(0)
10-05 15:34:15.925   865   865 I Layer   : id=1391 removeFromCurrentState Surface(name=30bfa60 StatusBar)/@0x1323d62 - animation-leash of insets_animation#1391 (147)
10-05 15:34:15.925   865   865 I Layer   : id=1392 removeFromCurrentState Surface(name=b506bb0 NavigationBar0)/@0xd778629 - animation-leash of insets_animation#1392 (147)
10-05 15:34:15.925   865   865 I SurfaceFlinger: id=1375 Removed 2981648 Splash Screen com.videoplayer#1375 (147)
10-05 15:34:15.925   865   865 I SurfaceFlinger: id=1391 Removed Surface(name=30bfa60 StatusBar)/@0x1323d62 - animation-leash of insets_animation#1391 (147)
10-05 15:34:15.925   865   865 I SurfaceFlinger: id=1392 Removed Surface(name=b506bb0 NavigationBar0)/@0xd778629 - animation-leash of insets_animation#1392 (147)
10-05 15:34:15.925   865   865 D DisplayDevice: [MultiResolution] Input Value : o = 0, layerStack = (1080x2400), orientedDisplay = (1440x3200), pre-mScaledDisplay = (1080x2400), mDisplay = (1440x3200)
10-05 15:34:15.925   865   865 D DisplayDevice: [MultiResolution] Ignore Enable Scaler (1, 1080x2400)
10-05 15:34:15.926   865   865 I Layer   : id=1375 Destroyed 2981648 Splash Screen com.videoplayer#1375
10-05 15:34:15.926  1763  1820 D Bubbles : onLocusVisibilityChanged: LocusId[17_chars] visible=true
10-05 15:34:15.926   865   865 I Layer   : id=1391 Destroyed Surface(name=30bfa60 StatusBar)/@0x1323d62 - animation-leash of insets_animation#1391
10-05 15:34:15.926   865   865 I Layer   : id=1392 Destroyed Surface(name=b506bb0 NavigationBar0)/@0xd778629 - animation-leash of insets_animation#1392
10-05 15:34:15.927  1220  2886 D InputDispatcher: Focus entered window (0): a32e70a com.sec.android.app.launcher/com.sec.android.app.launcher.activities.LauncherActivity
10-05 15:34:15.931  1220  1306 D InsetsSourceProvider: updateVisibility: serverVisible=true, clientVisible=true, source=InsetsSource: {mType=ITYPE_NAVIGATION_BAR, mFrame=[0,2256][1080,2400], mVisible=true, mInsetsRoundedCornerFrame=false}, controlTarget=Window{a32e70a u0 com.sec.android.app.launcher/com.sec.android.app.launcher.activities.LauncherActivity}, from=com.android.server.wm.InsetsSourceProvider.setClientVisible:536 com.android.server.wm.InsetsSourceProvider.updateClientVisibility:518 com.android.server.wm.InsetsStateController.onInsetsModified:250 com.android.server.wm.InsetsStateController.lambda$notifyPendingInsetsControlChanged$5:414 com.android.server.wm.InsetsStateController.$r8$lambda$ni7v3ZO6TRbLZqXOFahDjPeXTS0:0 com.android.server.wm.InsetsStateController$$ExternalSyntheticLambda4.run:2 com.android.server.wm.WindowAnimator.executeAfterPrepareSurfacesRunnables:345 com.android.server.wm.RootWindowContainer.performSurfacePlacementNoTrace:1020 com.android.server.wm.RootWindowContainer.performSurfacePlacement:950 com.android.server.wm.WindowSurfacePlacer.performSurfacePlacementLoop:185 
10-05 15:34:15.931  1220  1306 D InsetsSourceProvider: updateVisibility: serverVisible=true, clientVisible=true, source=InsetsSource: {mType=ITYPE_STATUS_BAR, mFrame=[0,0][1080,78], mVisible=true, mInsetsRoundedCornerFrame=false}, controlTarget=Window{a32e70a u0 com.sec.android.app.launcher/com.sec.android.app.launcher.activities.LauncherActivity}, from=com.android.server.wm.InsetsSourceProvider.setClientVisible:536 com.android.server.wm.InsetsSourceProvider.updateClientVisibility:518 com.android.server.wm.InsetsStateController.onInsetsModified:250 com.android.server.wm.InsetsStateController.lambda$notifyPendingInsetsControlChanged$5:414 com.android.server.wm.InsetsStateController.$r8$lambda$ni7v3ZO6TRbLZqXOFahDjPeXTS0:0 com.android.server.wm.InsetsStateController$$ExternalSyntheticLambda4.run:2 com.android.server.wm.WindowAnimator.executeAfterPrepareSurfacesRunnables:345 com.android.server.wm.RootWindowContainer.performSurfacePlacementNoTrace:1020 com.android.server.wm.RootWindowContainer.performSurfacePlacement:950 com.android.server.wm.WindowSurfacePlacer.performSurfacePlacementLoop:185 
10-05 15:34:15.931   865   865 D SurfaceFlinger: Display 4633128672291735937 HWC layers:
10-05 15:34:15.931   865   865 D SurfaceFlinger:      CLIENT | 0x75706938f0 | 0100 | RGBx_8888    |   68.0    0.0 1148.0 2400.0 |    0    0 1080 2400 | Wallpaper BBQ wrapper#79
10-05 15:34:15.931   865   865 D SurfaceFlinger:      CLIENT | 0x7570693470 | 0100 | RGBA_8888    |    0.0    0.0 1080.0 2400.0 |    0    0 1080 2400 | com.sec.android.app.launcher/com.sec[...]herActivity$_2212#1397 (blurRegions)
10-05 15:34:15.931   865   865 D SurfaceFlinger:      DEVICE | 0x7570677150 | 0100 | RGBA_8888    |    0.0    0.0   57.0  672.0 | 1023 1587 1080 2259 | Toast$_1763#1389
10-05 15:34:15.931   865   865 D SurfaceFlinger: 
10-05 15:34:15.932  1220  1306 D ImmersiveModeConfirmation: immersiveModeChanged() HIDE
10-05 15:34:15.932  1220  1304 D ImmersiveModeConfirmation: handleHide() mClingWindow=null
10-05 15:34:15.932  3977  3977 D InputMethodService: checkFocusedDisplay() display Id 0last 0
10-05 15:34:15.932  5087 10906 I ViewRootImpl@fcede53[]: Resizing android.view.ViewRootImpl@8379045: frame = [540,78][540,2256] reportDraw = false forceLayout = false syncSeqId = 10
10-05 15:34:15.932  1763  1832 I ViewRootImpl@e397aca[Toast]: Resizing android.view.ViewRootImpl@2efa917: frame = [204,1932][876,2064] reportDraw = true forceLayout = true syncSeqId = 1
10-05 15:34:15.932  1763  1786 I ViewRootImpl@ab31e55[NavigationBar0]: Resizing android.view.ViewRootImpl@555b936: frame = [0,2256][1080,2400] reportDraw = false forceLayout = true syncSeqId = 2
10-05 15:34:15.932  2212 31565 I ViewRootImpl@6c41c19[LauncherActivity]: Resizing android.view.ViewRootImpl@10550ea: frame = [0,0][1080,2400] reportDraw = false forceLayout = true syncSeqId = 0
10-05 15:34:15.932  1220  1306 I InputManager-JNI: Viewport [0] to add: local:4633128672291735937, isActive: true
10-05 15:34:15.932  1220  1306 D InputManager-JNI: Viewport [0] type:1, displayId=0, uniqueId=local:4633128672291735937, orientation=0, logicalFrame=[0, 0][1080, 2400], physicalFrame=[0, 0][1440, 3200], deviceSize=[1440, 3200]
10-05 15:34:15.932  1763  2728 I ViewRootImpl@854c205[StatusBar]: Resizing android.view.ViewRootImpl@2647981: frame = [0,0][1080,78] reportDraw = false forceLayout = true syncSeqId = 2
10-05 15:34:15.933  1220  1534 I InputReader: Reconfiguring input devices, changes=DISPLAY_INFO | 
10-05 15:34:15.933  1220  1534 D InputManager: notifyDisplayIdChangedByUser: 0
10-05 15:34:15.934  1220  1534 I InputReader: support feature by TSP : 0x10d
10-05 15:34:15.934  1220  1534 I InputReader: Device reconfigured: id=6, name='sec_touchpad', size 1440x3200, orientation 0, mode 4, display id 0
10-05 15:34:15.935  2212 31565 I ViewRootImpl@6c41c19[LauncherActivity]: Resizing android.view.ViewRootImpl@10550ea: frame = [0,0][1080,2400] reportDraw = false forceLayout = false syncSeqId = 0
10-05 15:34:15.936  5087 10906 I ViewRootImpl@fcede53[]: Resizing android.view.ViewRootImpl@8379045: frame = [540,78][540,2256] reportDraw = false forceLayout = false syncSeqId = 10
10-05 15:34:15.936  1763  2728 I ViewRootImpl@854c205[StatusBar]: Resizing android.view.ViewRootImpl@2647981: frame = [0,0][1080,78] reportDraw = false forceLayout = false syncSeqId = 2
10-05 15:34:15.936  1763  1786 I ViewRootImpl@ab31e55[NavigationBar0]: Resizing android.view.ViewRootImpl@555b936: frame = [0,2256][1080,2400] reportDraw = false forceLayout = false syncSeqId = 2
10-05 15:34:15.936   865  2131 I SurfaceFlinger: id=1381 Removed 39f4132 ActivityRecordInputSink com.videoplayer/.MainActivity#1381 (144)
10-05 15:34:15.936  1763  3762 I ViewRootImpl@e397aca[Toast]: Resizing android.view.ViewRootImpl@2efa917: frame = [204,1932][876,2064] reportDraw = false forceLayout = false syncSeqId = 1
10-05 15:34:15.936   865  2131 I SurfaceFlinger: id=1400 createSurf flag=24004, Task=17387#1400
10-05 15:34:15.937  1220  1307 D ActivityTaskManager: mStartingWindow and mStartingData is null for token=ActivityRecord{8937824 u0 com.sec.android.app.launcher/.activities.LauncherActivity} t17353}
10-05 15:34:15.938  1220  4095 V WindowManager: Relayout Window{112a247 u0 com.android.systemui.ImageWallpaper}: viewVisibility=0 req=1215x2400 d0
10-05 15:34:15.938  1220  1791 D WindowManager: finishDrawingWindow: Window{a32e70a u0 com.sec.android.app.launcher/com.sec.android.app.launcher.activities.LauncherActivity} mDrawState=HAS_DRAWN seqId=0
10-05 15:34:15.939  1220  1734 W WindowManager: Failed looking up window session=Session{eb9a456 1763:u0a10053} callers=com.android.server.wm.WindowManagerService.windowForClientLocked:6618 com.android.server.wm.WindowManagerService.relayoutWindow:2515 com.android.server.wm.Session.relayout:274 
10-05 15:34:15.939  1220  4095 V WindowManager: Relayout hash=112a247, pid=1763, syncId=-1: mAttrs={(0,0)(1215x2400) gr=TOP START CENTER layoutInDisplayCutoutMode=always ty=WALLPAPER fmt=RGBX_8888 wanim=0x103031a
10-05 15:34:15.939  1220  4095 V WindowManager:   fl=14318
10-05 15:34:15.939  1220  4095 V WindowManager:   pfl=2000014
10-05 15:34:15.939  1220  4095 V WindowManager:   bhv=DEFAULT naviIconColor=0
10-05 15:34:15.939  1220  4095 V WindowManager:   sfl=8}
10-05 15:34:15.939  1763  1830 D InsetsController: onStateChanged: InsetsState: {mDisplayFrame=Rect(0, 0 - 0, 0), mDisplayCutout=DisplayCutout{insets=Rect(0, 0 - 0, 0) waterfall=Insets{left=0, top=0, right=0, bottom=0} boundingRect={Bounds=[Rect(0, 0 - 0, 0), Rect(0, 0 - 0, 0), Rect(0, 0 - 0, 0), Rect(0, 0 - 0, 0)]} cutoutPathParserInfo={CutoutPathParserInfo{displayWidth=0 displayHeight=0 physicalDisplayWidth=0 physicalDisplayHeight=0 density={0.0} cutoutSpec={} rotation={0} scale={0.0} physicalPixelDisplaySizeRatio={0.0}}}}, mRoundedCorners=RoundedCorners{[RoundedCorner{position=TopLeft, radius=0, center=Point(0, 0)}, RoundedCorner{position=TopRight, radius=0, center=Point(0, 0)}, RoundedCorner{position=BottomRight, radius=0, center=Point(0, 0)}, RoundedCorner{position=BottomLeft, radius=0, center=Point(0, 0)}]}  mRoundedCornerFrame=Rect(0, 0 - 0, 0), mPrivacyIndicatorBounds=PrivacyIndicatorBounds {static bounds=null rotation=0}, mSources= {  } host=Splash Screen com.videoplayer from=android.view.ViewRootImpl.relayoutWindow:9802
10-05 15:34:15.939  1220  4093 V WindowManager: Relayout Window{2b02663 u0 com.samsung.android.app.cocktailbarservice/com.samsung.android.app.cocktailbarservice.CocktailBarService}: viewVisibility=0 req=67x467 d0
10-05 15:34:15.939  1220  4093 D RestrictionPolicy: isScreenCaptureEnabled : ret=true userId=0
10-05 15:34:15.939   865   910 I SurfaceFlinger: id=1401 createSurf flag=40004, com.samsung.android.app.cocktailbarservice/com.samsung.android.app.cocktailbarservice.CocktailBarService$_7479#1401
10-05 15:34:15.939  1763  1763 I BLASTBufferQueue: update, w= 1215 h= 2400 mName = Wallpaper mNativeObject= 0x7bdaf8f2f0 sc.mNativeObject= 0x7b6b021990 format= 2 caller= android.service.wallpaper.WallpaperService$Engine.getOrCreateBLASTSurface:2575 android.service.wallpaper.WallpaperService$Engine.updateSurface:1527 android.service.wallpaper.WallpaperService$Engine.reportVisibility:1902 android.service.wallpaper.WallpaperService$Engine.doVisibilityChanged:1872 android.service.wallpaper.WallpaperService$IWallpaperEngineWrapper.executeMessage:2842 com.android.internal.os.HandlerCaller$MyHandler.handleMessage:44 
10-05 15:34:15.940  1763  1763 D WallpaperService: reportVisibility onVisibilityChanged visible: true
10-05 15:34:15.940  1763  1968 I ImageWallpaper[GLEngine]:  onVisibilityChanged true , 0
10-05 15:34:15.940  1763  1830 I ViewRootImpl@7ebb575[videoplayer]: 1) Force to draw a frame when frame become empty from non-empty
10-05 15:34:15.940  1763  1830 I ViewRootImpl@7ebb575[videoplayer]: Relayout returned: old=(78,0,2400,1080) new=(0,0,0,0) req=(2322,1080)8 dur=40 res=0x0 s={false 0x0} ch=true seqId=0
10-05 15:34:15.940  1220  4255 D WALLPAPER_SVC:WallpaperManagerService: getWallpaperSafeLocked, userId = 0, which = 1, caller = com.android.server.wallpaper.WallpaperManagerService.semGetWallpaperType:6825 
10-05 15:34:15.940  1220  4273 D SettingsProvider: isChangeAllowed() : name = hide_rotation_lock_toggle_for_accessibility
10-05 15:34:15.940  1220  4273 D SettingsProvider: edmUri: content://com.sec.knox.provider/RestrictionPolicy3
10-05 15:34:15.940  1220  4273 D SettingsProvider: projectionArgs: isSettingsChangesAllowed
10-05 15:34:15.940  1220  4273 D SettingsProvider: selectionArgs: false
10-05 15:34:15.940  1220  4273 D SettingsProvider: selectionArgs: 10053
10-05 15:34:15.940  1220  4093 D WindowManager: makeSurface duration=1 name=com.samsung.android.app.cocktailbarservice/com.samsung.android.app.cocktailbarservice.CocktailBarService$_7479
10-05 15:34:15.940  1220  4255 D WallpaperManagerService: which : 1, return type : 0 (called by userId= 0)
10-05 15:34:15.940  1220  4273 D SecContentProvider: query(), uri = 17 selection = isSettingsChangesAllowed
10-05 15:34:15.940  1220  4273 D SecContentProvider: called from android.uid.systemui:10053
10-05 15:34:15.940  1220  4273 D RestrictionPolicy: isSettingsChangesAllowedAsUser, userId 0 : true
10-05 15:34:15.940  1763  1968 I ImageWallpaperRenderer: updateWallpaperOffset 0 lastCropOffset 0 , wp Type 0 , rotation 0 , allowed true Do not change Display offset 0
10-05 15:34:15.940  1220  4273 D SettingsProvider: ret = 1
10-05 15:34:15.941  1763  1763 V Navbar.Store: handleEvent(0) OnRotationChanged(rotation=0, displayId=0) [Module] NavigationBar
10-05 15:34:15.941  1763  1830 I ViewRootImpl@7ebb575[videoplayer]: dispatchDetachedFromWindow
10-05 15:34:15.941  1763  1763 V Navbar.Store: handleEvent(0) OnUpdateRemoteViewContainer(leftContainer=android.widget.LinearLayout{2c55b78 I.E...... ......I. 0,0-144,118 #7f0b04f6 app:id/left_remoteview}, rightContainer=android.widget.LinearLayout{6b6b251 I.E...... ......I. 0,962-144,1080 #7f0b07aa app:id/right_remoteview}, contextualButtonVisible=false, darkIntensity=0.0) [Module] SamsungNavigationBarView
10-05 15:34:15.941  1763  1763 V Navbar.Store: --[Band]REMOTE_VIEW_PACK_SET_REMOTEVIEW_CONTAINER
10-05 15:34:15.941  1763  1763 V Navbar.Store: ----apply(0) UpdateRemoteViewContainer
10-05 15:34:15.941  1763  1763 V Navbar.Store: ----apply(0) UpdateRemoteViewDarkIntensity
10-05 15:34:15.942   865   865 I Layer   : id=1372 removeFromCurrentState ActivityRecord{f582e83 u0 com.videoplayer/.MainActivity} t17387}#1372 (146)
10-05 15:34:15.942   865   865 I Layer   : id=1381 removeFromCurrentState 39f4132 ActivityRecordInputSink com.videoplayer/.MainActivity#1381 (146)
10-05 15:34:15.942   865   865 I Layer   : id=1371 removeFromCurrentState Task=17387#1371 (146)
10-05 15:34:15.942   865   865 I Layer   : id=1400 removeFromCurrentState Task=17387#1400 (146)
10-05 15:34:15.942  1220  4093 D WindowManager: updateResizingWindowIfNeeded, Start waiting to handle resizing w=Window{2b02663 u0 com.samsung.android.app.cocktailbarservice/com.samsung.android.app.cocktailbarservice.CocktailBarService}
10-05 15:34:15.942   865   865 I SurfaceFlinger: id=1376 Removed Splash Screen com.videoplayer$_1763#1376 (146)
10-05 15:34:15.942   865   865 I SurfaceFlinger: id=1372 Removed ActivityRecord{f582e83 u0 com.videoplayer/.MainActivity} t17387}#1372 (146)
10-05 15:34:15.942   865   865 I SurfaceFlinger: id=1400 Removed Task=17387#1400 (146)
10-05 15:34:15.942   865   865 I Layer   : id=1400 Destroyed Task=17387#1400
10-05 15:34:15.942  1220  4093 D WindowManager: applyWithNextDraw, mSyncSeqId=14, mType=2, win=Window{2b02663 u0 com.samsung.android.app.cocktailbarservice/com.samsung.android.app.cocktailbarservice.CocktailBarService}, caller=com.android.server.wm.WindowState.updateResizingWindowIfNeeded:1917 com.android.server.wm.DisplayContent.lambda$new$8:1228 com.android.server.wm.DisplayContent.$r8$lambda$OtLCIQFjCt9o-SYztyeDUcWUwGs:0 com.android.server.wm.DisplayContent$$ExternalSyntheticLambda15.accept:4 com.android.server.wm.WindowContainer$ForAllWindowsConsumerWrapper.apply:2707 com.android.server.wm.WindowContainer$ForAllWindowsConsumerWrapper.apply:2697 
10-05 15:34:15.942  2212 31565 I TouchInteractionService: onActiveNavBarRegionChanges, region : SkRegion((2328,420,2400,659))
10-05 15:34:15.942   865   865 I Layer   : id=1376 Destroyed Splash Screen com.videoplayer$_1763#1376
10-05 15:34:15.942   865   865 I Layer   : id=1372 Destroyed ActivityRecord{f582e83 u0 com.videoplayer/.MainActivity} t17387}#1372
10-05 15:34:15.942   865   865 I Layer   : id=1381 Destroyed 39f4132 ActivityRecordInputSink com.videoplayer/.MainActivity#1381
10-05 15:34:15.943  1763  1763 V Navbar.Store: ----handleEvent(0) OnUpdateRemoteViewContainer(leftContainer=android.widget.LinearLayout{2c55b78 I.E...... ......I. 0,0-144,118 #7f0b04f6 app:id/left_remoteview}, rightContainer=android.widget.LinearLayout{6b6b251 I.E...... ......I. 0,962-144,1080 #7f0b07aa app:id/right_remoteview}, contextualButtonVisible=false, darkIntensity=0.0) [Module] SamsungNavigationBarView
10-05 15:34:15.943  1763  1763 V Navbar.Store: ------[Band]REMOTE_VIEW_PACK_SET_REMOTEVIEW_CONTAINER
10-05 15:34:15.943  1763  1763 V Navbar.Store: --------apply(0) UpdateRemoteViewContainer
10-05 15:34:15.943  1763  1763 V Navbar.Store: --------apply(0) UpdateRemoteViewDarkIntensity
10-05 15:34:15.944  2212 31565 I TouchInteractionService: onActiveNavBarRegionChanges, region : SkRegion((2328,420,2400,659))
10-05 15:34:15.944  1763  1763 V Navbar.Store: handleEvent(0) OnUpdateSysUiStateFlag(noArguments=true) [Module] SamsungNavigationBarView
10-05 15:34:15.943  7479  7501 I ViewRootImpl@731245e[CocktailBarService]: Resizing android.view.ViewRootImpl@f0f6df8: frame = [1013,573][1080,1040] reportDraw = true forceLayout = true syncSeqId = 14
10-05 15:34:15.944  1763  1763 V Navbar.Store: --[Band]GESTURE_PACK_UPDATE_SYSTEMUI_STATE_FLAG
10-05 15:34:15.944  1763  1763 V Navbar.Store: --[Band] (afterAction) GESTURE_PACK_UPDATE_SYSTEMUI_STATE_FLAG
10-05 15:34:15.944  1220  2309 W ActivityTaskManager: Request to remove task ignored for non-existent task 17386
10-05 15:34:15.944  1220  4093 V WindowManager: Relayout hash=2b02663, pid=7479, syncId=14: mAttrs={(0,573)(67x467) gr=TOP RIGHT CENTER sim={adjust=nothing} layoutInDisplayCutoutMode=shortEdges ty=2226 fmt=TRANSPARENT
10-05 15:34:15.944  1220  4093 V WindowManager:   fl=81800508
10-05 15:34:15.944  1220  4093 V WindowManager:   pfl=2000050
10-05 15:34:15.944  1220  4093 V WindowManager:   vsysui=10
10-05 15:34:15.944  1220  4093 V WindowManager:   apr=LIGHT_NAVIGATION_BARS
10-05 15:34:15.944  1220  4093 V WindowManager:   bhv=SHOW_TRANSIENT_BARS_BY_SWIPE
10-05 15:34:15.944  1220  4093 V WindowManager:   fitTypes=NAVIGATION_BARS CAPTION_BAR
10-05 15:34:15.944  1220  4093 V WindowManager:  dimAmount=0.0 dimDuration=0 naviIconColor=0
10-05 15:34:15.944  1220  4093 V WindowManager:   sfl=620000}
10-05 15:34:15.945  2212 31565 I TouchInteractionService: onActiveNavBarRegionChanges, region : SkRegion((2328,420,2400,659))
10-05 15:34:15.945  1763  1763 V Navbar.Store: ----handleEvent(0) OnUpdateRemoteViewContainer(leftContainer=android.widget.LinearLayout{2c55b78 I.E...... ......I. 0,0-144,118 #7f0b04f6 app:id/left_remoteview}, rightContainer=android.widget.LinearLayout{6b6b251 I.E...... ......I. 0,962-144,1080 #7f0b07aa app:id/right_remoteview}, contextualButtonVisible=false, darkIntensity=0.0) [Module] SamsungNavigationBarView
10-05 15:34:15.945  1763  1763 V Navbar.Store: ------[Band]REMOTE_VIEW_PACK_SET_REMOTEVIEW_CONTAINER
10-05 15:34:15.945  1763  1763 V Navbar.Store: --------apply(0) UpdateRemoteViewContainer
10-05 15:34:15.945  1763  1763 V Navbar.Store: --------apply(0) UpdateRemoteViewDarkIntensity
10-05 15:34:15.945  1763  1763 V Navbar.Store: handleEvent(0) OnNavBarUpdateA11YService(clickable=false, longClickable=false) [Module] NavigationBar
10-05 15:34:15.945  1763  1763 V Navbar.Store: --[Band]SETUPWIZARD_PACK_UPDATE_A11Y_SERVICE
10-05 15:34:15.947  1220  2751 D LiftUpHandler: [LTW] Stopped already.
10-05 15:34:15.947  1220  1220 E SemInputDeviceManagerService: onDisplayChanged: 0
10-05 15:34:15.948  1220  1220 D SGM:GameManager: onDisplayChanged. displyId: 0, state: 2
10-05 15:34:15.948  1220  1547 D SemInputCommandService: checkTSPCmdlistAndRunCmdNoRead: not supported cmd: lcd_orientation,0
10-05 15:34:15.948  1220  1551 D SGM:FgCheckThread: onLooperPrepared(), msg: MSG_LCD_ON
10-05 15:34:15.948  1220  1220 D SGM:GameManager: dpi: 480, longPixel: 2178, shortPixel: 1080
10-05 15:34:15.948  1220  1220 D AODManagerService: requestReCalToTSP IsSingleTouchMode = false / previousDisplayState = ON
10-05 15:34:15.948  1763  1837 D OpenGLRenderer: setSurface called with nullptr
10-05 15:34:15.948  1763  1837 D OpenGLRenderer: setSurface() destroyed EGLSurface
10-05 15:34:15.948  1763  1837 D OpenGLRenderer: destroyEglSurface
10-05 15:34:15.949  7479  7479 I ViewRootImpl@731245e[CocktailBarService]: updateBlastSurfaceIfNeeded mBlastBufferQueue=null isSameSurfaceControl=false
10-05 15:34:15.949  1763  1820 I ViewRootImpl@c0d236b[StageCoordinatorSplitDivider]: dispatchDetachedFromWindow
10-05 15:34:15.950  1220  1734 D SettingsProvider: isChangeAllowed() : name = accelerometer_rotation
10-05 15:34:15.950  1220  1734 D SettingsProvider: isChangeAllowed() : name = user_rotation
10-05 15:34:15.950  1220  1734 V WindowManager: rotationForOrientation(orient=SCREEN_ORIENTATION_NOSENSOR (5), last=ROTATION_0 (0)); user=ROTATION_0 (0) USER_ROTATION_LOCKED
10-05 15:34:15.950  1220  1734 D WindowManager: rotationForOrientation, orientationSource=ActivityRecord{8937824 u0 com.sec.android.app.launcher/.activities.LauncherActivity} t17353}
10-05 15:34:15.950  7479  7479 I BLASTBufferQueue: new BLASTBufferQueue, mName= ViewRootImpl@731245e[CocktailBarService] mNativeObject= 0x7bdaf80250 sc.mNativeObject= 0x7b6afaad50 caller= android.view.ViewRootImpl.updateBlastSurfaceIfNeeded:2909 android.view.ViewRootImpl.relayoutWindow:9847 android.view.ViewRootImpl.performTraversals:3884 android.view.ViewRootImpl.doTraversal:3116 android.view.ViewRootImpl$TraversalRunnable.run:10885 android.view.Choreographer$CallbackRecord.run:1301 android.view.Choreographer$CallbackRecord.run:1309 android.view.Choreographer.doCallbacks:923 android.view.Choreographer.doFrame:852 android.view.Choreographer$FrameDisplayEventReceiver.run:1283 
10-05 15:34:15.950  7479  7479 I BLASTBufferQueue: update, w= 67 h= 467 mName = ViewRootImpl@731245e[CocktailBarService] mNativeObject= 0x7bdaf80250 sc.mNativeObject= 0x7b6afaad50 format= -2 caller= android.graphics.BLASTBufferQueue.<init>:84 android.view.ViewRootImpl.updateBlastSurfaceIfNeeded:2909 android.view.ViewRootImpl.relayoutWindow:9847 android.view.ViewRootImpl.performTraversals:3884 android.view.ViewRootImpl.doTraversal:3116 android.view.ViewRootImpl$TraversalRunnable.run:10885 
10-05 15:34:15.950  1220  1734 V WindowManager: Computed rotation=ROTATION_0 (0) for display id=0 based on lastOrientation=SCREEN_ORIENTATION_NOSENSOR (5) and oldRotation=ROTATION_0 (0), caller=com.android.server.wm.DisplayContent.updateRotationUnchecked:2410 com.android.server.wm.WindowManagerService.updateRotationUnchecked:4778 com.android.server.wm.WindowManagerService.freezeDisplayRotation:4678 com.android.server.wm.WindowManagerService.freezeRotation:4637 android.view.IWindowManager$Stub.onTransact:2530 com.android.server.wm.WindowManagerService.onTransact:1608 
10-05 15:34:15.950  7479  7479 I ViewRootImpl@731245e[CocktailBarService]: Relayout returned: old=(2189,573,2256,1022) new=(1013,573,1080,1040) req=(67,467)0 dur=30 res=0x3 s={true 0x7c6af66ae0} ch=true seqId=14
10-05 15:34:15.950  7479  7479 I ViewRootImpl@731245e[CocktailBarService]: Relayout called with blastSync mSyncSeqId=14
10-05 15:34:15.950  7479  7479 I ViewRootImpl@731245e[CocktailBarService]: reportNextDraw android.view.ViewRootImpl.performTraversals:3900 android.view.ViewRootImpl.doTraversal:3116 android.view.ViewRootImpl$TraversalRunnable.run:10885 android.view.Choreographer$CallbackRecord.run:1301 android.view.Choreographer$CallbackRecord.run:1309 
10-05 15:34:15.952  2212  2212 I DisplayController: displayId: local:4633128672291735937, navigationMode: THREE_BUTTONS, displayType: 0, deviceType: 0
10-05 15:34:15.952  1220  1939 W WindowManager: Failed looking up window session=Session{eb9a456 1763:u0a10053} callers=com.android.server.wm.WindowManagerService.windowForClientLocked:6618 com.android.server.wm.WindowManagerService.removeWindow:2287 com.android.server.wm.Session.remove:236 
10-05 15:34:15.952  2212  2212 I DisplayController: rotation 1 -> 0
10-05 15:34:15.952  1220  1939 D InputTransport: Input channel destroyed: 'Embedde', fd=923
10-05 15:34:15.952  2212  2212 I DisplayController: notifyChange flags: 3
10-05 15:34:15.952  1220  1939 W InputManager-JNI: Input channel object 'Embedded{StageCoordinatorSplitDivider} (client)' was disposed without first being removed with the input manager!
10-05 15:34:15.952  1220  1939 D InputTransport: Input channel destroyed: 'Embedde', fd=993
10-05 15:34:15.952  2212  2212 I RotationTouchHelper: onDisplayInfoChangedInternal():  info = [bae9862, rotation=0, navigationMode=THREE_BUTTONS, currentSize=Point(1080, 2400)], flags = [3],  forceRegister = [false]
10-05 15:34:15.952  2212  2212 W SGestureOverlayWindow: removeGestureOverlayWindow return by mOverlayWindow == null
10-05 15:34:15.952  2212  2212 W SGestureOverlayWindow: removeGestureOverlayWindow return by mOverlayWindow == null
10-05 15:34:15.952  2212  2212 I DisplayController: Update info { bounds=Rect(0, 0 - 1080, 2400), insets=Rect(0, 78 - 0, 144), 1080x2178, rotation=0 }, { bounds=Rect(0, 0 - 2400, 1080), insets=Rect(78, 72 - 144, 0), 2178x1008, rotation=1 }, { bounds=Rect(0, 0 - 2400, 1080), insets=Rect(144, 72 - 78, 0), 2178x1008, rotation=3 }, rotation: 0, screenSize: 360x726, initialDisplaySize: Point(1080, 2400) notifyChange end
10-05 15:34:15.952  2212  2212 E ConfigurationWrapper: extraNavBarEnabled
10-05 15:34:15.952  7479  7479 I DecorView: getCurrentDensityDpi: from app context. densityDpi=480 msg=remove_caption
10-05 15:34:15.952  7479  7479 I DecorView: [INFO] isPopOver=false config=true
10-05 15:34:15.952  7479  7479 I DecorView: updateCaptionType: isFloating=false isApplication=false hasWindowDecorCaption=false this=DecorView@b2a4398[CocktailBarService]
10-05 15:34:15.952  1763  1820 D InputTransport: Input channel destroyed: 'Embedde', fd=121
10-05 15:34:15.952  7479  7479 I MSHandlerLifeCycle: check: return. pkg=com.samsung.android.app.cocktailbarservice isActivity=false callers=com.android.internal.policy.DecorView.onConfigurationChanged:3363 android.view.View.dispatchConfigurationChanged:16145 android.view.ViewGroup.dispatchConfigurationChanged:1646 android.view.ViewRootImpl.updateConfiguration:6502 android.view.ViewRootImpl.performConfigurationChange:6465 
10-05 15:34:15.952  7479  7479 I MSHandlerLifeCycle: removeMultiSplitHandler: no exist. decor=DecorView@b2a4398[CocktailBarService]
10-05 15:34:15.953  2212  2212 I ViewRootImpl@6c41c19[LauncherActivity]: handleResized, msg = 4 frames=ClientWindowFrames{frame=[0,0][1080,2400] display=[0,0][1080,2400] parentFrame=[0,0][0,0] parentClippedByDisplayCutout=false} forceNextWindowRelayout=true displayId=0 resizeMode=-1 frameChanged=false displayFrameChanged=false configChanged=false displayChanged=false
10-05 15:34:15.953  2212  2212 I ViewRootImpl@6c41c19[LauncherActivity]: handleResized mSyncSeqId = 0
10-05 15:34:15.953  2212  2212 I ViewRootImpl@6c41c19[LauncherActivity]: handleResized, msg = 4 frames=ClientWindowFrames{frame=[0,0][1080,2400] display=[0,0][1080,2400] parentFrame=[0,0][0,0] parentClippedByDisplayCutout=false} forceNextWindowRelayout=false displayId=0 resizeMode=-1 frameChanged=false displayFrameChanged=false configChanged=false displayChanged=false
10-05 15:34:15.953  7479  7479 I ViewRootImpl@731245e[CocktailBarService]: mThreadedRenderer.initialize() mSurface={isValid=true 0x7c6af66ae0} hwInitialized=true
10-05 15:34:15.953  2212  2212 I ViewRootImpl@6c41c19[LauncherActivity]: MSG_WINDOW_FOCUS_CHANGED 1 0
10-05 15:34:15.953  2212  2212 I ViewRootImpl@6c41c19[LauncherActivity]: mThreadedRenderer.initializeIfNeeded()#2 mSurface={isValid=true 0x7c6b0cc560}
10-05 15:34:15.953  2212  2212 I BaseActivity: addActivityFlags, flags : 8
10-05 15:34:15.954  1220  4255 W WindowManager: Failed looking up window session=Session{eb9a456 1763:u0a10053} callers=com.android.server.wm.WindowManagerService.windowForClientLocked:6618 com.android.server.wm.Session.setOnBackInvokedCallbackInfo:1090 android.view.IWindowSession$Stub.onTransact:1319 
10-05 15:34:15.954  1220  4255 E WindowManager: setOnBackInvokedCallback(): No window state for package:com.android.systemui
10-05 15:34:15.954  1220  1791 W WindowManager: Failed looking up window session=Session{eb9a456 1763:u0a10053} callers=com.android.server.wm.WindowManagerService.windowForClientLocked:6618 com.android.server.wm.WindowManagerService.removeWindow:2287 com.android.server.wm.Session.remove:236 
10-05 15:34:15.954  1763  1830 D InputTransport: Input channel destroyed: '2981648', fd=321
10-05 15:34:15.955  7479  7479 I ViewRootImpl@731245e[CocktailBarService]: reportNextDraw android.view.ViewRootImpl.performTraversals:4438 android.view.ViewRootImpl.doTraversal:3116 android.view.ViewRootImpl$TraversalRunnable.run:10885 android.view.Choreographer$CallbackRecord.run:1301 android.view.Choreographer$CallbackRecord.run:1309 
10-05 15:34:15.955  7479  7479 I ViewRootImpl@731245e[CocktailBarService]: Setup new sync id=51
10-05 15:34:15.955  1763  1837 D NativeCustomFrequencyManager: [NativeCFMS] BpCustomFrequencyManager::BpCustomFrequencyManager()
10-05 15:34:15.955  7479  7479 I ViewRootImpl@731245e[CocktailBarService]: Setting syncFrameCallback
10-05 15:34:15.955  7479  7479 I ViewRootImpl@731245e[CocktailBarService]: registerCallbacksForSync syncBuffer=true
10-05 15:34:15.955  1220  1220 D SEP_UNION_CoverManager_ResolutionMonitor: onReceive 536872064 
10-05 15:34:15.955  1220  1520 D MotionRecognitionService: Receiver: CONFIGURATION_CHANGED
10-05 15:34:15.955  1220  1520 D MotionRecognitionService: Inject auto rotation : 0
10-05 15:34:15.955  1220  1520 D SensorService: Motion injection
10-05 15:34:15.955  1220  1520 D SensorService: [EAR_TOUCH] : INJECT_AUTO_ROTATION ++++
10-05 15:34:15.955  1220  1520 E SensorService: [EARPROXIMITY] getScreenRotation -  1759667655   955783 
10-05 15:34:15.955  1220  1220 D WALLPAPER_SVC:SemWallpaperManagerService: onReceive: android.intent.action.CONFIGURATION_CHANGED, densityDpi=480, orientation [old=2, new=1] 
10-05 15:34:15.955  1220  1220 D WALLPAPER_SVC:WallpaperManagerService: orientation is changed, notifySemColorListeners 
10-05 15:34:15.956  2212  2212 I InputMethodManager: startInputInner - mService.startInputOrWindowGainedFocus
10-05 15:34:15.956   783   982 D gralloc : [mali_gralloc_allocate] begin
10-05 15:34:15.956   783   982 D gralloc : buffer_descriptor: wh(67 467) usage_pc(0x40000000000b00 0x40000000000b00) hal_format(0x1) layer_count(1) sizes(0 0 0) strde(0) byte_stride(0) alloc_wh(0 0) internal_format(0x0) alloc_format(0x0) fd_count(1) plane_count(0)
10-05 15:34:15.956   783   982 D gralloc : [mali_gralloc_allocate] allocation successful
10-05 15:34:15.956  7479  8261 I ViewRootImpl@731245e[CocktailBarService]: Received frameDrawingCallback syncResult=0 frameNum=1.
10-05 15:34:15.956  7479  8261 I ViewRootImpl@731245e[CocktailBarService]: Setting up sync and frameCommitCallback
10-05 15:34:15.957  7479  8261 I BLASTBufferQueue: syncNextTransaction, mName= ViewRootImpl@731245e[CocktailBarService] acquireSingleBuffer= true mNativeObject= 0x7bdaf80250 callback= android.view.ViewRootImpl$12$$ExternalSyntheticLambda0@2b4995a caller= android.graphics.BLASTBufferQueue.syncNextTransaction:147 android.view.ViewRootImpl$12.onFrameDraw:13385 android.view.ThreadedRenderer$1.onFrameDraw:801 <bottom of call stack> <bottom of call stack> <bottom of call stack> 
10-05 15:34:15.957  7479  8261 I BLASTBufferQueue: [ViewRootImpl@731245e[CocktailBarService]#26](f:0,a:0) syncNextTransaction callback: 1, acquireSingleBuffer: 1, mTransactionReadyCallback: 0
10-05 15:34:15.957  1763  2305 D QSClockBellTower: onReceive(android.intent.action.CONFIGURATION_CHANGED) mTimeZoneString:null
10-05 15:34:15.957  1703  1857 I TelephonyProvider: D/TelephonyProvider: subIdString = 2 subId = 2
10-05 15:34:15.957  1703  1857 I TelephonyProvider: D/TelephonyProvider: subIdString = 2 subId = 2
10-05 15:34:15.958   865  2131 I SurfaceFlinger: id=1402 createSurf flag=80004, SplitWindowManager#1402
10-05 15:34:15.959   865   865 I Layer   : id=1383 removeFromCurrentState StageCoordinatorSplitDivider#1383 (143)
10-05 15:34:15.959   865   865 I Layer   : id=1382 removeFromCurrentState SplitWindowManager#1382 (143)
10-05 15:34:15.959   865   865 I SurfaceFlinger: id=1382 Removed SplitWindowManager#1382 (143)
10-05 15:34:15.959  5087  5087 I ViewRootImpl@fcede53[]: handleResized, msg = 4 frames=ClientWindowFrames{frame=[540,78][540,2256] display=[0,78][1080,2256] parentFrame=[0,0][0,0] parentClippedByDisplayCutout=false} forceNextWindowRelayout=false displayId=0 resizeMode=-1 frameChanged=false displayFrameChanged=false configChanged=false displayChanged=false
10-05 15:34:15.959   865   865 I SurfaceFlinger: id=1383 Removed StageCoordinatorSplitDivider#1383 (143)
10-05 15:34:15.959  5087  5087 I ViewRootImpl@fcede53[]: handleResized, msg = 4 frames=ClientWindowFrames{frame=[540,78][540,2256] display=[0,78][1080,2256] parentFrame=[0,0][0,0] parentClippedByDisplayCutout=false} forceNextWindowRelayout=false displayId=0 resizeMode=-1 frameChanged=false displayFrameChanged=false configChanged=false displayChanged=false
10-05 15:34:15.959   865   865 I Layer   : id=1382 Destroyed SplitWindowManager#1382
10-05 15:34:15.959   865   865 I Layer   : id=1383 Destroyed StageCoordinatorSplitDivider#1383
10-05 15:34:15.961  1220  2886 V InputMethodManagerService: hideCurrentInputLocked : canceled, shouldHideSoftInput=false, mInputShown=false, mImeWindowVis=0
10-05 15:34:15.961   865  2131 I SurfaceFlinger: id=1403 createSurf flag=40004, StageCoordinatorSplitDivider#1403
10-05 15:34:15.961  1220  2886 I InputMethodBindingController: setCurrentMethodNotVisible: mVisibleBound=false, mHasConnection=true, caller = com.android.server.inputmethod.InputMethodManagerService.hideCurrentInputLocked:4356 com.android.server.inputmethod.InputMethodManagerService.startInputOrWindowGainedFocusInternalLocked:4783 com.android.server.inputmethod.InputMethodManagerService.startInputOrWindowGainedFocusInternal:4440 com.android.server.inputmethod.InputMethodManagerService.startInputOrWindowGainedFocus:4379 com.android.internal.view.IInputMethodManager$Stub.onTransact:518 com.android.server.inputmethod.InputMethodManagerService.onTransact:2302 android.os.Binder.execTransactInternal:1316 android.os.Binder.execTransact:1280 <bottom of call stack> <bottom of call stack> 
10-05 15:34:15.961  1220  2886 D InputMethodManagerService: DESKTOP MODE! : 2
10-05 15:34:15.961  1220  2886 D InputMethodManagerService: NOT IN KNOX DESKTOP MODE!
10-05 15:34:15.961  1220  2886 V InputMethodManagerService: getDisplayIdOfInputMethodWindowToBeAdded: displayId=0
10-05 15:34:15.961  1220  2886 D InputMethodManagerService: isImeSwitcherDisabledPackage : false
10-05 15:34:15.961  1220  2886 D InputMethodManagerService: shouldShowImeSwitcherLocked : checking vis : 3
10-05 15:34:15.962  1220  2886 D InputMethodManagerService: checkDisplayOfStartInputAndUpdateKeyboard: displayId=0, mFocusedDisplayId=0
10-05 15:34:15.962  1220  2886 D InputTransport: Input channel constructed: 'ClientS', fd=845
10-05 15:34:15.962  1220  2886 D InputTransport: Input channel destroyed: 'ClientS', fd=845
10-05 15:34:15.962  1220  4095 D InputTransport: Input channel constructed: 'Embedde', fd=328
10-05 15:34:15.962  1220  4095 D InputTransport: Input channel constructed: 'Embedde', fd=651
10-05 15:34:15.962  2212  2212 I LauncherRootView: handleSystemWindowInsets Rect(0, 78 - 0, 144)
10-05 15:34:15.963  1220  4095 D InputTransport: Input channel constructed: 'Embedde', fd=845
10-05 15:34:15.963  1220  4095 D InputTransport: Input channel destroyed: 'Embedde', fd=845
10-05 15:34:15.963  2212  2212 I ViewRootImpl@6c41c19[LauncherActivity]: performTraversals mFirst=false windowShouldResize=false viewVisibilityChanged=false mForceNextWindowRelayout=true params=null
10-05 15:34:15.964  1763  1763 I ViewRootImpl@ab31e55[NavigationBar0]: performTraversals params={(0,0)(fillx144) gr=BOTTOM CENTER_VERTICAL sim={adjust=pan} layoutInDisplayCutoutMode=always ty=NAVIGATION_BAR fmt=TRANSLUCENT receive insets ignoring z-order
10-05 15:34:15.964  1763  1763 I ViewRootImpl@ab31e55[NavigationBar0]:   fl=20840068
10-05 15:34:15.964  1763  1763 I ViewRootImpl@ab31e55[NavigationBar0]:   pfl=33002000
10-05 15:34:15.964  1763  1763 I ViewRootImpl@ab31e55[NavigationBar0]:   bhv=DEFAULT
10-05 15:34:15.964  1763  1763 I ViewRootImpl@ab31e55[NavigationBar0]:  providedInternalInsets=null Insets{left=0, top=0, right=0, bottom=0} null null null null null null null null null null null null null null null null null null null null null null
10-05 15:34:15.964  1763  1763 I ViewRootImpl@ab31e55[NavigationBar0]:   paramsForRotation=
10-05 15:34:15.964  1763  1763 I ViewRootImpl@ab31e55[NavigationBar0]:   rot[0]={(0,0)(fillx144) gr=BOTTOM CENTER_VERTICAL layoutInDisplayCutoutMode=always ty=NAVIGATION_BAR fmt=TRANSLUCENT receive insets ignoring z-order
10-05 15:34:15.964  1763  1763 I ViewRootImpl@ab31e55[NavigationBar0]:   fl=20840068
10-05 15:34:15.964  1763  1763 I ViewRootImpl@ab31e55[NavigationBar0]:   pfl=31002000
10-05 15:34:15.964  1763  1763 I ViewRootImpl@ab31e55[NavigationBar0]:   bhv=DEFAULT
10-05 15:34:15.964  1763  1763 I ViewRootImpl@ab31e55[NavigationBar0]:  providedInternalInsets=null Insets{left=0, top=0, right=0, bottom=0} null null null null null null null null null null null null null null null null null null null null null null naviIconColor=0} 
10-05 15:34:15.964  1763  1763 I ViewRootImpl@ab31e55[NavigationBar0]:   rot[1]={(0,0)(144xfill) gr=RIGHT CENTER_HORIZONTAL layoutInDisplayCutoutMode=always ty=NAVIGATION_BAR fmt=TRANSLUCENT receive insets ignoring z-order
10-05 15:34:15.964  1763  1763 I ViewRootImpl@ab31e55[NavigationBar0]:   fl=20840068
10-05 15:34:15.964  1763  1763 I ViewRootImpl@ab31e55[NavigationBar0]:   pfl=31002000
10-05 15:34:15.964  1763  1763 I ViewRootImpl@ab31e55[NavigationBar0]:   bhv=DEFAULT
10-05 15:34:15.964  1763  1763 I ViewRootImpl@ab31e55[NavigationBar0]:  providedInternalInsets=null null null null null null null null null null null null null null null null null null null null null null null null naviIconColor=0} 
10-05 15:34:15.964  1763  1763 I ViewRootImpl@ab31e55[NavigationBar0]:   rot[2]={(0,0)(fillx144) gr=BOTTOM CENTER_VERTICAL layoutInDisplayCutoutMode=always ty=NAVIGATION_BAR fmt=TRANSLUCENT receive insets ignoring z-order
10-05 15:34:15.964  1763  1763 I ViewRootImpl@ab31e55[NavigationBar0]:   fl=20840068
10-05 15:34:15.964  1763  1763 I ViewRootImpl@ab31e55[NavigationBar0]:   pfl=31002000
10-05 15:34:15.964  1763  1763 I ViewRootImpl@ab31e55[NavigationBar0]:   bhv=DEFAULT
10-05 15:34:15.964  1763  1763 I ViewRootImpl@ab31e55[NavigationBar0]:  providedInternalInsets=null Insets{left=0, top=0, right=0, bottom=0} null null null null null null null null null null null null null null null null null null null null null null naviIconColor=0} 
10-05 15:34:15.964  1763  1763 I ViewRootImpl@ab31e55[NavigationBar0]:   rot[3]={(0,0)(144xfill) gr=LEFT CENTER_HORIZONTAL layoutInDisplayCutoutMode=always ty=NAVIGATION_BAR fmt=TRANSLUCENT receive insets ignoring z-order
10-05 15:34:15.964  1763  1763 I ViewRootImpl@ab31e55[NavigationBar0]:   fl=20840068
10-05 15:34:15.964  1763  1763 I ViewRootImpl@ab31e55[NavigationBar0]:   pfl=31002000
10-05 15:34:15.964  1763  1763 I ViewRootImpl@ab31e55[NavigationBar0]:   bhv=DEFAULT
10-05 15:34:15.964  1763  1763 I ViewRootImpl@ab31e55[NavigationBar0]:  providedInternalInsets=null null null null null null null null null null null null null null null null null null null null null null null null naviIconColor=0} naviIconColor=0}
10-05 15:34:15.964  1763  1763 I ViewRootImpl@ab31e55[NavigationBar0]: performTraversals mFirst=false windowShouldResize=false viewVisibilityChanged=false mForceNextWindowRelayout=false params={(0,0)(fillx144) gr=BOTTOM CENTER_VERTICAL sim={adjust=pan} layoutInDisplayCutoutMode=always ty=NAVIGATION_BAR fmt=TRANSLUCENT receive insets ignoring z-order
10-05 15:34:15.964  1763  1763 I ViewRootImpl@ab31e55[NavigationBar0]:   fl=20840068
10-05 15:34:15.964  1763  1763 I ViewRootImpl@ab31e55[NavigationBar0]:   pfl=33002000
10-05 15:34:15.964  1763  1763 I ViewRootImpl@ab31e55[NavigationBar0]:   bhv=DEFAULT
10-05 15:34:15.964  1763  1763 I ViewRootImpl@ab31e55[NavigationBar0]:  providedInternalInsets=null Insets{left=0, top=0, right=0, bottom=0} null null null null null null null null null null null null null null null null null null null null null null
10-05 15:34:15.964  1763  1763 I ViewRootImpl@ab31e55[NavigationBar0]:   paramsForRotation=
10-05 15:34:15.964  1763  1763 I ViewRootImpl@ab31e55[NavigationBar0]:   rot[0]={(0,0)(fillx144) gr=BOTTOM CENTER_VERTICAL layoutInDisplayCutoutMode=always ty=NAVIGATION_BAR fmt=TRANSLUCENT receive insets ignoring z-order
