10-05 15:34:15.725 15619 15619 E AndroidRuntime: 	at android.view.LayoutInflater.createViewFromTag(LayoutInflater.java:1028)
10-05 15:34:15.725 15619 15619 E AndroidRuntime: 	at android.view.LayoutInflater.createViewFromTag(LayoutInflater.java:983)
10-05 15:34:15.725 15619 15619 E AndroidRuntime: 	at android.view.LayoutInflater.inflate(LayoutInflater.java:669)
10-05 15:34:15.725 15619 15619 E AndroidRuntime: 	at android.view.LayoutInflater.inflate(LayoutInflater.java:544)
10-05 15:34:15.725 15619 15619 E AndroidRuntime: 	at com.videoplayer.PlaylistAdapter.onCreateViewHolder(PlaylistAdapter.kt:30)
10-05 15:34:15.725 15619 15619 E AndroidRuntime: 	at com.videoplayer.PlaylistAdapter.onCreateViewHolder(PlaylistAdapter.kt:12)
10-05 15:34:15.725 15619 15619 E AndroidRuntime: 	at androidx.recyclerview.widget.RecyclerView$Adapter.createViewHolder(RecyclerView.java:7788)
10-05 15:34:15.725 15619 15619 E AndroidRuntime: 	at androidx.recyclerview.widget.RecyclerView$Recycler.tryGetViewHolderForPositionByDeadline(RecyclerView.java:6873)
10-05 15:34:15.725 15619 15619 E AndroidRuntime: 	at androidx.recyclerview.widget.RecyclerView$Recycler.getViewForPosition(RecyclerView.java:6757)
10-05 15:34:15.725 15619 15619 E AndroidRuntime: 	at androidx.recyclerview.widget.RecyclerView$Recycler.getViewForPosition(RecyclerView.java:6753)
10-05 15:34:15.725 15619 15619 E AndroidRuntime: 	at androidx.recyclerview.widget.LinearLayoutManager$LayoutState.next(LinearLayoutManager.java:2362)
10-05 15:34:15.725 15619 15619 E AndroidRuntime: 	at androidx.recyclerview.widget.LinearLayoutManager.layoutChunk(LinearLayoutManager.java:1662)
10-05 15:34:15.725 15619 15619 E AndroidRuntime: 	at androidx.recyclerview.widget.LinearLayoutManager.fill(LinearLayoutManager.java:1622)
10-05 15:34:15.725 15619 15619 E AndroidRuntime: 	at androidx.recyclerview.widget.LinearLayoutManager.onLayoutChildren(LinearLayoutManager.java:687)
10-05 15:34:15.725 15619 15619 E AndroidRuntime: 	at androidx.recyclerview.widget.RecyclerView.dispatchLayoutStep2(RecyclerView.java:4645)
10-05 15:34:15.725 15619 15619 E AndroidRuntime: 	at androidx.recyclerview.widget.RecyclerView.dispatchLayout(RecyclerView.java:4348)
10-05 15:34:15.725 15619 15619 E AndroidRuntime: 	at androidx.recyclerview.widget.RecyclerView.onLayout(RecyclerView.java:4919)
10-05 15:34:15.725 15619 15619 E AndroidRuntime: 	at android.view.View.layout(View.java:24969)
10-05 15:34:15.725 15619 15619 E AndroidRuntime: 	at android.view.ViewGroup.layout(ViewGroup.java:6784)
10-05 15:34:15.725 15619 15619 E AndroidRuntime: 	at androidx.constraintlayout.widget.ConstraintLayout.onLayout(ConstraintLayout.java:1873)
10-05 15:34:15.725 15619 15619 E AndroidRuntime: 	at android.view.View.layout(View.java:24969)
10-05 15:34:15.725 15619 15619 E AndroidRuntime: 	at android.view.ViewGroup.layout(ViewGroup.java:6784)
10-05 15:34:15.725 15619 15619 E AndroidRuntime: 	at android.widget.FrameLayout.layoutChildren(FrameLayout.java:332)
10-05 15:34:15.725 15619 15619 E AndroidRuntime: 	at android.widget.FrameLayout.onLayout(FrameLayout.java:270)
10-05 15:34:15.725 15619 15619 E AndroidRuntime: 	at android.view.View.layout(View.java:24969)
10-05 15:34:15.725 15619 15619 E AndroidRuntime: 	at android.view.ViewGroup.layout(ViewGroup.java:6784)
10-05 15:34:15.725 15619 15619 E AndroidRuntime: 	at android.widget.LinearLayout.setChildFrame(LinearLayout.java:1829)
10-05 15:34:15.725 15619 15619 E AndroidRuntime: 	at android.widget.LinearLayout.layoutVertical(LinearLayout.java:1673)
10-05 15:34:15.725 15619 15619 E AndroidRuntime: 	at android.widget.LinearLayout.onLayout(LinearLayout.java:1582)
10-05 15:34:15.725 15619 15619 E AndroidRuntime: 	at android.view.View.layout(View.java:24969)
10-05 15:34:15.725 15619 15619 E AndroidRuntime: 	at android.view.ViewGroup.layout(ViewGroup.java:6784)
10-05 15:34:15.725 15619 15619 E AndroidRuntime: 	at android.widget.FrameLayout.layoutChildren(FrameLayout.java:332)
10-05 15:34:15.725 15619 15619 E AndroidRuntime: 	at android.widget.FrameLayout.onLayout(FrameLayout.java:270)
10-05 15:34:15.725 15619 15619 E AndroidRuntime: 	at android.view.View.layout(View.java:24969)
10-05 15:34:15.725 15619 15619 E AndroidRuntime: 	at android.view.ViewGroup.layout(ViewGroup.java:6784)
10-05 15:34:15.725 15619 15619 E AndroidRuntime: 	at android.widget.LinearLayout.setChildFrame(LinearLayout.java:1829)
10-05 15:34:15.725 15619 15619 E AndroidRuntime: 	at android.widget.LinearLayout.layoutVertical(LinearLayout.java:1673)
10-05 15:34:15.725 15619 15619 E AndroidRuntime: 	at android.widget.LinearLayout.onLayout(LinearLayout.java:1582)
10-05 15:34:15.725 15619 15619 E AndroidRuntime: 	at android.view.View.layout(View.java:24969)
10-05 15:34:15.725 15619 15619 E AndroidRuntime: 	at android.view.ViewGroup.layout(ViewGroup.java:6784)
10-05 15:34:15.725 15619 15619 E AndroidRuntime: 	at android.widget.FrameLayout.layoutChildren(FrameLayout.java:332)
10-05 15:34:15.725 15619 15619 E AndroidRuntime: 	at android.widget.FrameLayout.onLayout(FrameLayout.java:270)
10-05 15:34:15.725 15619 15619 E AndroidRuntime: 	at com.android.internal.policy.DecorView.onLayout(DecorView.java:1431)
10-05 15:34:15.725 15619 15619 E AndroidRuntime: 	at android.view.View.layout(View.java:24969)
10-05 15:34:15.725 15619 15619 E AndroidRuntime: 	at android.view.ViewGroup.layout(ViewGroup.java:6784)
10-05 15:34:15.725 15619 15619 E AndroidRuntime: 	at android.view.ViewRootImpl.performLayout(ViewRootImpl.java:4917)
10-05 15:34:15.726   865   865 I SurfaceFlinger: [84bb7dd com.videoplayer/com.videoplayer.MainActivity#1387] FrameRatePriority: 1
10-05 15:34:15.726   865   865 D SurfaceFlinger: [input] inputWindowCommands.focusRequests size is 1
10-05 15:34:15.726 15619 15619 E AndroidRuntime: 	at android.view.ViewRootImpl.performTraversals(ViewRootImpl.java:4240)
10-05 15:34:15.726 15619 15619 E AndroidRuntime: 	at android.view.ViewRootImpl.doTraversal(ViewRootImpl.java:3116)
10-05 15:34:15.726 15619 15619 E AndroidRuntime: 	at android.view.ViewRootImpl$TraversalRunnable.run(ViewRootImpl.java:10885)
10-05 15:34:15.726 15619 15619 E AndroidRuntime: 	at android.view.Choreographer$CallbackRecord.run(Choreographer.java:1301)
10-05 15:34:15.726 15619 15619 E AndroidRuntime: 	at android.view.Choreographer$CallbackRecord.run(Choreographer.java:1309)
10-05 15:34:15.726 15619 15619 E AndroidRuntime: 	at android.view.Choreographer.doCallbacks(Choreographer.java:923)
10-05 15:34:15.726 15619 15619 E AndroidRuntime: 	at android.view.Choreographer.doFrame(Choreographer.java:852)
10-05 15:34:15.726 15619 15619 E AndroidRuntime: 	at android.view.Choreographer$FrameDisplayEventReceiver.run(Choreographer.java:1283)
10-05 15:34:15.726 15619 15619 E AndroidRuntime: 	at android.os.Handler.handleCallback(Handler.java:942)
10-05 15:34:15.726 15619 15619 E AndroidRuntime: 	at android.os.Handler.dispatchMessage(Handler.java:99)
10-05 15:34:15.726 15619 15619 E AndroidRuntime: 	at android.os.Looper.loopOnce(Looper.java:226)
10-05 15:34:15.726 15619 15619 E AndroidRuntime: 	at android.os.Looper.loop(Looper.java:313)
10-05 15:34:15.726 15619 15619 E AndroidRuntime: 	at android.app.ActivityThread.main(ActivityThread.java:8762)
10-05 15:34:15.726 15619 15619 E AndroidRuntime: 	at java.lang.reflect.Method.invoke(Native Method)
10-05 15:34:15.726 15619 15619 E AndroidRuntime: 	at com.android.internal.os.RuntimeInit$MethodAndArgsCaller.run(RuntimeInit.java:604)
10-05 15:34:15.726 15619 15619 E AndroidRuntime: 	at com.android.internal.os.ZygoteInit.main(ZygoteInit.java:1067)
10-05 15:34:15.726 15619 15619 E AndroidRuntime: Caused by: java.lang.IllegalArgumentException: The style on this component requires your app theme to be Theme.MaterialComponents (or a descendant).
10-05 15:34:15.726 15619 15619 E AndroidRuntime: 	at com.google.android.material.internal.ThemeEnforcement.checkTheme(ThemeEnforcement.java:247)
10-05 15:34:15.726 15619 15619 E AndroidRuntime: 	at com.google.android.material.internal.ThemeEnforcement.checkMaterialTheme(ThemeEnforcement.java:216)
10-05 15:34:15.726 15619 15619 E AndroidRuntime: 	at com.google.android.material.internal.ThemeEnforcement.checkCompatibleTheme(ThemeEnforcement.java:144)
10-05 15:34:15.726 15619 15619 E AndroidRuntime: 	at com.google.android.material.internal.ThemeEnforcement.obtainStyledAttributes(ThemeEnforcement.java:76)
10-05 15:34:15.726 15619 15619 E AndroidRuntime: 	at com.google.android.material.card.MaterialCardView.<init>(MaterialCardView.java:175)
10-05 15:34:15.726 15619 15619 E AndroidRuntime: 	at com.google.android.material.card.MaterialCardView.<init>(MaterialCardView.java:165)
10-05 15:34:15.726 15619 15619 E AndroidRuntime: 	... 65 more
10-05 15:34:15.727   865   865 I Layer   : Layer [Toast$_1763#1389] hidden!! flag(0)
10-05 15:34:15.727  1220  1307 I WindowManager: Reparenting to original parent: Surface(name=Leaf:15:15)/@0x4cd16a3, destroy=true, surface=Surface(name=WindowToken{e678e63 type=2000 android.os.BinderProxy@d9cea1d})/@0xce42ef3
10-05 15:34:15.727  1220  1307 I WindowManager: Reparenting to original parent: Surface(name=Leaf:18:23)/@0xd5f8615, destroy=true, surface=Surface(name=WindowToken{6beac92 type=2226 android.os.BinderProxy@f9dc21d})/@0xe69d3cc
10-05 15:34:15.728   865   988 D SurfaceFlinger: [input] setFocusedWindow: 84bb7dd com.videoplayer/com.videoplayer.MainActivity
10-05 15:34:15.728  1763  1763 D SamsungLightBarControlHelper: updateStatus(BLACK icon) NumStacks:1, StatusBarMode:MODE_TRANSPARENT, lightBarBounds:[Rect(78, 0 - 2400, 1080)], StatusBarState:SHADE, packageName:com.videoplayer, isWhiteKeyguardStatusBarBySettings:false
10-05 15:34:15.729  1220  2413 D InputDispatcher: Focus request (0): 84bb7dd com.videoplayer/com.videoplayer.MainActivity but waiting because NOT_VISIBLE
10-05 15:34:15.730  1763  1763 D InsetsController: onStateChanged: InsetsState: {mDisplayFrame=Rect(0, 0 - 2400, 1080), mDisplayCutout=DisplayCutout{insets=Rect(78, 0 - 0, 0) waterfall=Insets{left=0, top=0, right=0, bottom=0} boundingRect={Bounds=[Rect(0, 330 - 78, 390), Rect(0, 0 - 0, 0), Rect(0, 0 - 0, 0), Rect(0, 0 - 0, 0)]} cutoutPathParserInfo={CutoutPathParserInfo{displayWidth=1080 displayHeight=2400 physicalDisplayWidth=1440 physicalDisplayHeight=3200 density={3.0} cutoutSpec={M 0,0 H -10 V 26 H 10 V 0 H 0 Z @dp} rotation={1} scale={1.0} physicalPixelDisplaySizeRatio={1.0}}}}, mRoundedCorners=RoundedCorners{[RoundedCorner{position=TopLeft, radius=72, center=Point(72, 72)}, RoundedCorner{position=TopRight, radius=72, center=Point(2328, 72)}, RoundedCorner{position=BottomRight, radius=72, center=Point(2328, 1008)}, RoundedCorner{position=BottomLeft, radius=72, center=Point(72, 1008)}]}  mRoundedCornerFrame=Rect(0, 0 - 0, 0), mPrivacyIndicatorBounds=PrivacyIndicatorBounds {static bounds=Rect(2268, 0 - 2400, 72) rotation=1}, mSources= { InsetsSource: {mType=ITYPE_NAVIGATION_BAR, mFrame=[2256,0][2400,1080], mVisible=false, mInsetsRoundedCornerFrame=false}, InsetsSource: {mType=ITYPE_LEFT_GESTURES, mFrame=[0,0][78,1080], mVisible=true, mInsetsRoundedCornerFrame=false}, InsetsSource: {mType=ITYPE_RIGHT_GESTURES, mFrame=[2400,0][2400,1080], mVisible=true, mInsetsRoundedCornerFrame=false}, InsetsSource: {mType=ITYPE_TOP_MANDATORY_GESTURES, mFrame=[0,0][2400,72], mVisible=true, mInsetsRoundedCornerFrame=false}, InsetsSource: {mType=ITYPE_BOTTOM_MANDATORY_GESTURES, mFrame=[2256,0][2400,1080], mVisible=true, mInsetsRoundedCornerFrame=false}, InsetsSource: {mType=ITYPE_LEFT_DISPLAY_CUTOUT, mFrame=[0,0][78,1080], mVisible=true, mInsetsRoundedCornerFrame=false}, InsetsSource: {mType=ITYPE_TOP_DISPLAY_CUTOUT, mFrame=[0,0][2400,-100000], mVisible=true, mInsetsRoundedCornerFrame=false}, InsetsSource: {mType=ITYPE_RIGHT_DISPLAY_CUTOUT, mFrame=[100000,0][2400,1080], mVisible=true, mInsetsRoundedCornerFrame=false}, InsetsSource: {mType=ITYPE_BOTTOM_DISPLAY_CUTOUT, mFrame=[0,100000][2400,1080], mVisible=true, mInsetsRoundedCornerFrame=false}, InsetsSource: {mType=ITYPE_BOTTOM_TAPPABLE_ELEMENT, mFrame=[2256,0][2400,1080], mVisible=true, mInsetsRoundedCornerFrame=false} } host=Toast from=android.view.ViewRootImpl$ViewRootHandler.handleMessageImpl:6727
10-05 15:34:15.730  1763  1763 I ViewRootImpl@e397aca[Toast]: handleResized, msg = 5 frames=ClientWindowFrames{frame=[831,756][1503,888] display=[78,0][2256,1080] parentFrame=[0,0][0,0] parentClippedByDisplayCutout=false} forceNextWindowRelayout=false displayId=0 resizeMode=-1 frameChanged=false displayFrameChanged=false configChanged=false displayChanged=false
10-05 15:34:15.730  1763  1763 I ViewRootImpl@e397aca[Toast]: handleResized mSyncSeqId = 0
10-05 15:34:15.730  1763  1763 I ViewRootImpl@e397aca[Toast]: reportNextDraw android.view.ViewRootImpl.handleResized:2450 android.view.ViewRootImpl.-$$Nest$mhandleResized:0 android.view.ViewRootImpl$ViewRootHandler.handleMessageImpl:6728 android.view.ViewRootImpl$ViewRootHandler.handleMessage:6697 android.os.Handler.dispatchMessage:106 
10-05 15:34:15.731  1763  1763 D NavigationBar: onSystemBarAttributesChanged() -  displayId:0, appearance:0, packageName: com.videoplayer, navbarColorManagedByIme:false
10-05 15:34:15.731  1763  1763 D SamsungLightBarControlHelper: updateNavigation(White button) isLightBar:false, hasLightBarNavigationBarFlag:false, packageName:com.videoplayer, DirectReplying:false, NavBarColorManagerdByIme:false, ForceDarkForScrim:false, QsCustomizing:false, PanelHasWhiteBg:false
10-05 15:34:15.731  1220  1913 D Debug   : low && ship && 3rdparty app crash, do not dump
10-05 15:34:15.731  1220 15674 I DropBoxManagerService: add tag=data_app_crash isTagEnabled=true flags=0x2
10-05 15:34:15.732  1220  1913 W ContextImpl: Calling a method in the system process without a qualified user: android.app.ContextImpl.sendBroadcast:1252 com.android.server.am.AppErrors.crashApplicationInner:722 com.android.server.am.AppErrors.crashApplication:598 com.android.server.am.ActivityManagerService.handleApplicationCrashInner:10509 com.android.server.am.ActivityManagerService.handleApplicationCrash:10378 
10-05 15:34:15.732  1220  1913 W ActivityManager: crash : com.videoplayer,10608
10-05 15:34:15.732  1220 15674 W DropBoxManagerService: Dropping: data_app_crash (5964 > 0 bytes)
10-05 15:34:15.732  1220  1913 W ActivityTaskManager:   Force finishing activity com.videoplayer/.MainActivity
10-05 15:34:15.733  1220  1913 W WindowManager: Prepare app transition: mNextAppTransitionRequests=[TRANSIT_CLOSE], mNextAppTransitionFlags=TRANSIT_FLAG_KEYGUARD_GOING_AWAY_TO_LAUNCHER_WITH_IN_WINDOW_ANIMATIONS | TRANSIT_FLAG_APP_CRASHED, displayId: 0 Callers=com.android.server.wm.DisplayContent.prepareAppTransition:6493 com.android.server.wm.DisplayContent.requestTransitionAndLegacyPrepare:6509 com.android.server.wm.Task.finishTopCrashedActivityLocked:6797 com.android.server.wm.RootWindowContainer.lambda$finishTopCrashedActivities$19:2688 com.android.server.wm.RootWindowContainer.$r8$lambda$4nB35TzseTo6qyVD9NxDieoJN1Y:0 
10-05 15:34:15.734  1220  1913 D ActivityTaskManager: scheduleTopResumedActivityChanged, onTop=false r=ActivityRecord{f582e83 u0 com.videoplayer/.MainActivity} t17387 f}} caller=com.android.server.wm.ActivityTaskSupervisor.updateTopResumedActivityIfNeeded:2510 com.android.server.wm.TaskDisplayArea.positionChildTaskAt:602 com.android.server.wm.TaskDisplayArea.positionChildAt:537 com.android.server.wm.WindowContainer.positionChildAt:970 com.android.server.wm.Task.positionChildAt:3354 com.android.server.wm.Task.moveToFrontInner:6053 
10-05 15:34:15.734  1220  1913 D InputDispatcher: Focused application(0): ActivityRecord{8937824 u0 com.sec.android.app.launcher/.activities.LauncherActivity} t17353}
10-05 15:34:15.735  1220  1913 V WindowManager: Changing focus from Window{84bb7dd u0 com.videoplayer/com.videoplayer.MainActivity} to null displayId=0 Callers=com.android.server.wm.RootWindowContainer.updateFocusedWindowLocked:595 com.android.server.wm.WindowManagerService.updateFocusedWindowLocked:6810 com.android.server.wm.ActivityTaskManagerService.setResumedActivityUncheckLocked:5766 com.android.server.wm.ActivityRecord.moveFocusableActivityToTop:3874 
10-05 15:34:15.735  1220  1913 D StatusBarManagerService: notifyRequestedSystemKey recent=false home=false
10-05 15:34:15.735  1220  1913 D SGM:FgCheckThread: TaskStackListener.onTaskFocusChanged(), taskId=17387, focused=false
10-05 15:34:15.735  1220  1913 D SGM:FgCheckThread: TaskStackListener.onTaskFocusChanged(), taskId=17353, focused=true
10-05 15:34:15.735  1220  1913 D SGM:FgCheckThread:   sendRunningComponentFocus(), pkgName: com.sec.android.app.launcher, userId: 0
10-05 15:34:15.735  1220  1551 D SGM:FgCheckThread: onLooperPrepared(), msg: MSG_TASK_FOCUSED, pkgName: com.sec.android.app.launcher, userId: 0
10-05 15:34:15.735  1220  1551 D SGM:FgCheckThread: handleTaskFocused().
10-05 15:34:15.736  1220  1551 D SGM:FgCheckThread: sendFocusOutConditionally() - mPrevNotiPkg: (unknown), userId: 0
10-05 15:34:15.736  1220  1551 D SGM:FgCheckThread:   handleTaskFocused(), pkgName: com.sec.android.app.launcher, userID:0 mResumedPkgMap does not containsKey.
10-05 15:34:15.736  1220  1597 D AS.MultiSoundManager: mForegroundUid = 10142
10-05 15:34:15.736  1220  1913 W WindowManager: Prepare app transition: mNextAppTransitionRequests=[TRANSIT_CLOSE, TRANSIT_CLOSE], mNextAppTransitionFlags=TRANSIT_FLAG_KEYGUARD_GOING_AWAY_TO_LAUNCHER_WITH_IN_WINDOW_ANIMATIONS | TRANSIT_FLAG_APP_CRASHED, displayId: 0 Callers=com.android.server.wm.DisplayContent.prepareAppTransition:6493 com.android.server.wm.DisplayContent.prepareAppTransition:6484 com.android.server.wm.ActivityRecord.finishIfPossible:4151 com.android.server.wm.ActivityRecord.finishIfPossible:3966 com.android.server.wm.Task.finishTopCrashedActivityLocked:6798 
10-05 15:34:15.736  1220  1913 D RestrictionPolicy: isScreenCaptureEnabled : ret=true userId=0
10-05 15:34:15.736  1220  1913 D RestrictionPolicy: isScreenCaptureEnabled : ret=true userId=0
10-05 15:34:15.737   783   871 D gralloc : [mali_gralloc_allocate] begin
10-05 15:34:15.737   783   871 D gralloc : buffer_descriptor: wh(2400 1080) usage_pc(0xb66 0xb06) hal_format(0x1) layer_count(1) sizes(0 0 0) strde(0) byte_stride(0) alloc_wh(0 0) internal_format(0x0) alloc_format(0x0) fd_count(1) plane_count(0)
10-05 15:34:15.737   783   871 D gralloc : [mali_gralloc_allocate] allocation successful
10-05 15:34:15.738   865   865 I Layer   : id=1394 Destroyed Screenshot Parent#1394
10-05 15:34:15.743   865   865 I Layer   : id=1384 removeFromCurrentState Surface(name=WindowToken{e678e63 type=2000 android.os.BinderProxy@d9cea1d})/@0xce42ef3 - animation-leash of token_transform#1384 (151)
10-05 15:34:15.743   865   865 I Layer   : id=1385 removeFromCurrentState Surface(name=WindowToken{6beac92 type=2226 android.os.BinderProxy@f9dc21d})/@0xe69d3cc - animation-leash of token_transform#1385 (151)
10-05 15:34:15.743   865   865 I SurfaceFlinger: id=1385 Removed Surface(name=WindowToken{6beac92 type=2226 android.os.BinderProxy@f9dc21d})/@0xe69d3cc - animation-leash of token_transform#1385 (151)
10-05 15:34:15.743   865   865 I SurfaceFlinger: id=1384 Removed Surface(name=WindowToken{e678e63 type=2000 android.os.BinderProxy@d9cea1d})/@0xce42ef3 - animation-leash of token_transform#1384 (151)
10-05 15:34:15.744   865   865 I Layer   : id=1384 Destroyed Surface(name=WindowToken{e678e63 type=2000 android.os.BinderProxy@d9cea1d})/@0xce42ef3 - animation-leash of token_transform#1384
10-05 15:34:15.744   865   865 I Layer   : id=1385 Destroyed Surface(name=WindowToken{6beac92 type=2226 android.os.BinderProxy@f9dc21d})/@0xe69d3cc - animation-leash of token_transform#1385
10-05 15:34:15.745  1763  1763 I ViewRootImpl@8e164d[NotificationShade]: performTraversals mFirst=false windowShouldResize=false viewVisibilityChanged=false mForceNextWindowRelayout=false params={(0,0)(fillxfill) gr=TOP CENTER_VERTICAL sim={adjust=resize} layoutInDisplayCutoutMode=always ty=NOTIFICATION_SHADE fmt=TRANSLUCENT
10-05 15:34:15.745  1763  1763 I ViewRootImpl@8e164d[NotificationShade]:   fl=81840048
10-05 15:34:15.745  1763  1763 I ViewRootImpl@8e164d[NotificationShade]:   pfl=1b000000
10-05 15:34:15.745  1763  1763 I ViewRootImpl@8e164d[NotificationShade]:   vsysui=2000
10-05 15:34:15.745  1763  1763 I ViewRootImpl@8e164d[NotificationShade]:   apr=LIGHT_STATUS_BARS
10-05 15:34:15.745  1763  1763 I ViewRootImpl@8e164d[NotificationShade]:   bhv=SHOW_TRANSIENT_BARS_BY_SWIPE
10-05 15:34:15.745  1763  1763 I ViewRootImpl@8e164d[NotificationShade]:  dimAmount=0.0 naviIconColor=0
10-05 15:34:15.745  1763  1763 I ViewRootImpl@8e164d[NotificationShade]:   sfl=40000}
10-05 15:34:15.748  1220  1313 W BroadcastQueue: Background execution not allowed: receiving Intent { act=android.intent.action.DROPBOX_ENTRY_ADDED flg=0x10 (has extras) } to com.google.android.gms/.stats.service.DropBoxEntryAddedReceiver
10-05 15:34:15.748  1220  1313 W BroadcastQueue: Background execution not allowed: receiving Intent { act=android.intent.action.DROPBOX_ENTRY_ADDED flg=0x10 (has extras) } to com.google.android.gms/.stats.service.DropBoxEntryAddedReceiver
10-05 15:34:15.748  1220  1914 V WindowManager: Relayout Window{9ce530 u0 NotificationShade}: viewVisibility=4 req=1080x2400 d0
10-05 15:34:15.748  4076  4076 W DMASA[D]: [a]Diagnostic is not agreed
10-05 15:34:15.750  2212  2212 I TopTaskTracker: onTaskMovedToFront : taskId = 17353
10-05 15:34:15.751  1220  1914 V WindowManager: Relayout hash=9ce530, pid=1763, syncId=-1: mAttrs={(0,0)(fillxfill) gr=TOP CENTER_VERTICAL sim={adjust=resize} layoutInDisplayCutoutMode=always ty=NOTIFICATION_SHADE fmt=TRANSLUCENT
10-05 15:34:15.751  1220  1914 V WindowManager:   fl=81840048
10-05 15:34:15.751  1220  1914 V WindowManager:   pfl=1b000000
10-05 15:34:15.751  1220  1914 V WindowManager:   vsysui=2000
10-05 15:34:15.751  1220  1914 V WindowManager:   apr=LIGHT_STATUS_BARS
10-05 15:34:15.751  1220  1914 V WindowManager:   bhv=SHOW_TRANSIENT_BARS_BY_SWIPE
10-05 15:34:15.751  1220  1914 V WindowManager:  dimAmount=0.0 naviIconColor=0
10-05 15:34:15.751  1220  1914 V WindowManager:   sfl=40000}
10-05 15:34:15.752  1763  1763 D InsetsController: onStateChanged: InsetsState: {mDisplayFrame=Rect(0, 0 - 2400, 1080), mDisplayCutout=DisplayCutout{insets=Rect(78, 0 - 0, 0) waterfall=Insets{left=0, top=0, right=0, bottom=0} boundingRect={Bounds=[Rect(0, 330 - 78, 390), Rect(0, 0 - 0, 0), Rect(0, 0 - 0, 0), Rect(0, 0 - 0, 0)]} cutoutPathParserInfo={CutoutPathParserInfo{displayWidth=1080 displayHeight=2400 physicalDisplayWidth=1440 physicalDisplayHeight=3200 density={3.0} cutoutSpec={M 0,0 H -10 V 26 H 10 V 0 H 0 Z @dp} rotation={1} scale={1.0} physicalPixelDisplaySizeRatio={1.0}}}}, mRoundedCorners=RoundedCorners{[RoundedCorner{position=TopLeft, radius=72, center=Point(72, 72)}, RoundedCorner{position=TopRight, radius=72, center=Point(2328, 72)}, RoundedCorner{position=BottomRight, radius=72, center=Point(2328, 1008)}, RoundedCorner{position=BottomLeft, radius=72, center=Point(72, 1008)}]}  mRoundedCornerFrame=Rect(0, 0 - 0, 0), mPrivacyIndicatorBounds=PrivacyIndicatorBounds {static bounds=Rect(2268, 0 - 2400, 72) rotation=1}, mSources= { InsetsSource: {mType=ITYPE_NAVIGATION_BAR, mFrame=[2256,0][2400,1080], mVisible=false, mInsetsRoundedCornerFrame=false}, InsetsSource: {mType=ITYPE_LEFT_GESTURES, mFrame=[0,0][78,1080], mVisible=true, mInsetsRoundedCornerFrame=false}, InsetsSource: {mType=ITYPE_RIGHT_GESTURES, mFrame=[2400,0][2400,1080], mVisible=true, mInsetsRoundedCornerFrame=false}, InsetsSource: {mType=ITYPE_TOP_MANDATORY_GESTURES, mFrame=[0,0][2400,72], mVisible=true, mInsetsRoundedCornerFrame=false}, InsetsSource: {mType=ITYPE_BOTTOM_MANDATORY_GESTURES, mFrame=[2256,0][2400,1080], mVisible=true, mInsetsRoundedCornerFrame=false}, InsetsSource: {mType=ITYPE_LEFT_DISPLAY_CUTOUT, mFrame=[0,0][78,1080], mVisible=true, mInsetsRoundedCornerFrame=false}, InsetsSource: {mType=ITYPE_TOP_DISPLAY_CUTOUT, mFrame=[0,0][2400,-100000], mVisible=true, mInsetsRoundedCornerFrame=false}, InsetsSource: {mType=ITYPE_RIGHT_DISPLAY_CUTOUT, mFrame=[100000,0][2400,1080], mVisible=true, mInsetsRoundedCornerFrame=false}, InsetsSource: {mType=ITYPE_BOTTOM_DISPLAY_CUTOUT, mFrame=[0,100000][2400,1080], mVisible=true, mInsetsRoundedCornerFrame=false}, InsetsSource: {mType=ITYPE_BOTTOM_TAPPABLE_ELEMENT, mFrame=[2256,0][2400,1080], mVisible=true, mInsetsRoundedCornerFrame=false} } host=NotificationShade from=android.view.ViewRootImpl.relayoutWindow:9802
10-05 15:34:15.753  1220  1319 W libprocessgroup: Failed to open /dev/blkio//cgroup.procs: No such file or directory
10-05 15:34:15.753 15619 15619 I Process : Sending signal. PID: 15619 SIG: 9
10-05 15:34:15.754  1220  1319 W libprocessgroup: Failed to open /dev/blkio//cgroup.procs: No such file or directory
10-05 15:34:15.754  1763  1763 I ViewRootImpl@8e164d[NotificationShade]: Relayout returned: old=(0,0,1080,2400) new=(0,0,2400,1080) req=(1080,2400)4 dur=8 res=0x0 s={false 0x0} ch=false seqId=1
10-05 15:34:15.754  1763  1763 D PanelCarrierLabelManager: updateNavBarHeight(144 >> 0) NavSettingsHelper(navGestureProtectionEnabled:false, navGestureHintEnabled:true, navHideKeyboardButtonEnabled:true)
10-05 15:34:15.754  1220  1319 W libprocessgroup: Failed to open /dev/blkio//cgroup.procs: No such file or directory
10-05 15:34:15.756  1763  1763 D CSTMPagedTileLayout: updateResources
10-05 15:34:15.756  1763  1763 D CSTMPagedTileLayout: updateResources
10-05 15:34:15.759  1763  1763 D IndicatorBasicGardener: KeyguardStatusBarViewController is done to update (IndicatorGardenModel) lp:141, lc:1724, cc:27, rc:1799, rp:63, h:72, ctm:false, ctms:18
10-05 15:34:15.759   865   865 I SurfaceFlinger: [84bb7dd com.videoplayer/com.videoplayer.MainActivity#1387] FrameRatePriority: -1
10-05 15:34:15.759   865   865 D SurfaceFlinger: [input] inputWindowCommands.focusRequests size is 1
10-05 15:34:15.761   865   988 D SurfaceFlinger: [input] setFocusedWindow: <null>
10-05 15:34:15.762  1763  1763 D SystemUIWallpaper: updateDisplayInfo()
10-05 15:34:15.762  1763  1763 D KeyguardImageWallpaper: onLayout:  
10-05 15:34:15.762  1763  1763 D KeyguardImageWallpaper: changed = [true], 
10-05 15:34:15.762  1763  1763 D KeyguardImageWallpaper: left = [0], 
10-05 15:34:15.762  1763  1763 D KeyguardImageWallpaper: top = [0], 
10-05 15:34:15.762  1763  1763 D KeyguardImageWallpaper: right = [2400], 
10-05 15:34:15.762  1763  1763 D KeyguardImageWallpaper: bottom = [1080]
10-05 15:34:15.762  1763  1763 D KeyguardImageWallpaper: onLayout: mLastRight = 1080, mLastBottom = 2400
10-05 15:34:15.762  1763  1763 D KeyguardImageWallpaper: onLayout: mNeedToRedraw = false
10-05 15:34:15.762  1763  1763 D WallpaperUtils: updateStatusBarHeight - dc = DisplayCutout{insets=Rect(78, 0 - 0, 0) waterfall=Insets{left=0, top=0, right=0, bottom=0} boundingRect={Bounds=[Rect(0, 330 - 78, 390), Rect(0, 0 - 0, 0), Rect(0, 0 - 0, 0), Rect(0, 0 - 0, 0)]} cutoutPathParserInfo={CutoutPathParserInfo{displayWidth=1080 displayHeight=2400 physicalDisplayWidth=1440 physicalDisplayHeight=3200 density={3.0} cutoutSpec={M 0,0 H -10 V 26 H 10 V 0 H 0 Z @dp} rotation={1} scale={1.0} physicalPixelDisplaySizeRatio={1.0}}}}
10-05 15:34:15.762  1763  1763 D WallpaperUtils: Height from dc = 0
10-05 15:34:15.762  1763  1763 D WallpaperUtils: Height from resource = 72
10-05 15:34:15.762  1763  1763 I WallpaperUtils: statusbar statusBarSize = 72, view height = 1080
10-05 15:34:15.762  1763  1763 D KeyguardImageWallpaper: onLayout: init() 2400, 1080 , needSmartCrop = false
10-05 15:34:15.762  1763  1763 I KeyguardImageWallpaper: checkPreCondition: getHeight()  = 1080
10-05 15:34:15.762  1763  1763 D WallpaperUtils: updateStatusBarHeight - dc = DisplayCutout{insets=Rect(78, 0 - 0, 0) waterfall=Insets{left=0, top=0, right=0, bottom=0} boundingRect={Bounds=[Rect(0, 330 - 78, 390), Rect(0, 0 - 0, 0), Rect(0, 0 - 0, 0), Rect(0, 0 - 0, 0)]} cutoutPathParserInfo={CutoutPathParserInfo{displayWidth=1080 displayHeight=2400 physicalDisplayWidth=1440 physicalDisplayHeight=3200 density={3.0} cutoutSpec={M 0,0 H -10 V 26 H 10 V 0 H 0 Z @dp} rotation={1} scale={1.0} physicalPixelDisplaySizeRatio={1.0}}}}
10-05 15:34:15.762  1763  1763 D WallpaperUtils: Height from dc = 0
10-05 15:34:15.762  1763  1763 D WallpaperUtils: Height from resource = 72
10-05 15:34:15.762  1763  1763 I WallpaperUtils: statusbar statusBarSize = 72, view height = 1080
10-05 15:34:15.763   865   865 D SurfaceFlinger: Display 4633128672291735937 HWC layers:
10-05 15:34:15.763   865   865 D SurfaceFlinger:  SOLID_COLOR |              | 0000 |  Unknown  |    0.0    0.0    0.0    0.0 |    0    0 1080   78 | Letterbox - left#1377
10-05 15:34:15.763   865   865 D SurfaceFlinger:      DEVICE | 0x75706a07f0 | 0100 | RGBA_8888    |    0.0    0.0 1080.0 2322.0 |    0   78 1080 2400 | Splash Screen com.videoplayer$_1763#1376
10-05 15:34:15.763   865   865 D SurfaceFlinger:      DEVICE | 0x7570695f30 | 0100 | RGBA_8888    |    0.0    0.0   72.0 2400.0 | 1008    0 1080 2400 | StatusBar$_1763#85
10-05 15:34:15.763   865   865 D SurfaceFlinger:      DEVICE | 0x757065da10 | 0100 | RGBA_8888    |    0.0    0.0  132.0  672.0 |  192  831  324 1503 | Toast$_1763#1389
10-05 15:34:15.763   865   865 D SurfaceFlinger:      DEVICE | 0x75706a2ad0 | 0100 | RGBA_8888    |    0.0    0.0 1080.0  144.0 |    0 2256 1080 2400 | NavigationBar0$_1763#80
10-05 15:34:15.763   865   865 D SurfaceFlinger: 
10-05 15:34:15.766 19404 19493 D BtGatt.GattService: onScanResult to scannerId: 7- eventType=0x10, addressType=1, address=2D9E1D_2, primaryPhy=1, secondaryPhy=0, advertisingSid=0xff, txPower=127, rssi=-85, periodicAdvInt=0x0
10-05 15:34:15.767  1763  2404 D SystemUIWallpaper: mUpdateCallable, start
10-05 15:34:15.767  1763  2404 D SystemUIWallpaper: mUpdateCallable, deviceRotation=1mMetricsWidth=2400 mMetricsHeight=1080
10-05 15:34:15.767  1763  2404 D SystemUIWallpaper: mUpdateCallable, end, 2400, 1080
10-05 15:34:15.768  1763  1763 D KeyguardImageWallpaper: init: mBitmapWidth = 1215
10-05 15:34:15.768  1763  1763 D KeyguardImageWallpaper: init: mBitmapHeight = 2400
10-05 15:34:15.768  1763  1763 D KeyguardImageWallpaper: init: mViewWidth = 2400
10-05 15:34:15.768  1763  1763 D KeyguardImageWallpaper: init: mViewHeight = 1080
10-05 15:34:15.768  1763  1763 D KeyguardImageWallpaper: init: scale = 1.9753087
10-05 15:34:15.768  1763  1763 D KeyguardImageWallpaper: init: dx = 0.0
10-05 15:34:15.768  1763  1763 D KeyguardImageWallpaper: init: dy = -1830.3704
10-05 15:34:15.768  1763  1763 D KeyguardWallpaperController: onLayoutChange() v: com.android.systemui.statusbar.BackDropView{d20e94e I.E...... ......ID 0,0-2400,1080 #7f0b0101 app:id/backdrop}, bottom : 1080, oldBottom : 2400
10-05 15:34:15.769  1763  1763 D ScrollView:  onsize change changed 
10-05 15:34:15.769  1763  1763 V QsExpandAnimator: setQsExpansionPosition 0.0
10-05 15:34:15.770  1763  1763 I FaceWidgetPositionAlgorithm: getMediaContainerHeight() height = 0 container Visibility = 8, isValid = false, mIsDozing = false, fraction = 1.0, source = 0, target = 0
10-05 15:34:15.771  1763  1763 I FaceWidgetPositionAlgorithm: getMediaContainerHeight() supplier = 0
10-05 15:34:15.771  1763  1763 V QsExpandAnimator: setQsExpansionPosition 0.0
10-05 15:34:15.773  1763  1763 I ViewRootImpl@e397aca[Toast]: Setup new sync id=1
10-05 15:34:15.774  1763  1763 I ViewRootImpl@e397aca[Toast]: Setting syncFrameCallback
10-05 15:34:15.774  1763  1763 I ViewRootImpl@e397aca[Toast]: registerCallbacksForSync syncBuffer=false
10-05 15:34:15.774  1763  1866 I ViewRootImpl@e397aca[Toast]: Received frameDrawingCallback syncResult=0 frameNum=2.
10-05 15:34:15.774  1763  1866 I ViewRootImpl@e397aca[Toast]: Setting up sync and frameCommitCallback
10-05 15:34:15.774   783   871 D gralloc : [mali_gralloc_allocate] begin
10-05 15:34:15.775   783   871 D gralloc : buffer_descriptor: wh(132 672) usage_pc(0x40000000000b00 0x40000000000b00) hal_format(0x1) layer_count(1) sizes(0 0 0) strde(0) byte_stride(0) alloc_wh(0 0) internal_format(0x0) alloc_format(0x0) fd_count(1) plane_count(0)
10-05 15:34:15.775   783   871 D gralloc : [mali_gralloc_allocate] allocation successful
10-05 15:34:15.779  1763  1837 I ViewRootImpl@e397aca[Toast]: Received frameCommittedCallback lastAttemptedDrawFrameNum=2 didProduceBuffer=true
10-05 15:34:15.779  1763  1763 I ViewRootImpl@e397aca[Toast]: onSyncComplete
10-05 15:34:15.779  1763  1763 I ViewRootImpl@e397aca[Toast]: setupSync seqId=0 mSyncId=1 fn=2 caller=android.view.ViewRootImpl$$ExternalSyntheticLambda11.accept:6 android.window.SurfaceSyncer.lambda$setupSync$1$android-window-SurfaceSyncer:128 android.window.SurfaceSyncer$$ExternalSyntheticLambda1.accept:8 android.window.SurfaceSyncer$SyncSet.checkIfSyncIsComplete:382 android.window.SurfaceSyncer$SyncSet.markSyncReady:359 android.window.SurfaceSyncer.markSyncReady:151 android.view.ViewRootImpl.performTraversals:4503 
10-05 15:34:15.780  1763  1763 I ViewRootImpl@e397aca[Toast]: reportDrawFinished seqId=0 mSyncId=-1 fn=2 mSurfaceChangedTransaction=0x7b9b093ab0
10-05 15:34:15.780  1763  1763 D KeyguardWallpaperController: mIsKeyguardShowing=false, mOccluded=false
10-05 15:34:15.780  1220  1913 D WindowManager: finishDrawingWindow: Window{4688e9e u0 Toast} mDrawState=HAS_DRAWN seqId=0
10-05 15:34:15.791   783   871 D gralloc : [mali_gralloc_allocate] begin
10-05 15:34:15.791  1763  1763 D KeyguardImageWallpaper: onBackDropLayoutChange: Rotation of lockscreen wallpaper is not allowed.
10-05 15:34:15.791   783   871 D gralloc : buffer_descriptor: wh(1080 144) usage_pc(0x40000000000b00 0x40000000000b00) hal_format(0x1) layer_count(1) sizes(0 0 0) strde(0) byte_stride(0) alloc_wh(0 0) internal_format(0x0) alloc_format(0x0) fd_count(1) plane_count(0)
10-05 15:34:15.791  1763  1763 V QsExpandAnimator: updateAnimators
10-05 15:34:15.791  1763  1763 V QsExpandAnimator: clearAnimationState 
10-05 15:34:15.791   783   871 D gralloc : [mali_gralloc_allocate] allocation successful
10-05 15:34:15.791  1763  1763 V QsExpandAnimator: updateViews
10-05 15:34:15.792  1763  1763 V QsExpandAnimator: updateTileAnimator
10-05 15:34:15.792  1763  1763 V QsExpandAnimator: updateHeaderAnimator
10-05 15:34:15.792  1763  1763 V QsExpandAnimator: updateBarAnimator
10-05 15:34:15.792  1763  1763 V QsExpandAnimator: setQsExpansionPosition 0.0
10-05 15:34:15.792  1763  1763 V QsExpandAnimator: onAnimationAtStart
10-05 15:34:15.794  1763  1763 I FaceWidgetPositionAlgorithm: getMediaContainerHeight() height = 0 container Visibility = 8, isValid = false, mIsDozing = false, fraction = 1.0, source = 0, target = 0
10-05 15:34:15.794  1763  1763 I FaceWidgetPositionAlgorithm: getMediaContainerHeight() supplier = 0
10-05 15:34:15.796   783   871 D gralloc : [mali_gralloc_allocate] begin
10-05 15:34:15.796   783   871 D gralloc : buffer_descriptor: wh(72 2400) usage_pc(0x40000000000b00 0x40000000000b00) hal_format(0x1) layer_count(1) sizes(0 0 0) strde(0) byte_stride(0) alloc_wh(0 0) internal_format(0x0) alloc_format(0x0) fd_count(1) plane_count(0)
10-05 15:34:15.796   783   871 D gralloc : [mali_gralloc_allocate] allocation successful
10-05 15:34:15.800  4104  4104 I SDHMS:BarTender:Gatherer:AppError: update AppError : uid=10608, pkg=com.videoplayer, errorType=crash
10-05 15:34:15.804  4104  4104 I SDHMS:BarTender:Analyzer:AppError: analyze app error : uid=10608, pkg=com.videoplayer, appErrorCount=3
10-05 15:34:15.813   783   871 D gralloc : [mali_gralloc_allocate] begin
10-05 15:34:15.813   783   871 D gralloc : buffer_descriptor: wh(1080 144) usage_pc(0x40000000000b00 0x40000000000b00) hal_format(0x1) layer_count(1) sizes(0 0 0) strde(0) byte_stride(0) alloc_wh(0 0) internal_format(0x0) alloc_format(0x0) fd_count(1) plane_count(0)
10-05 15:34:15.813   783   871 D gralloc : [mali_gralloc_allocate] allocation successful
10-05 15:34:15.820  1220  1913 I ActivityManager: Process com.videoplayer (pid 15619) has died: fg  TOP (609,2438)
10-05 15:34:15.820  1220  2309 D InputMethodManagerService: removeClient
10-05 15:34:15.820 15527 15527 I adbd    : Remote process closed the socket (on MSG_PEEK)
10-05 15:34:15.821   849  8363 I AudioFlinger: removeDlbCodecCallback pid:15619 type:-1
10-05 15:34:15.821  2973  2973 D BoundBrokerSvc: onBind: Intent { act=com.google.android.gms.semanticlocationhistory.service.START dat=chimera-action:/... cmp=com.google.android.gms/.chimera.GmsApiService }
10-05 15:34:15.821  2973  2973 D BoundBrokerSvc: Loading bound service for intent: Intent { act=com.google.android.gms.semanticlocationhistory.service.START dat=chimera-action:/... cmp=com.google.android.gms/.chimera.GmsApiService }
10-05 15:34:15.821  1220  1315 I libprocessgroup: Successfully killed process cgroup uid 10608 pid 15619 in 0ms
10-05 15:34:15.822  1220  4082 I WindowManager: WIN DEATH: Window{84bb7dd u0 com.videoplayer/com.videoplayer.MainActivity}
10-05 15:34:15.822   767   767 I Zygote  : Process 15619 exited due to signal 9 (Killed)
10-05 15:34:15.823  1220  4082 D InputTransport: Input channel destroyed: '84bb7dd', fd=999
10-05 15:34:15.823  1220  4082 W InputManager-JNI: Input channel object '84bb7dd com.videoplayer/com.videoplayer.MainActivity (client)' was disposed without first being removed with the input manager!
10-05 15:34:15.823  1220  4082 D InputTransport: Input channel destroyed: '84bb7dd', fd=1004
10-05 15:34:15.823  1220  4082 V WindowManager: Remove Window{84bb7dd u0 com.videoplayer/com.videoplayer.MainActivity}: mSurfaceController=Surface(name=com.videoplayer/com.videoplayer.MainActivity$_15619)/@0xa0844d6 mAnimatingExit=false mRemoveOnExit=false mHasSurface=true surfaceShowing=false animating=true app-animation=true mWillReplaceWindow=false mDisplayFrozen=false callers=com.android.server.wm.WindowState.-$$Nest$mremoveIfPossible:0 com.android.server.wm.WindowState$DeathRecipient.binderDied:3808 android.os.IBinder$DeathRecipient.binderDied:323 android.os.BinderProxy.sendDeathNotice:781 <bottom of call stack> <bottom of call stack> 
10-05 15:34:15.824  1220  4082 I WindowManager: Destroying surface Surface(name=com.videoplayer/com.videoplayer.MainActivity$_15619)/@0xa0844d6 called by com.android.server.wm.WindowStateAnimator.destroySurface:942 com.android.server.wm.WindowStateAnimator.destroySurfaceLocked:536 com.android.server.wm.WindowState.removeImmediately:2969 com.android.server.wm.WindowState.removeIfPossible:3228 com.android.server.wm.WindowState.-$$Nest$mremoveIfPossible:0 com.android.server.wm.WindowState$DeathRecipient.binderDied:3808 android.os.IBinder$DeathRecipient.binderDied:323 android.os.BinderProxy.sendDeathNotice:781 
10-05 15:34:15.824  1220  4082 D RestrictionPolicy: isScreenCaptureEnabled : ret=true userId=0
10-05 15:34:15.825  1220  4082 V WindowManager: Last window, removing starting window Window{84bb7dd u0 com.videoplayer/com.videoplayer.MainActivity}
10-05 15:34:15.825  1220  4082 V WindowManager: Schedule remove starting ActivityRecord{f582e83 u0 com.videoplayer/.MainActivity} t17387 f}} startingWindow=null startingView=null Callers=com.android.server.wm.ActivityRecord.removeStartingWindow:3233 com.android.server.wm.ActivityRecord.postWindowRemoveStartingWindowCleanup:8208 com.android.server.wm.WindowManagerService.postWindowRemoveCleanupLocked:2336 com.android.server.wm.WindowState.removeImmediately:3035 com.android.server.wm.WindowState.removeIfPossible:3228 
10-05 15:34:15.825  1220  1307 V WindowManager: Removing startingView=com.android.server.wm.StartingSurfaceController$StartingSurface@425842c
10-05 15:34:15.831  1220  1913 D InputTransport: Input channel destroyed: 'Letterb', fd=909
10-05 15:34:15.831  1220  1913 W InputManager-JNI: Input channel object 'Letterbox_left_ActivityRecord{f582e83 u0 com.videoplayer/.MainActivity} t17387} (client)' was disposed without first being removed with the input manager!
10-05 15:34:15.831  1220  1913 D InputTransport: Input channel destroyed: 'Letterb', fd=912
10-05 15:34:15.831  1220  1913 D InputTransport: Input channel destroyed: 'Letterb', fd=845
10-05 15:34:15.832  1220  1913 W InputManager-JNI: Input channel object 'Letterbox_top_ActivityRecord{f582e83 u0 com.videoplayer/.MainActivity} t17387} (client)' was disposed without first being removed with the input manager!
10-05 15:34:15.832  1220  1913 D InputTransport: Input channel destroyed: 'Letterb', fd=921
10-05 15:34:15.832  1220  1913 D InputTransport: Input channel destroyed: 'Letterb', fd=947
10-05 15:34:15.832  1220  1913 W InputManager-JNI: Input channel object 'Letterbox_right_ActivityRecord{f582e83 u0 com.videoplayer/.MainActivity} t17387} (client)' was disposed without first being removed with the input manager!
10-05 15:34:15.832  1220  1913 D InputTransport: Input channel destroyed: 'Letterb', fd=960
10-05 15:34:15.832  1220  1913 D InputTransport: Input channel destroyed: 'Letterb', fd=985
10-05 15:34:15.832  1220  1913 W InputManager-JNI: Input channel object 'Letterbox_bottom_ActivityRecord{f582e83 u0 com.videoplayer/.MainActivity} t17387} (client)' was disposed without first being removed with the input manager!
10-05 15:34:15.832  1220  1913 D InputTransport: Input channel destroyed: 'Letterb', fd=990
10-05 15:34:15.832  1220  1913 V MARsPolicyManager: Current Home Package com.sec.android.app.launcher Resumed
10-05 15:34:15.832  1220  1913 D MARsPolicyManager: onPackageResumedFG pkgName = com.sec.android.app.launcher, userId = 0
10-05 15:34:15.832  1220  1913 I SemDvfsHyPerManager: acquire hyper - AMS_APP_HOME/1220@35, type = -999
10-05 15:34:15.832   797   901 I HYPER-HAL: [RequestManager.cpp]acquire(): Acquired ID : 788175  [1220 / 35]    HINT : AMS_APP_HOME    list : 
10-05 15:34:15.833   797   901 I HYPER-HAL: [ResourceManager.cpp]updateResource(): [CPUMinFreq] UpdateResource Request ID : 788175    Value : 2623359
10-05 15:34:15.833  4104  4104 I SemDvfsHyPerManager: acquire hyper - APP_START_HOME/4104@13, type = -999
10-05 15:34:15.833  1220  1913 D ActivityManagerPerformance: AMP_acquire() HOME
10-05 15:34:15.833   797   901 I HYPER-HAL: [RequestManager.cpp]acquire(): Acquired ID : 8476916  [4104 / 13]    HINT : APP_START    list : [KERNEL_APP_START_NOTIFY / 0] [TIMEOUT / 1500] 
10-05 15:34:15.834   797   901 I HYPER-HAL: [ResourceManager.cpp]updateResource(): [CPUMaxFreq] UpdateResource Request ID : 8476916    Value : 2730000
10-05 15:34:15.834  1220  1913 W WindowManager: Prepare app transition: mNextAppTransitionRequests=[TRANSIT_CLOSE, TRANSIT_CLOSE, TRANSIT_OPEN], mNextAppTransitionFlags=TRANSIT_FLAG_KEYGUARD_GOING_AWAY_TO_LAUNCHER_WITH_IN_WINDOW_ANIMATIONS | TRANSIT_FLAG_APP_CRASHED, displayId: 0 Callers=com.android.server.wm.DisplayContent.prepareAppTransition:6493 com.android.server.wm.DisplayContent.prepareAppTransition:6484 com.android.server.wm.TaskFragment.resumeTopActivity:1583 com.android.server.wm.TaskFragment.resumeTopActivity:1307 com.android.server.wm.Task.resumeTopActivityInnerLocked:6451 
10-05 15:34:15.834  1220  1913 V WindowManager: Setting visibility of Window{db194f5 u0 com.samsung.android.app.spage}: true, caller=com.android.server.wm.WindowContainer.sendAppVisibilityToClients:1246 com.android.server.wm.WindowState.sendAppVisibilityToClients:4183 com.android.server.wm.WindowContainer.sendAppVisibilityToClients:1246 com.android.server.wm.WindowToken.setClientVisible:431 com.android.server.wm.ActivityRecord.setClientVisible:7691 
10-05 15:34:15.834  1220  1913 V WindowManager: Setting visibility of Window{a32e70a u0 com.sec.android.app.launcher/com.sec.android.app.launcher.activities.LauncherActivity}: true, caller=com.android.server.wm.WindowContainer.sendAppVisibilityToClients:1246 com.android.server.wm.WindowToken.setClientVisible:431 com.android.server.wm.ActivityRecord.setClientVisible:7691 com.android.server.wm.ActivityRecord.setVisibility:6091 com.android.server.wm.ActivityRecord.setVisibility:5984 
10-05 15:34:15.835  1220  1913 D WindowManagerServiceExt: notifyOccludeChangeNotice: reset caller=com.android.server.wm.WindowManagerServiceExt.updateOccludeTargetIfNeeded:1402 com.android.server.wm.DisplayContent.ensureActivitiesVisible:7532 com.android.server.wm.RootWindowContainer.ensureActivitiesVisible:2248 com.android.server.wm.RootWindowContainer.ensureVisibilityAndConfig:2126 com.android.server.wm.TaskFragment.resumeTopActivity:1652 
10-05 15:34:15.835  1220  1913 V WindowManager: rotationForOrientation(orient=SCREEN_ORIENTATION_NOSENSOR (5), last=ROTATION_90 (1)); user=ROTATION_0 (0) USER_ROTATION_LOCKED
10-05 15:34:15.835  1220  1913 D WindowManager: rotationForOrientation, orientationSource=ActivityRecord{8937824 u0 com.sec.android.app.launcher/.activities.LauncherActivity} t17353}
10-05 15:34:15.835  1220  1913 D ActivityTaskManager: applyFixedRotationTransform, r=ActivityRecord{8937824 u0 com.sec.android.app.launcher/.activities.LauncherActivity} t17353}, caller=com.android.server.wm.DisplayContent.startFixedRotationTransform:2296 com.android.server.wm.DisplayContent.setFixedRotationLaunchingApp:2228 com.android.server.wm.DisplayContent.handleTopActivityLaunchingInDifferentOrientation:2130 com.android.server.wm.DisplayContent.updateOrientation:1985 com.android.server.wm.DisplayContent.updateOrientation:1891 
10-05 15:34:15.836  2212  2212 I ViewRootImpl@6c41c19[LauncherActivity]: handleAppVisibility mAppVisible = false visible = true
10-05 15:34:15.836  1220  1913 D WindowManager: AsyncRotationController, added w=Window{4688e9e u0 Toast}
10-05 15:34:15.836  1220  1913 D WindowManager: AsyncRotationController, added w=Window{30bfa60 u0 StatusBar}
10-05 15:34:15.836  1220  1913 D WindowManager: fadeWindowToken, show=false, animationType=token_transform, topWindow=Window{30bfa60 u0 StatusBar}, token=WindowToken{e678e63 type=2000 android.os.BinderProxy@d9cea1d}, caller=com.android.server.wm.AsyncRotationController.fadeWindowToken:599 com.android.server.wm.AsyncRotationController.start:387 com.android.server.wm.DisplayContent.startAsyncRotation:2345 com.android.server.wm.DisplayContent.setFixedRotationLaunchingAppUnchecked:2178 com.android.server.wm.DisplayContent.setFixedRotationLaunchingApp:2230 
10-05 15:34:15.837  1220  1913 I WindowManager: Reparenting to leash, surface=Surface(name=WindowToken{e678e63 type=2000 android.os.BinderProxy@d9cea1d})/@0xce42ef3, leashParent=Surface(name=Leaf:15:15)/@0x4cd16a3
10-05 15:34:15.837  1763  1820 I ImageWallpaper[GLEngine]: onFixedRotationStarted displayId=0, newRotation=0, mRotation=1, {1.0 425mcc2mnc [en_US,iw_IL,ru_RU] ldltr sw360dp w726dp h336dp 480dpi nrml long land night finger -keyb/v/h -nav/h winConfig={ mBounds=Rect(0, 0 - 2400, 1080) mAppBounds=Rect(78, 0 - 2256, 1080) mMaxBounds=Rect(0, 0 - 2400, 1080) mDisplayRotation=ROTATION_90 mWindowingMode=fullscreen mDisplayWindowingMode=fullscreen mActivityType=undefined mAlwaysOnTop=undefined mRotation=ROTATION_90 mPopOver=undefined mStageConfig=undefined mFreeformTaskPinningState=undefined mFreeformStashState=undefined mDexTaskDockingState=undefined} s.275 fontWeightAdjustment=0 ff=0 bf=0 bts=0 desktop/d dm/n ?dc ?dcui themeSeq=0 nightDim=0}
10-05 15:34:15.837   865  2131 I SurfaceFlinger: id=1395 createSurf flag=24000, Surface(name=WindowToken{e678e63 type=2000 android.os.BinderProxy@d9cea1d})/@0xce42ef3 - animation-leash of token_transform#1395
10-05 15:34:15.837  1763  1820 D PipTaskOrganizer: onFixedRotationStarted: rot=0, PipTaskOrganizer{mState=0, mTaskInfo=null, mLeash=null, mWaitForFixedRotation=true, inSwipePipToHome=false, mOneShotAnimationType=0, mPictureInPictureParams=null}
10-05 15:34:15.837  1220  1913 D WindowManager: makeSurface duration=0 leash=Surface(name=Surface(name=WindowToken{e678e63 type=2000 android.os.BinderProxy@d9cea1d})/@0xce42ef3 - animation-leash of token_transform)/@0x1952df3
10-05 15:34:15.837  1220  1913 D AsyncRotation_WindowManager: Start fade-out Window{30bfa60 u0 StatusBar}
10-05 15:34:15.837  1220  1913 D WindowManager: fadeWindowToken, show=false, animationType=token_transform, topWindow=Window{4688e9e u0 Toast}, token=WindowToken{cf14b08 type=2005 android.os.Binder@5298ab}, caller=com.android.server.wm.AsyncRotationController.fadeWindowToken:599 com.android.server.wm.AsyncRotationController.start:387 com.android.server.wm.DisplayContent.startAsyncRotation:2345 com.android.server.wm.DisplayContent.setFixedRotationLaunchingAppUnchecked:2178 com.android.server.wm.DisplayContent.setFixedRotationLaunchingApp:2230 
10-05 15:34:15.837  1220  1913 I WindowManager: Reparenting to leash, surface=Surface(name=WindowToken{cf14b08 type=2005 android.os.Binder@5298ab})/@0x339d376, leashParent=Surface(name=Leaf:18:23)/@0xd5f8615
10-05 15:34:15.838   865  2131 I SurfaceFlinger: id=1396 createSurf flag=24000, Surface(name=WindowToken{cf14b08 type=2005 android.os.Binder@5298ab})/@0x339d376 - animation-leash of token_transform#1396
10-05 15:34:15.838  1220  1913 D WindowManager: makeSurface duration=1 leash=Surface(name=Surface(name=WindowToken{cf14b08 type=2005 android.os.Binder@5298ab})/@0x339d376 - animation-leash of token_transform)/@0x1761d29
10-05 15:34:15.838  1220  1913 D AsyncRotation_WindowManager: Start fade-out Window{4688e9e u0 Toast}
10-05 15:34:15.838  1220  1913 D WindowManager: setFixedRotationLaunchingAppUnchecked, rotation=0, r=ActivityRecord{8937824 u0 com.sec.android.app.launcher/.activities.LauncherActivity} t17353}, caller=com.android.server.wm.DisplayContent.setFixedRotationLaunchingApp:2230 com.android.server.wm.DisplayContent.handleTopActivityLaunchingInDifferentOrientation:2130 com.android.server.wm.DisplayContent.updateOrientation:1985 com.android.server.wm.DisplayContent.updateOrientation:1891 com.android.server.wm.RootWindowContainer.ensureVisibilityAndConfig:2139 
10-05 15:34:15.838  1220  1913 V WindowManager: updateDisplayAndOrientation: Change 571.5x564.444dpi to 428.625x423.33298dpi, BaseDpi=571.5x564.444, DisplayRatio=0.75x0.75
10-05 15:34:15.838  1220  1913 D TspStateManager: updateCustomValue customSetting=
